13:41:34 **** Build of configuration Debug for project 04 ****
make -j4 all 
arm-none-eabi-gcc "../Drivers/STM32F4xx_HAL_Driver/Src/stm32f4xx_hal.c" -mcpu=cortex-m4 -std=gnu11 -g3 -DDEBUG -DUSE_HAL_DRIVER -DSTM32F429xx -c -I../Core/Inc -I../Drivers/STM32F4xx_HAL_Driver/Inc -I../Drivers/STM32F4xx_HAL_Driver/Inc/Legacy -I../Drivers/CMSIS/Device/ST/STM32F4xx/Include -I../Drivers/CMSIS/Include -O0 -ffunction-sections -fdata-sections -Wall -fstack-usage -fcyclomatic-complexity -MMD -MP -MF"Drivers/STM32F4xx_HAL_Driver/Src/stm32f4xx_hal.d" -MT"Drivers/STM32F4xx_HAL_Driver/Src/stm32f4xx_hal.o" --specs=nano.specs -mfpu=fpv4-sp-d16 -mfloat-abi=hard -mthumb -o "Drivers/STM32F4xx_HAL_Driver/Src/stm32f4xx_hal.o"
arm-none-eabi-gcc "../Drivers/STM32F4xx_HAL_Driver/Src/stm32f4xx_hal_cortex.c" -mcpu=cortex-m4 -std=gnu11 -g3 -DDEBUG -DUSE_HAL_DRIVER -DSTM32F429xx -c -I../Core/Inc -I../Drivers/STM32F4xx_HAL_Driver/Inc -I../Drivers/STM32F4xx_HAL_Driver/Inc/Legacy -I../Drivers/CMSIS/Device/ST/STM32F4xx/Include -I../Drivers/CMSIS/Include -O0 -ffunction-sections -fdata-sections -Wall -fstack-usage -fcyclomatic-complexity -MMD -MP -MF"Drivers/STM32F4xx_HAL_Driver/Src/stm32f4xx_hal_cortex.d" -MT"Drivers/STM32F4xx_HAL_Driver/Src/stm32f4xx_hal_cortex.o" --specs=nano.specs -mfpu=fpv4-sp-d16 -mfloat-abi=hard -mthumb -o "Drivers/STM32F4xx_HAL_Driver/Src/stm32f4xx_hal_cortex.o"
arm-none-eabi-gcc "../Drivers/STM32F4xx_HAL_Driver/Src/stm32f4xx_hal_dma.c" -mcpu=cortex-m4 -std=gnu11 -g3 -DDEBUG -DUSE_HAL_DRIVER -DSTM32F429xx -c -I../Core/Inc -I../Drivers/STM32F4xx_HAL_Driver/Inc -I../Drivers/STM32F4xx_HAL_Driver/Inc/Legacy -I../Drivers/CMSIS/Device/ST/STM32F4xx/Include -I../Drivers/CMSIS/Include -O0 -ffunction-sections -fdata-sections -Wall -fstack-usage -fcyclomatic-complexity -MMD -MP -MF"Drivers/STM32F4xx_HAL_Driver/Src/stm32f4xx_hal_dma.d" -MT"Drivers/STM32F4xx_HAL_Driver/Src/stm32f4xx_hal_dma.o" --specs=nano.specs -mfpu=fpv4-sp-d16 -mfloat-abi=hard -mthumb -o "Drivers/STM32F4xx_HAL_Driver/Src/stm32f4xx_hal_dma.o"
arm-none-eabi-gcc "../Drivers/STM32F4xx_HAL_Driver/Src/stm32f4xx_hal_dma_ex.c" -mcpu=cortex-m4 -std=gnu11 -g3 -DDEBUG -DUSE_HAL_DRIVER -DSTM32F429xx -c -I../Core/Inc -I../Drivers/STM32F4xx_HAL_Driver/Inc -I../Drivers/STM32F4xx_HAL_Driver/Inc/Legacy -I../Drivers/CMSIS/Device/ST/STM32F4xx/Include -I../Drivers/CMSIS/Include -O0 -ffunction-sections -fdata-sections -Wall -fstack-usage -fcyclomatic-complexity -MMD -MP -MF"Drivers/STM32F4xx_HAL_Driver/Src/stm32f4xx_hal_dma_ex.d" -MT"Drivers/STM32F4xx_HAL_Driver/Src/stm32f4xx_hal_dma_ex.o" --specs=nano.specs -mfpu=fpv4-sp-d16 -mfloat-abi=hard -mthumb -o "Drivers/STM32F4xx_HAL_Driver/Src/stm32f4xx_hal_dma_ex.o"
arm-none-eabi-gcc "../Drivers/STM32F4xx_HAL_Driver/Src/stm32f4xx_hal_exti.c" -mcpu=cortex-m4 -std=gnu11 -g3 -DDEBUG -DUSE_HAL_DRIVER -DSTM32F429xx -c -I../Core/Inc -I../Drivers/STM32F4xx_HAL_Driver/Inc -I../Drivers/STM32F4xx_HAL_Driver/Inc/Legacy -I../Drivers/CMSIS/Device/ST/STM32F4xx/Include -I../Drivers/CMSIS/Include -O0 -ffunction-sections -fdata-sections -Wall -fstack-usage -fcyclomatic-complexity -MMD -MP -MF"Drivers/STM32F4xx_HAL_Driver/Src/stm32f4xx_hal_exti.d" -MT"Drivers/STM32F4xx_HAL_Driver/Src/stm32f4xx_hal_exti.o" --specs=nano.specs -mfpu=fpv4-sp-d16 -mfloat-abi=hard -mthumb -o "Drivers/STM32F4xx_HAL_Driver/Src/stm32f4xx_hal_exti.o"
arm-none-eabi-gcc "../Drivers/STM32F4xx_HAL_Driver/Src/stm32f4xx_hal_flash.c" -mcpu=cortex-m4 -std=gnu11 -g3 -DDEBUG -DUSE_HAL_DRIVER -DSTM32F429xx -c -I../Core/Inc -I../Drivers/STM32F4xx_HAL_Driver/Inc -I../Drivers/STM32F4xx_HAL_Driver/Inc/Legacy -I../Drivers/CMSIS/Device/ST/STM32F4xx/Include -I../Drivers/CMSIS/Include -O0 -ffunction-sections -fdata-sections -Wall -fstack-usage -fcyclomatic-complexity -MMD -MP -MF"Drivers/STM32F4xx_HAL_Driver/Src/stm32f4xx_hal_flash.d" -MT"Drivers/STM32F4xx_HAL_Driver/Src/stm32f4xx_hal_flash.o" --specs=nano.specs -mfpu=fpv4-sp-d16 -mfloat-abi=hard -mthumb -o "Drivers/STM32F4xx_HAL_Driver/Src/stm32f4xx_hal_flash.o"
arm-none-eabi-gcc "../Drivers/STM32F4xx_HAL_Driver/Src/stm32f4xx_hal_flash_ex.c" -mcpu=cortex-m4 -std=gnu11 -g3 -DDEBUG -DUSE_HAL_DRIVER -DSTM32F429xx -c -I../Core/Inc -I../Drivers/STM32F4xx_HAL_Driver/Inc -I../Drivers/STM32F4xx_HAL_Driver/Inc/Legacy -I../Drivers/CMSIS/Device/ST/STM32F4xx/Include -I../Drivers/CMSIS/Include -O0 -ffunction-sections -fdata-sections -Wall -fstack-usage -fcyclomatic-complexity -MMD -MP -MF"Drivers/STM32F4xx_HAL_Driver/Src/stm32f4xx_hal_flash_ex.d" -MT"Drivers/STM32F4xx_HAL_Driver/Src/stm32f4xx_hal_flash_ex.o" --specs=nano.specs -mfpu=fpv4-sp-d16 -mfloat-abi=hard -mthumb -o "Drivers/STM32F4xx_HAL_Driver/Src/stm32f4xx_hal_flash_ex.o"
arm-none-eabi-gcc "../Drivers/STM32F4xx_HAL_Driver/Src/stm32f4xx_hal_flash_ramfunc.c" -mcpu=cortex-m4 -std=gnu11 -g3 -DDEBUG -DUSE_HAL_DRIVER -DSTM32F429xx -c -I../Core/Inc -I../Drivers/STM32F4xx_HAL_Driver/Inc -I../Drivers/STM32F4xx_HAL_Driver/Inc/Legacy -I../Drivers/CMSIS/Device/ST/STM32F4xx/Include -I../Drivers/CMSIS/Include -O0 -ffunction-sections -fdata-sections -Wall -fstack-usage -fcyclomatic-complexity -MMD -MP -MF"Drivers/STM32F4xx_HAL_Driver/Src/stm32f4xx_hal_flash_ramfunc.d" -MT"Drivers/STM32F4xx_HAL_Driver/Src/stm32f4xx_hal_flash_ramfunc.o" --specs=nano.specs -mfpu=fpv4-sp-d16 -mfloat-abi=hard -mthumb -o "Drivers/STM32F4xx_HAL_Driver/Src/stm32f4xx_hal_flash_ramfunc.o"
arm-none-eabi-gcc "../Drivers/STM32F4xx_HAL_Driver/Src/stm32f4xx_hal_gpio.c" -mcpu=cortex-m4 -std=gnu11 -g3 -DDEBUG -DUSE_HAL_DRIVER -DSTM32F429xx -c -I../Core/Inc -I../Drivers/STM32F4xx_HAL_Driver/Inc -I../Drivers/STM32F4xx_HAL_Driver/Inc/Legacy -I../Drivers/CMSIS/Device/ST/STM32F4xx/Include -I../Drivers/CMSIS/Include -O0 -ffunction-sections -fdata-sections -Wall -fstack-usage -fcyclomatic-complexity -MMD -MP -MF"Drivers/STM32F4xx_HAL_Driver/Src/stm32f4xx_hal_gpio.d" -MT"Drivers/STM32F4xx_HAL_Driver/Src/stm32f4xx_hal_gpio.o" --specs=nano.specs -mfpu=fpv4-sp-d16 -mfloat-abi=hard -mthumb -o "Drivers/STM32F4xx_HAL_Driver/Src/stm32f4xx_hal_gpio.o"
arm-none-eabi-gcc "../Drivers/STM32F4xx_HAL_Driver/Src/stm32f4xx_hal_pwr.c" -mcpu=cortex-m4 -std=gnu11 -g3 -DDEBUG -DUSE_HAL_DRIVER -DSTM32F429xx -c -I../Core/Inc -I../Drivers/STM32F4xx_HAL_Driver/Inc -I../Drivers/STM32F4xx_HAL_Driver/Inc/Legacy -I../Drivers/CMSIS/Device/ST/STM32F4xx/Include -I../Drivers/CMSIS/Include -O0 -ffunction-sections -fdata-sections -Wall -fstack-usage -fcyclomatic-complexity -MMD -MP -MF"Drivers/STM32F4xx_HAL_Driver/Src/stm32f4xx_hal_pwr.d" -MT"Drivers/STM32F4xx_HAL_Driver/Src/stm32f4xx_hal_pwr.o" --specs=nano.specs -mfpu=fpv4-sp-d16 -mfloat-abi=hard -mthumb -o "Drivers/STM32F4xx_HAL_Driver/Src/stm32f4xx_hal_pwr.o"
arm-none-eabi-gcc "../Drivers/STM32F4xx_HAL_Driver/Src/stm32f4xx_hal_pwr_ex.c" -mcpu=cortex-m4 -std=gnu11 -g3 -DDEBUG -DUSE_HAL_DRIVER -DSTM32F429xx -c -I../Core/Inc -I../Drivers/STM32F4xx_HAL_Driver/Inc -I../Drivers/STM32F4xx_HAL_Driver/Inc/Legacy -I../Drivers/CMSIS/Device/ST/STM32F4xx/Include -I../Drivers/CMSIS/Include -O0 -ffunction-sections -fdata-sections -Wall -fstack-usage -fcyclomatic-complexity -MMD -MP -MF"Drivers/STM32F4xx_HAL_Driver/Src/stm32f4xx_hal_pwr_ex.d" -MT"Drivers/STM32F4xx_HAL_Driver/Src/stm32f4xx_hal_pwr_ex.o" --specs=nano.specs -mfpu=fpv4-sp-d16 -mfloat-abi=hard -mthumb -o "Drivers/STM32F4xx_HAL_Driver/Src/stm32f4xx_hal_pwr_ex.o"
arm-none-eabi-gcc "../Drivers/STM32F4xx_HAL_Driver/Src/stm32f4xx_hal_rcc.c" -mcpu=cortex-m4 -std=gnu11 -g3 -DDEBUG -DUSE_HAL_DRIVER -DSTM32F429xx -c -I../Core/Inc -I../Drivers/STM32F4xx_HAL_Driver/Inc -I../Drivers/STM32F4xx_HAL_Driver/Inc/Legacy -I../Drivers/CMSIS/Device/ST/STM32F4xx/Include -I../Drivers/CMSIS/Include -O0 -ffunction-sections -fdata-sections -Wall -fstack-usage -fcyclomatic-complexity -MMD -MP -MF"Drivers/STM32F4xx_HAL_Driver/Src/stm32f4xx_hal_rcc.d" -MT"Drivers/STM32F4xx_HAL_Driver/Src/stm32f4xx_hal_rcc.o" --specs=nano.specs -mfpu=fpv4-sp-d16 -mfloat-abi=hard -mthumb -o "Drivers/STM32F4xx_HAL_Driver/Src/stm32f4xx_hal_rcc.o"
arm-none-eabi-gcc "../Drivers/STM32F4xx_HAL_Driver/Src/stm32f4xx_hal_rcc_ex.c" -mcpu=cortex-m4 -std=gnu11 -g3 -DDEBUG -DUSE_HAL_DRIVER -DSTM32F429xx -c -I../Core/Inc -I../Drivers/STM32F4xx_HAL_Driver/Inc -I../Drivers/STM32F4xx_HAL_Driver/Inc/Legacy -I../Drivers/CMSIS/Device/ST/STM32F4xx/Include -I../Drivers/CMSIS/Include -O0 -ffunction-sections -fdata-sections -Wall -fstack-usage -fcyclomatic-complexity -MMD -MP -MF"Drivers/STM32F4xx_HAL_Driver/Src/stm32f4xx_hal_rcc_ex.d" -MT"Drivers/STM32F4xx_HAL_Driver/Src/stm32f4xx_hal_rcc_ex.o" --specs=nano.specs -mfpu=fpv4-sp-d16 -mfloat-abi=hard -mthumb -o "Drivers/STM32F4xx_HAL_Driver/Src/stm32f4xx_hal_rcc_ex.o"
arm-none-eabi-gcc -mcpu=cortex-m4 -g3 -DDEBUG -c -x assembler-with-cpp -MMD -MP -MF"Core/Startup/startup_stm32f429xx.d" -MT"Core/Startup/startup_stm32f429xx.o" --specs=nano.specs -mfpu=fpv4-sp-d16 -mfloat-abi=hard -mthumb -o "Core/Startup/startup_stm32f429xx.o" "../Core/Startup/startup_stm32f429xx.s"
../Core/Startup/startup_stm32f429xx.s: Assembler messages:
../Core/Startup/startup_stm32f429xx.s:1: Error: junk at end of line, first unrecognized character is `*'
../Core/Startup/startup_stm32f429xx.s:2: Error: junk at end of line, first unrecognized character is `*'
../Core/Startup/startup_stm32f429xx.s:3: Error: junk at end of line, first unrecognized character is `*'
../Core/Startup/startup_stm32f429xx.s:4: Error: junk at end of line, first unrecognized character is `*'
../Core/Startup/startup_stm32f429xx.s:5: Error: junk at end of line, first unrecognized character is `*'
../Core/Startup/startup_stm32f429xx.s:6: Error: junk at end of line, first unrecognized character is `*'
../Core/Startup/startup_stm32f429xx.s:7: Error: junk at end of line, first unrecognized character is `*'
../Core/Startup/startup_stm32f429xx.s:8: Error: junk at end of line, first unrecognized character is `*'
../Core/Startup/startup_stm32f429xx.s:9: Error: junk at end of line, first unrecognized character is `*'
../Core/Startup/startup_stm32f429xx.s:10: Error: junk at end of line, first unrecognized character is `*'
../Core/Startup/startup_stm32f429xx.s:11: Error: junk at end of line, first unrecognized character is `*'
../Core/Startup/startup_stm32f429xx.s:12: Error: junk at end of line, first unrecognized character is `*'
../Core/Startup/startup_stm32f429xx.s:13: Error: junk at end of line, first unrecognized character is `*'
../Core/Startup/startup_stm32f429xx.s:14: Error: junk at end of line, first unrecognized character is `*'
../Core/Startup/startup_stm32f429xx.s:16: Error: junk at end of line, first unrecognized character is `*'
../Core/Startup/startup_stm32f429xx.s:17: Error: junk at end of line, first unrecognized character is `*'
../Core/Startup/startup_stm32f429xx.s:18: Error: junk at end of line, first unrecognized character is `*'
../Core/Startup/startup_stm32f429xx.s:19: Error: junk at end of line, first unrecognized character is `*'
../Core/Startup/startup_stm32f429xx.s:20: Error: junk at end of line, first unrecognized character is `*'
../Core/Startup/startup_stm32f429xx.s:21: Error: junk at end of line, first unrecognized character is `*'
../Core/Startup/startup_stm32f429xx.s:22: Error: junk at end of line, first unrecognized character is `*'
../Core/Startup/startup_stm32f429xx.s:23: Error: junk at end of line, first unrecognized character is `*'
../Core/Startup/startup_stm32f429xx.s:24: Error: junk at end of line, first unrecognized character is `*'
../Core/Startup/startup_stm32f429xx.s:25: Error: junk at end of line, first unrecognized character is `*'
../Core/Startup/startup_stm32f429xx.s:26: Error: junk at end of line, first unrecognized character is `*'
../Core/Startup/startup_stm32f429xx.s:27: Error: junk at end of line, first unrecognized character is `*'
../Core/Startup/startup_stm32f429xx.s:28: Error: junk at end of line, first unrecognized character is `*'
../Core/Startup/startup_stm32f429xx.s:29: Error: junk at end of line, first unrecognized character is `*'
../Core/Startup/startup_stm32f429xx.s:30: Error: junk at end of line, first unrecognized character is `*'
../Core/Startup/startup_stm32f429xx.s:31: Error: junk at end of line, first unrecognized character is `*'
../Core/Startup/startup_stm32f429xx.s:32: Error: junk at end of line, first unrecognized character is `*'
../Core/Startup/startup_stm32f429xx.s:33: Error: junk at end of line, first unrecognized character is `*'
../Core/Startup/startup_stm32f429xx.s:33: Error: bad instruction `loss OF USE,DATA,OR PROFITS'
../Core/Startup/startup_stm32f429xx.s:33: Error: bad instruction `or BUSINESS INTERRUPTION)HOWEVER'
../Core/Startup/startup_stm32f429xx.s:34: Error: junk at end of line, first unrecognized character is `*'
../Core/Startup/startup_stm32f429xx.s:35: Error: junk at end of line, first unrecognized character is `*'
../Core/Startup/startup_stm32f429xx.s:36: Error: junk at end of line, first unrecognized character is `*'
../Core/Startup/startup_stm32f429xx.s:38: Error: junk at end of line, first unrecognized character is `*'
../Core/Startup/startup_stm32f429xx.s:40: Error: bad instruction `amount of memory(in bytes)allocated for Stack'
../Core/Startup/startup_stm32f429xx.s:41: Error: bad instruction `tailor this value to your application needs'
../Core/Startup/startup_stm32f429xx.s:42: Error: junk at end of line, first unrecognized character is `<'
../Core/Startup/startup_stm32f429xx.s:43: Error: junk at end of line, first unrecognized character is `<'
../Core/Startup/startup_stm32f429xx.s:44: Error: junk at end of line, first unrecognized character is `<'
../Core/Startup/startup_stm32f429xx.s:46: Error: bad instruction `stack_size EQU 0x00000400'
../Core/Startup/startup_stm32f429xx.s:48: Error: bad instruction `area STACK,NOINIT,READWRITE,ALIGN=3'
../Core/Startup/startup_stm32f429xx.s:49: Error: bad instruction `stack_mem SPACE Stack_Size'
../Core/Startup/startup_stm32f429xx.s:50: Error: bad instruction `__initial_sp'
../Core/Startup/startup_stm32f429xx.s:53: Error: junk at end of line, first unrecognized character is `<'
../Core/Startup/startup_stm32f429xx.s:54: Error: junk at end of line, first unrecognized character is `<'
../Core/Startup/startup_stm32f429xx.s:55: Error: junk at end of line, first unrecognized character is `<'
../Core/Startup/startup_stm32f429xx.s:57: Error: bad instruction `heap_size EQU 0x00000200'
../Core/Startup/startup_stm32f429xx.s:59: Error: bad instruction `area HEAP,NOINIT,READWRITE,ALIGN=3'
../Core/Startup/startup_stm32f429xx.s:60: Error: bad instruction `__heap_base'
../Core/Startup/startup_stm32f429xx.s:61: Error: bad instruction `heap_mem SPACE Heap_Size'
../Core/Startup/startup_stm32f429xx.s:62: Error: bad instruction `__heap_limit'
../Core/Startup/startup_stm32f429xx.s:64: Error: bad instruction `preserve8'
../Core/Startup/startup_stm32f429xx.s:65: Error: bad instruction `thumb'
../Core/Startup/startup_stm32f429xx.s:68: Error: bad instruction `vector Table Mapped to Address 0 at Reset'
../Core/Startup/startup_stm32f429xx.s:69: Error: bad instruction `area RESET,DATA,READONLY'
../Core/Startup/startup_stm32f429xx.s:70: Error: bad instruction `export __Vectors'
../Core/Startup/startup_stm32f429xx.s:71: Error: bad instruction `export __Vectors_End'
../Core/Startup/startup_stm32f429xx.s:72: Error: bad instruction `export __Vectors_Size'
../Core/Startup/startup_stm32f429xx.s:74: Error: bad instruction `__vectors DCD __initial_sp'
../Core/Startup/startup_stm32f429xx.s:74: Error: bad instruction `top of Stack'
../Core/Startup/startup_stm32f429xx.s:75: Error: bad instruction `dcd Reset_Handler'
../Core/Startup/startup_stm32f429xx.s:75: Error: bad instruction `reset Handler'
../Core/Startup/startup_stm32f429xx.s:76: Error: bad instruction `dcd NMI_Handler'
../Core/Startup/startup_stm32f429xx.s:76: Error: bad instruction `nmi Handler'
../Core/Startup/startup_stm32f429xx.s:77: Error: bad instruction `dcd HardFault_Handler'
../Core/Startup/startup_stm32f429xx.s:77: Error: bad instruction `hard Fault Handler'
../Core/Startup/startup_stm32f429xx.s:78: Error: bad instruction `dcd MemManage_Handler'
../Core/Startup/startup_stm32f429xx.s:78: Error: bad instruction `mpu Fault Handler'
../Core/Startup/startup_stm32f429xx.s:79: Error: bad instruction `dcd BusFault_Handler'
../Core/Startup/startup_stm32f429xx.s:79: Error: bad instruction `bus Fault Handler'
../Core/Startup/startup_stm32f429xx.s:80: Error: bad instruction `dcd UsageFault_Handler'
../Core/Startup/startup_stm32f429xx.s:80: Error: bad instruction `usage Fault Handler'
../Core/Startup/startup_stm32f429xx.s:81: Error: bad instruction `dcd 0'
../Core/Startup/startup_stm32f429xx.s:81: Error: bad instruction `reserved'
../Core/Startup/startup_stm32f429xx.s:82: Error: bad instruction `dcd 0'
../Core/Startup/startup_stm32f429xx.s:82: Error: bad instruction `reserved'
../Core/Startup/startup_stm32f429xx.s:83: Error: bad instruction `dcd 0'
../Core/Startup/startup_stm32f429xx.s:83: Error: bad instruction `reserved'
../Core/Startup/startup_stm32f429xx.s:84: Error: bad instruction `dcd 0'
../Core/Startup/startup_stm32f429xx.s:84: Error: bad instruction `reserved'
../Core/Startup/startup_stm32f429xx.s:85: Error: bad instruction `dcd SVC_Handler'
../Core/Startup/startup_stm32f429xx.s:85: Error: bad instruction `svcall Handler'
../Core/Startup/startup_stm32f429xx.s:86: Error: bad instruction `dcd DebugMon_Handler'
../Core/Startup/startup_stm32f429xx.s:86: Error: bad instruction `debug Monitor Handler'
../Core/Startup/startup_stm32f429xx.s:87: Error: bad instruction `dcd 0'
../Core/Startup/startup_stm32f429xx.s:87: Error: bad instruction `reserved'
../Core/Startup/startup_stm32f429xx.s:88: Error: bad instruction `dcd PendSV_Handler'
../Core/Startup/startup_stm32f429xx.s:88: Error: bad instruction `pendsv Handler'
../Core/Startup/startup_stm32f429xx.s:89: Error: bad instruction `dcd SysTick_Handler'
../Core/Startup/startup_stm32f429xx.s:89: Error: bad instruction `systick Handler'
../Core/Startup/startup_stm32f429xx.s:91: Error: bad instruction `external Interrupts'
../Core/Startup/startup_stm32f429xx.s:92: Error: bad instruction `dcd WWDG_IRQHandler'
../Core/Startup/startup_stm32f429xx.s:92: Error: bad instruction `window WatchDog'
../Core/Startup/startup_stm32f429xx.s:93: Error: bad instruction `dcd PVD_IRQHandler'
../Core/Startup/startup_stm32f429xx.s:93: Error: bad instruction `pvd through EXTI Line detection'
../Core/Startup/startup_stm32f429xx.s:94: Error: bad instruction `dcd TAMP_STAMP_IRQHandler'
../Core/Startup/startup_stm32f429xx.s:94: Error: bad instruction `tamper and TimeStamps through the EXTI line'
../Core/Startup/startup_stm32f429xx.s:95: Error: bad instruction `dcd RTC_WKUP_IRQHandler'
../Core/Startup/startup_stm32f429xx.s:95: Error: bad instruction `rtc Wakeup through the EXTI line'
../Core/Startup/startup_stm32f429xx.s:96: Error: bad instruction `dcd FLASH_IRQHandler'
../Core/Startup/startup_stm32f429xx.s:96: Error: bad instruction `flash'
../Core/Startup/startup_stm32f429xx.s:97: Error: bad instruction `dcd RCC_IRQHandler'
../Core/Startup/startup_stm32f429xx.s:97: Error: bad instruction `rcc'
../Core/Startup/startup_stm32f429xx.s:98: Error: bad instruction `dcd EXTI0_IRQHandler'
../Core/Startup/startup_stm32f429xx.s:98: Error: bad instruction `exti Line0'
../Core/Startup/startup_stm32f429xx.s:99: Error: bad instruction `dcd EXTI1_IRQHandler'
../Core/Startup/startup_stm32f429xx.s:99: Error: bad instruction `exti Line1'
../Core/Startup/startup_stm32f429xx.s:100: Error: bad instruction `dcd EXTI2_IRQHandler'
../Core/Startup/startup_stm32f429xx.s:100: Error: bad instruction `exti Line2'
../Core/Startup/startup_stm32f429xx.s:101: Error: bad instruction `dcd EXTI3_IRQHandler'
../Core/Startup/startup_stm32f429xx.s:101: Error: bad instruction `exti Line3'
../Core/Startup/startup_stm32f429xx.s:102: Error: bad instruction `dcd EXTI4_IRQHandler'
../Core/Startup/startup_stm32f429xx.s:102: Error: bad instruction `exti Line4'
../Core/Startup/startup_stm32f429xx.s:103: Error: bad instruction `dcd DMA1_Stream0_IRQHandler'
../Core/Startup/startup_stm32f429xx.s:103: Error: bad instruction `dma1 Stream 0'
../Core/Startup/startup_stm32f429xx.s:104: Error: bad instruction `dcd DMA1_Stream1_IRQHandler'
../Core/Startup/startup_stm32f429xx.s:104: Error: bad instruction `dma1 Stream 1'
../Core/Startup/startup_stm32f429xx.s:105: Error: bad instruction `dcd DMA1_Stream2_IRQHandler'
../Core/Startup/startup_stm32f429xx.s:105: Error: bad instruction `dma1 Stream 2'
../Core/Startup/startup_stm32f429xx.s:106: Error: bad instruction `dcd DMA1_Stream3_IRQHandler'
../Core/Startup/startup_stm32f429xx.s:106: Error: bad instruction `dma1 Stream 3'
../Core/Startup/startup_stm32f429xx.s:107: Error: bad instruction `dcd DMA1_Stream4_IRQHandler'
../Core/Startup/startup_stm32f429xx.s:107: Error: bad instruction `dma1 Stream 4'
../Core/Startup/startup_stm32f429xx.s:108: Error: bad instruction `dcd DMA1_Stream5_IRQHandler'
../Core/Startup/startup_stm32f429xx.s:108: Error: bad instruction `dma1 Stream 5'
../Core/Startup/startup_stm32f429xx.s:109: Error: bad instruction `dcd DMA1_Stream6_IRQHandler'
../Core/Startup/startup_stm32f429xx.s:109: Error: bad instruction `dma1 Stream 6'
../Core/Startup/startup_stm32f429xx.s:110: Error: bad instruction `dcd ADC_IRQHandler'
../Core/Startup/startup_stm32f429xx.s:110: Error: bad instruction `adc1, ADC2 and ADC3s'
../Core/Startup/startup_stm32f429xx.s:111: Error: bad instruction `dcd CAN1_TX_IRQHandler'
../Core/Startup/startup_stm32f429xx.s:111: Error: bad instruction `can1 TX'
../Core/Startup/startup_stm32f429xx.s:112: Error: bad instruction `dcd CAN1_RX0_IRQHandler'
../Core/Startup/startup_stm32f429xx.s:112: Error: bad instruction `can1 RX0'
../Core/Startup/startup_stm32f429xx.s:113: Error: bad instruction `dcd CAN1_RX1_IRQHandler'
../Core/Startup/startup_stm32f429xx.s:113: Error: bad instruction `can1 RX1'
../Core/Startup/startup_stm32f429xx.s:114: Error: bad instruction `dcd CAN1_SCE_IRQHandler'
../Core/Startup/startup_stm32f429xx.s:114: Error: bad instruction `can1 SCE'
../Core/Startup/startup_stm32f429xx.s:115: Error: bad instruction `dcd EXTI9_5_IRQHandler'
../Core/Startup/startup_stm32f429xx.s:115: Error: bad instruction `external Line[9:5]s'
../Core/Startup/startup_stm32f429xx.s:116: Error: bad instruction `dcd TIM1_BRK_TIM9_IRQHandler'
../Core/Startup/startup_stm32f429xx.s:116: Error: bad instruction `tim1 Break and TIM9'
../Core/Startup/startup_stm32f429xx.s:117: Error: bad instruction `dcd TIM1_UP_TIM10_IRQHandler'
../Core/Startup/startup_stm32f429xx.s:117: Error: bad instruction `tim1 Update and TIM10'
../Core/Startup/startup_stm32f429xx.s:118: Error: bad instruction `dcd TIM1_TRG_COM_TIM11_IRQHandler'
../Core/Startup/startup_stm32f429xx.s:118: Error: bad instruction `tim1 Trigger and Commutation and TIM11'
../Core/Startup/startup_stm32f429xx.s:119: Error: bad instruction `dcd TIM1_CC_IRQHandler'
../Core/Startup/startup_stm32f429xx.s:119: Error: bad instruction `tim1 Capture Compare'
../Core/Startup/startup_stm32f429xx.s:120: Error: bad instruction `dcd TIM2_IRQHandler'
../Core/Startup/startup_stm32f429xx.s:120: Error: bad instruction `tim2'
../Core/Startup/startup_stm32f429xx.s:121: Error: bad instruction `dcd TIM3_IRQHandler'
../Core/Startup/startup_stm32f429xx.s:121: Error: bad instruction `tim3'
../Core/Startup/startup_stm32f429xx.s:122: Error: bad instruction `dcd TIM4_IRQHandler'
../Core/Startup/startup_stm32f429xx.s:122: Error: bad instruction `tim4'
../Core/Startup/startup_stm32f429xx.s:123: Error: bad instruction `dcd I2C1_EV_IRQHandler'
../Core/Startup/startup_stm32f429xx.s:123: Error: bad instruction `i2c1 Event'
../Core/Startup/startup_stm32f429xx.s:124: Error: bad instruction `dcd I2C1_ER_IRQHandler'
../Core/Startup/startup_stm32f429xx.s:124: Error: bad instruction `i2c1 Error'
../Core/Startup/startup_stm32f429xx.s:125: Error: bad instruction `dcd I2C2_EV_IRQHandler'
../Core/Startup/startup_stm32f429xx.s:125: Error: bad instruction `i2c2 Event'
../Core/Startup/startup_stm32f429xx.s:126: Error: bad instruction `dcd I2C2_ER_IRQHandler'
../Core/Startup/startup_stm32f429xx.s:126: Error: bad instruction `i2c2 Error'
../Core/Startup/startup_stm32f429xx.s:127: Error: bad instruction `dcd SPI1_IRQHandler'
../Core/Startup/startup_stm32f429xx.s:127: Error: bad instruction `spi1'
../Core/Startup/startup_stm32f429xx.s:128: Error: bad instruction `dcd SPI2_IRQHandler'
../Core/Startup/startup_stm32f429xx.s:128: Error: bad instruction `spi2'
../Core/Startup/startup_stm32f429xx.s:129: Error: bad instruction `dcd USART1_IRQHandler'
../Core/Startup/startup_stm32f429xx.s:129: Error: bad instruction `usart1'
../Core/Startup/startup_stm32f429xx.s:130: Error: bad instruction `dcd USART2_IRQHandler'
../Core/Startup/startup_stm32f429xx.s:130: Error: bad instruction `usart2'
../Core/Startup/startup_stm32f429xx.s:131: Error: bad instruction `dcd USART3_IRQHandler'
../Core/Startup/startup_stm32f429xx.s:131: Error: bad instruction `usart3'
../Core/Startup/startup_stm32f429xx.s:132: Error: bad instruction `dcd EXTI15_10_IRQHandler'
../Core/Startup/startup_stm32f429xx.s:132: Error: bad instruction `external Line[15:10]s'
../Core/Startup/startup_stm32f429xx.s:133: Error: bad instruction `dcd RTC_Alarm_IRQHandler'
../Core/Startup/startup_stm32f429xx.s:133: Error: bad instruction `rtc Alarm(A and B)through EXTI Line'
../Core/Startup/startup_stm32f429xx.s:134: Error: bad instruction `dcd OTG_FS_WKUP_IRQHandler'
../Core/Startup/startup_stm32f429xx.s:134: Error: bad instruction `usb OTG FS Wakeup through EXTI line'
../Core/Startup/startup_stm32f429xx.s:135: Error: bad instruction `dcd TIM8_BRK_TIM12_IRQHandler'
../Core/Startup/startup_stm32f429xx.s:135: Error: bad instruction `tim8 Break and TIM12'
../Core/Startup/startup_stm32f429xx.s:136: Error: bad instruction `dcd TIM8_UP_TIM13_IRQHandler'
../Core/Startup/startup_stm32f429xx.s:136: Error: bad instruction `tim8 Update and TIM13'
../Core/Startup/startup_stm32f429xx.s:137: Error: bad instruction `dcd TIM8_TRG_COM_TIM14_IRQHandler'
../Core/Startup/startup_stm32f429xx.s:137: Error: bad instruction `tim8 Trigger and Commutation and TIM14'
../Core/Startup/startup_stm32f429xx.s:138: Error: bad instruction `dcd TIM8_CC_IRQHandler'
../Core/Startup/startup_stm32f429xx.s:138: Error: bad instruction `tim8 Capture Compare'
../Core/Startup/startup_stm32f429xx.s:139: Error: bad instruction `dcd DMA1_Stream7_IRQHandler'
../Core/Startup/startup_stm32f429xx.s:139: Error: bad instruction `dma1 Stream7'
../Core/Startup/startup_stm32f429xx.s:140: Error: bad instruction `dcd FMC_IRQHandler'
../Core/Startup/startup_stm32f429xx.s:140: Error: bad instruction `fmc'
../Core/Startup/startup_stm32f429xx.s:141: Error: bad instruction `dcd SDIO_IRQHandler'
../Core/Startup/startup_stm32f429xx.s:141: Error: bad instruction `sdio'
../Core/Startup/startup_stm32f429xx.s:142: Error: bad instruction `dcd TIM5_IRQHandler'
../Core/Startup/startup_stm32f429xx.s:142: Error: bad instruction `tim5'
../Core/Startup/startup_stm32f429xx.s:143: Error: bad instruction `dcd SPI3_IRQHandler'
../Core/Startup/startup_stm32f429xx.s:143: Error: bad instruction `spi3'
../Core/Startup/startup_stm32f429xx.s:144: Error: bad instruction `dcd UART4_IRQHandler'
../Core/Startup/startup_stm32f429xx.s:144: Error: bad instruction `uart4'
../Core/Startup/startup_stm32f429xx.s:145: Error: bad instruction `dcd UART5_IRQHandler'
../Core/Startup/startup_stm32f429xx.s:145: Error: bad instruction `uart5'
../Core/Startup/startup_stm32f429xx.s:146: Error: bad instruction `dcd TIM6_DAC_IRQHandler'
../Core/Startup/startup_stm32f429xx.s:146: Error: bad instruction `tim6 and DAC1&2 underrun errors'
../Core/Startup/startup_stm32f429xx.s:147: Error: bad instruction `dcd TIM7_IRQHandler'
../Core/Startup/startup_stm32f429xx.s:147: Error: bad instruction `tim7'
../Core/Startup/startup_stm32f429xx.s:148: Error: bad instruction `dcd DMA2_Stream0_IRQHandler'
../Core/Startup/startup_stm32f429xx.s:148: Error: bad instruction `dma2 Stream 0'
../Core/Startup/startup_stm32f429xx.s:149: Error: bad instruction `dcd DMA2_Stream1_IRQHandler'
../Core/Startup/startup_stm32f429xx.s:149: Error: bad instruction `dma2 Stream 1'
../Core/Startup/startup_stm32f429xx.s:150: Error: bad instruction `dcd DMA2_Stream2_IRQHandler'
../Core/Startup/startup_stm32f429xx.s:150: Error: bad instruction `dma2 Stream 2'
../Core/Startup/startup_stm32f429xx.s:151: Error: bad instruction `dcd DMA2_Stream3_IRQHandler'
../Core/Startup/startup_stm32f429xx.s:151: Error: bad instruction `dma2 Stream 3'
../Core/Startup/startup_stm32f429xx.s:152: Error: bad instruction `dcd DMA2_Stream4_IRQHandler'
../Core/Startup/startup_stm32f429xx.s:152: Error: bad instruction `dma2 Stream 4'
../Core/Startup/startup_stm32f429xx.s:153: Error: bad instruction `dcd ETH_IRQHandler'
../Core/Startup/startup_stm32f429xx.s:153: Error: bad instruction `ethernet'
../Core/Startup/startup_stm32f429xx.s:154: Error: bad instruction `dcd ETH_WKUP_IRQHandler'
../Core/Startup/startup_stm32f429xx.s:154: Error: bad instruction `ethernet Wakeup through EXTI line'
../Core/Startup/startup_stm32f429xx.s:155: Error: bad instruction `dcd CAN2_TX_IRQHandler'
../Core/Startup/startup_stm32f429xx.s:155: Error: bad instruction `can2 TX'
../Core/Startup/startup_stm32f429xx.s:156: Error: bad instruction `dcd CAN2_RX0_IRQHandler'
../Core/Startup/startup_stm32f429xx.s:156: Error: bad instruction `can2 RX0'
../Core/Startup/startup_stm32f429xx.s:157: Error: bad instruction `dcd CAN2_RX1_IRQHandler'
../Core/Startup/startup_stm32f429xx.s:157: Error: bad instruction `can2 RX1'
../Core/Startup/startup_stm32f429xx.s:158: Error: bad instruction `dcd CAN2_SCE_IRQHandler'
../Core/Startup/startup_stm32f429xx.s:158: Error: bad instruction `can2 SCE'
../Core/Startup/startup_stm32f429xx.s:159: Error: bad instruction `dcd OTG_FS_IRQHandler'
../Core/Startup/startup_stm32f429xx.s:159: Error: bad instruction `usb OTG FS'
../Core/Startup/startup_stm32f429xx.s:160: Error: bad instruction `dcd DMA2_Stream5_IRQHandler'
../Core/Startup/startup_stm32f429xx.s:160: Error: bad instruction `dma2 Stream 5'
../Core/Startup/startup_stm32f429xx.s:161: Error: bad instruction `dcd DMA2_Stream6_IRQHandler'
../Core/Startup/startup_stm32f429xx.s:161: Error: bad instruction `dma2 Stream 6'
../Core/Startup/startup_stm32f429xx.s:162: Error: bad instruction `dcd DMA2_Stream7_IRQHandler'
../Core/Startup/startup_stm32f429xx.s:162: Error: bad instruction `dma2 Stream 7'
../Core/Startup/startup_stm32f429xx.s:163: Error: bad instruction `dcd USART6_IRQHandler'
../Core/Startup/startup_stm32f429xx.s:163: Error: bad instruction `usart6'
../Core/Startup/startup_stm32f429xx.s:164: Error: bad instruction `dcd I2C3_EV_IRQHandler'
../Core/Startup/startup_stm32f429xx.s:164: Error: bad instruction `i2c3 event'
../Core/Startup/startup_stm32f429xx.s:165: Error: bad instruction `dcd I2C3_ER_IRQHandler'
../Core/Startup/startup_stm32f429xx.s:165: Error: bad instruction `i2c3 error'
../Core/Startup/startup_stm32f429xx.s:166: Error: bad instruction `dcd OTG_HS_EP1_OUT_IRQHandler'
../Core/Startup/startup_stm32f429xx.s:166: Error: bad instruction `usb OTG HS End Point 1 Out'
../Core/Startup/startup_stm32f429xx.s:167: Error: bad instruction `dcd OTG_HS_EP1_IN_IRQHandler'
../Core/Startup/startup_stm32f429xx.s:167: Error: bad instruction `usb OTG HS End Point 1 In'
../Core/Startup/startup_stm32f429xx.s:168: Error: bad instruction `dcd OTG_HS_WKUP_IRQHandler'
../Core/Startup/startup_stm32f429xx.s:168: Error: bad instruction `usb OTG HS Wakeup through EXTI'
../Core/Startup/startup_stm32f429xx.s:169: Error: bad instruction `dcd OTG_HS_IRQHandler'
../Core/Startup/startup_stm32f429xx.s:169: Error: bad instruction `usb OTG HS'
../Core/Startup/startup_stm32f429xx.s:170: Error: bad instruction `dcd DCMI_IRQHandler'
../Core/Startup/startup_stm32f429xx.s:170: Error: bad instruction `dcmi'
../Core/Startup/startup_stm32f429xx.s:171: Error: bad instruction `dcd 0'
../Core/Startup/startup_stm32f429xx.s:171: Error: bad instruction `reserved'
../Core/Startup/startup_stm32f429xx.s:172: Error: bad instruction `dcd HASH_RNG_IRQHandler'
../Core/Startup/startup_stm32f429xx.s:172: Error: bad instruction `hash and Rng'
../Core/Startup/startup_stm32f429xx.s:173: Error: bad instruction `dcd FPU_IRQHandler'
../Core/Startup/startup_stm32f429xx.s:173: Error: bad instruction `fpu'
../Core/Startup/startup_stm32f429xx.s:174: Error: bad instruction `dcd UART7_IRQHandler'
../Core/Startup/startup_stm32f429xx.s:174: Error: bad instruction `uart7'
../Core/Startup/startup_stm32f429xx.s:175: Error: bad instruction `dcd UART8_IRQHandler'
../Core/Startup/startup_stm32f429xx.s:175: Error: bad instruction `uart8'
../Core/Startup/startup_stm32f429xx.s:176: Error: bad instruction `dcd SPI4_IRQHandler'
../Core/Startup/startup_stm32f429xx.s:176: Error: bad instruction `spi4'
../Core/Startup/startup_stm32f429xx.s:177: Error: bad instruction `dcd SPI5_IRQHandler'
../Core/Startup/startup_stm32f429xx.s:177: Error: bad instruction `spi5'
../Core/Startup/startup_stm32f429xx.s:178: Error: bad instruction `dcd SPI6_IRQHandler'
../Core/Startup/startup_stm32f429xx.s:178: Error: bad instruction `spi6'
../Core/Startup/startup_stm32f429xx.s:179: Error: bad instruction `dcd SAI1_IRQHandler'
../Core/Startup/startup_stm32f429xx.s:179: Error: bad instruction `sai1'
../Core/Startup/startup_stm32f429xx.s:180: Error: bad instruction `dcd LTDC_IRQHandler'
../Core/Startup/startup_stm32f429xx.s:180: Error: bad instruction `ltdc'
../Core/Startup/startup_stm32f429xx.s:181: Error: bad instruction `dcd LTDC_ER_IRQHandler'
../Core/Startup/startup_stm32f429xx.s:181: Error: bad instruction `ltdc error'
../Core/Startup/startup_stm32f429xx.s:182: Error: bad instruction `dcd DMA2D_IRQHandler'
../Core/Startup/startup_stm32f429xx.s:182: Error: bad instruction `dma2d'
../Core/Startup/startup_stm32f429xx.s:184: Error: bad instruction `__vectors_end'
../Core/Startup/startup_stm32f429xx.s:186: Error: bad instruction `__vectors_size EQU __Vectors_End-__Vectors'
../Core/Startup/startup_stm32f429xx.s:188: Error: bad instruction `area |.text|,CODE,READONLY'
../Core/Startup/startup_stm32f429xx.s:190: Error: bad instruction `reset handler'
../Core/Startup/startup_stm32f429xx.s:191: Error: bad instruction `reset_handler PROC'
../Core/Startup/startup_stm32f429xx.s:192: Error: bad instruction `export Reset_Handler [WEAK]'
../Core/Startup/startup_stm32f429xx.s:193: Error: bad instruction `import __main'
../Core/Startup/startup_stm32f429xx.s:195: Error: bad instruction `cpacr -wlacz FPU'
../Core/Startup/startup_stm32f429xx.s:197: Error: unshifted register required -- `orr R1,R1,#(0x0F<<20)'
../Core/Startup/startup_stm32f429xx.s:202: Error: bad instruction `endp'
../Core/Startup/startup_stm32f429xx.s:204: Error: bad instruction `dummy Exception Handlers(infinite loops which can be modified)'
../Core/Startup/startup_stm32f429xx.s:206: Error: bad instruction `nmi_handler PROC'
../Core/Startup/startup_stm32f429xx.s:207: Error: bad instruction `export NMI_Handler [WEAK]'
../Core/Startup/startup_stm32f429xx.s:209: Error: bad instruction `endp'
../Core/Startup/startup_stm32f429xx.s:210: Error: bad instruction `hardfault_handler PROC'
../Core/Startup/startup_stm32f429xx.s:212: Error: bad instruction `export HardFault_Handler [WEAK]'
../Core/Startup/startup_stm32f429xx.s:214: Error: bad instruction `endp'
../Core/Startup/startup_stm32f429xx.s:215: Error: bad instruction `memmanage_handler PROC'
../Core/Startup/startup_stm32f429xx.s:217: Error: bad instruction `export MemManage_Handler [WEAK]'
../Core/Startup/startup_stm32f429xx.s:219: Error: bad instruction `endp'
../Core/Startup/startup_stm32f429xx.s:220: Error: bad instruction `busfault_handler PROC'
../Core/Startup/startup_stm32f429xx.s:222: Error: bad instruction `export BusFault_Handler [WEAK]'
../Core/Startup/startup_stm32f429xx.s:224: Error: bad instruction `endp'
../Core/Startup/startup_stm32f429xx.s:225: Error: bad instruction `usagefault_handler PROC'
../Core/Startup/startup_stm32f429xx.s:227: Error: bad instruction `export UsageFault_Handler [WEAK]'
../Core/Startup/startup_stm32f429xx.s:229: Error: bad instruction `endp'
../Core/Startup/startup_stm32f429xx.s:230: Error: bad instruction `svc_handler PROC'
../Core/Startup/startup_stm32f429xx.s:231: Error: bad instruction `export SVC_Handler [WEAK]'
../Core/Startup/startup_stm32f429xx.s:233: Error: bad instruction `endp'
../Core/Startup/startup_stm32f429xx.s:234: Error: bad instruction `debugmon_handler PROC'
../Core/Startup/startup_stm32f429xx.s:236: Error: bad instruction `export DebugMon_Handler [WEAK]'
../Core/Startup/startup_stm32f429xx.s:238: Error: bad instruction `endp'
../Core/Startup/startup_stm32f429xx.s:239: Error: bad instruction `pendsv_handler PROC'
../Core/Startup/startup_stm32f429xx.s:240: Error: bad instruction `export PendSV_Handler [WEAK]'
../Core/Startup/startup_stm32f429xx.s:242: Error: bad instruction `endp'
../Core/Startup/startup_stm32f429xx.s:243: Error: bad instruction `systick_handler PROC'
../Core/Startup/startup_stm32f429xx.s:244: Error: bad instruction `export SysTick_Handler [WEAK]'
../Core/Startup/startup_stm32f429xx.s:246: Error: bad instruction `endp'
../Core/Startup/startup_stm32f429xx.s:248: Error: bad instruction `default_handler PROC'
../Core/Startup/startup_stm32f429xx.s:250: Error: bad instruction `export WWDG_IRQHandler [WEAK]'
../Core/Startup/startup_stm32f429xx.s:251: Error: bad instruction `export PVD_IRQHandler [WEAK]'
../Core/Startup/startup_stm32f429xx.s:252: Error: bad instruction `export TAMP_STAMP_IRQHandler [WEAK]'
../Core/Startup/startup_stm32f429xx.s:253: Error: bad instruction `export RTC_WKUP_IRQHandler [WEAK]'
../Core/Startup/startup_stm32f429xx.s:254: Error: bad instruction `export FLASH_IRQHandler [WEAK]'
../Core/Startup/startup_stm32f429xx.s:255: Error: bad instruction `export RCC_IRQHandler [WEAK]'
../Core/Startup/startup_stm32f429xx.s:256: Error: bad instruction `export EXTI0_IRQHandler [WEAK]'
../Core/Startup/startup_stm32f429xx.s:257: Error: bad instruction `export EXTI1_IRQHandler [WEAK]'
../Core/Startup/startup_stm32f429xx.s:258: Error: bad instruction `export EXTI2_IRQHandler [WEAK]'
../Core/Startup/startup_stm32f429xx.s:259: Error: bad instruction `export EXTI3_IRQHandler [WEAK]'
../Core/Startup/startup_stm32f429xx.s:260: Error: bad instruction `export EXTI4_IRQHandler [WEAK]'
../Core/Startup/startup_stm32f429xx.s:261: Error: bad instruction `export DMA1_Stream0_IRQHandler [WEAK]'
../Core/Startup/startup_stm32f429xx.s:262: Error: bad instruction `export DMA1_Stream1_IRQHandler [WEAK]'
../Core/Startup/startup_stm32f429xx.s:263: Error: bad instruction `export DMA1_Stream2_IRQHandler [WEAK]'
../Core/Startup/startup_stm32f429xx.s:264: Error: bad instruction `export DMA1_Stream3_IRQHandler [WEAK]'
../Core/Startup/startup_stm32f429xx.s:265: Error: bad instruction `export DMA1_Stream4_IRQHandler [WEAK]'
../Core/Startup/startup_stm32f429xx.s:266: Error: bad instruction `export DMA1_Stream5_IRQHandler [WEAK]'
../Core/Startup/startup_stm32f429xx.s:267: Error: bad instruction `export DMA1_Stream6_IRQHandler [WEAK]'
../Core/Startup/startup_stm32f429xx.s:268: Error: bad instruction `export ADC_IRQHandler [WEAK]'
../Core/Startup/startup_stm32f429xx.s:269: Error: bad instruction `export CAN1_TX_IRQHandler [WEAK]'
../Core/Startup/startup_stm32f429xx.s:270: Error: bad instruction `export CAN1_RX0_IRQHandler [WEAK]'
../Core/Startup/startup_stm32f429xx.s:271: Error: bad instruction `export CAN1_RX1_IRQHandler [WEAK]'
../Core/Startup/startup_stm32f429xx.s:272: Error: bad instruction `export CAN1_SCE_IRQHandler [WEAK]'
../Core/Startup/startup_stm32f429xx.s:273: Error: bad instruction `export EXTI9_5_IRQHandler [WEAK]'
../Core/Startup/startup_stm32f429xx.s:274: Error: bad instruction `export TIM1_BRK_TIM9_IRQHandler [WEAK]'
../Core/Startup/startup_stm32f429xx.s:275: Error: bad instruction `export TIM1_UP_TIM10_IRQHandler [WEAK]'
../Core/Startup/startup_stm32f429xx.s:276: Error: bad instruction `export TIM1_TRG_COM_TIM11_IRQHandler [WEAK]'
../Core/Startup/startup_stm32f429xx.s:277: Error: bad instruction `export TIM1_CC_IRQHandler [WEAK]'
../Core/Startup/startup_stm32f429xx.s:278: Error: bad instruction `export TIM2_IRQHandler [WEAK]'
../Core/Startup/startup_stm32f429xx.s:279: Error: bad instruction `export TIM3_IRQHandler [WEAK]'
../Core/Startup/startup_stm32f429xx.s:280: Error: bad instruction `export TIM4_IRQHandler [WEAK]'
../Core/Startup/startup_stm32f429xx.s:281: Error: bad instruction `export I2C1_EV_IRQHandler [WEAK]'
../Core/Startup/startup_stm32f429xx.s:282: Error: bad instruction `export I2C1_ER_IRQHandler [WEAK]'
../Core/Startup/startup_stm32f429xx.s:283: Error: bad instruction `export I2C2_EV_IRQHandler [WEAK]'
../Core/Startup/startup_stm32f429xx.s:284: Error: bad instruction `export I2C2_ER_IRQHandler [WEAK]'
../Core/Startup/startup_stm32f429xx.s:285: Error: bad instruction `export SPI1_IRQHandler [WEAK]'
../Core/Startup/startup_stm32f429xx.s:286: Error: bad instruction `export SPI2_IRQHandler [WEAK]'
../Core/Startup/startup_stm32f429xx.s:287: Error: bad instruction `export USART1_IRQHandler [WEAK]'
../Core/Startup/startup_stm32f429xx.s:288: Error: bad instruction `export USART2_IRQHandler [WEAK]'
../Core/Startup/startup_stm32f429xx.s:289: Error: bad instruction `export USART3_IRQHandler [WEAK]'
../Core/Startup/startup_stm32f429xx.s:290: Error: bad instruction `export EXTI15_10_IRQHandler [WEAK]'
../Core/Startup/startup_stm32f429xx.s:291: Error: bad instruction `export RTC_Alarm_IRQHandler [WEAK]'
../Core/Startup/startup_stm32f429xx.s:292: Error: bad instruction `export OTG_FS_WKUP_IRQHandler [WEAK]'
../Core/Startup/startup_stm32f429xx.s:293: Error: bad instruction `export TIM8_BRK_TIM12_IRQHandler [WEAK]'
../Core/Startup/startup_stm32f429xx.s:294: Error: bad instruction `export TIM8_UP_TIM13_IRQHandler [WEAK]'
../Core/Startup/startup_stm32f429xx.s:295: Error: bad instruction `export TIM8_TRG_COM_TIM14_IRQHandler [WEAK]'
../Core/Startup/startup_stm32f429xx.s:296: Error: bad instruction `export TIM8_CC_IRQHandler [WEAK]'
../Core/Startup/startup_stm32f429xx.s:297: Error: bad instruction `export DMA1_Stream7_IRQHandler [WEAK]'
../Core/Startup/startup_stm32f429xx.s:298: Error: bad instruction `export FMC_IRQHandler [WEAK]'
../Core/Startup/startup_stm32f429xx.s:299: Error: bad instruction `export SDIO_IRQHandler [WEAK]'
../Core/Startup/startup_stm32f429xx.s:300: Error: bad instruction `export TIM5_IRQHandler [WEAK]'
../Core/Startup/startup_stm32f429xx.s:301: Error: bad instruction `export SPI3_IRQHandler [WEAK]'
../Core/Startup/startup_stm32f429xx.s:302: Error: bad instruction `export UART4_IRQHandler [WEAK]'
../Core/Startup/startup_stm32f429xx.s:303: Error: bad instruction `export UART5_IRQHandler [WEAK]'
../Core/Startup/startup_stm32f429xx.s:304: Error: bad instruction `export TIM6_DAC_IRQHandler [WEAK]'
../Core/Startup/startup_stm32f429xx.s:305: Error: bad instruction `export TIM7_IRQHandler [WEAK]'
../Core/Startup/startup_stm32f429xx.s:306: Error: bad instruction `export DMA2_Stream0_IRQHandler [WEAK]'
../Core/Startup/startup_stm32f429xx.s:307: Error: bad instruction `export DMA2_Stream1_IRQHandler [WEAK]'
../Core/Startup/startup_stm32f429xx.s:308: Error: bad instruction `export DMA2_Stream2_IRQHandler [WEAK]'
../Core/Startup/startup_stm32f429xx.s:309: Error: bad instruction `export DMA2_Stream3_IRQHandler [WEAK]'
../Core/Startup/startup_stm32f429xx.s:310: Error: bad instruction `export DMA2_Stream4_IRQHandler [WEAK]'
../Core/Startup/startup_stm32f429xx.s:311: Error: bad instruction `export ETH_IRQHandler [WEAK]'
../Core/Startup/startup_stm32f429xx.s:312: Error: bad instruction `export ETH_WKUP_IRQHandler [WEAK]'
../Core/Startup/startup_stm32f429xx.s:313: Error: bad instruction `export CAN2_TX_IRQHandler [WEAK]'
../Core/Startup/startup_stm32f429xx.s:314: Error: bad instruction `export CAN2_RX0_IRQHandler [WEAK]'
../Core/Startup/startup_stm32f429xx.s:315: Error: bad instruction `export CAN2_RX1_IRQHandler [WEAK]'
../Core/Startup/startup_stm32f429xx.s:316: Error: bad instruction `export CAN2_SCE_IRQHandler [WEAK]'
../Core/Startup/startup_stm32f429xx.s:317: Error: bad instruction `export OTG_FS_IRQHandler [WEAK]'
../Core/Startup/startup_stm32f429xx.s:318: Error: bad instruction `export DMA2_Stream5_IRQHandler [WEAK]'
../Core/Startup/startup_stm32f429xx.s:319: Error: bad instruction `export DMA2_Stream6_IRQHandler [WEAK]'
../Core/Startup/startup_stm32f429xx.s:320: Error: bad instruction `export DMA2_Stream7_IRQHandler [WEAK]'
../Core/Startup/startup_stm32f429xx.s:321: Error: bad instruction `export USART6_IRQHandler [WEAK]'
../Core/Startup/startup_stm32f429xx.s:322: Error: bad instruction `export I2C3_EV_IRQHandler [WEAK]'
../Core/Startup/startup_stm32f429xx.s:323: Error: bad instruction `export I2C3_ER_IRQHandler [WEAK]'
../Core/Startup/startup_stm32f429xx.s:324: Error: bad instruction `export OTG_HS_EP1_OUT_IRQHandler [WEAK]'
../Core/Startup/startup_stm32f429xx.s:325: Error: bad instruction `export OTG_HS_EP1_IN_IRQHandler [WEAK]'
../Core/Startup/startup_stm32f429xx.s:326: Error: bad instruction `export OTG_HS_WKUP_IRQHandler [WEAK]'
../Core/Startup/startup_stm32f429xx.s:327: Error: bad instruction `export OTG_HS_IRQHandler [WEAK]'
../Core/Startup/startup_stm32f429xx.s:328: Error: bad instruction `export DCMI_IRQHandler [WEAK]'
../Core/Startup/startup_stm32f429xx.s:329: Error: bad instruction `export HASH_RNG_IRQHandler [WEAK]'
../Core/Startup/startup_stm32f429xx.s:330: Error: bad instruction `export FPU_IRQHandler [WEAK]'
../Core/Startup/startup_stm32f429xx.s:331: Error: bad instruction `export UART7_IRQHandler [WEAK]'
../Core/Startup/startup_stm32f429xx.s:332: Error: bad instruction `export UART8_IRQHandler [WEAK]'
../Core/Startup/startup_stm32f429xx.s:333: Error: bad instruction `export SPI4_IRQHandler [WEAK]'
../Core/Startup/startup_stm32f429xx.s:334: Error: bad instruction `export SPI5_IRQHandler [WEAK]'
../Core/Startup/startup_stm32f429xx.s:335: Error: bad instruction `export SPI6_IRQHandler [WEAK]'
../Core/Startup/startup_stm32f429xx.s:336: Error: bad instruction `export SAI1_IRQHandler [WEAK]'
../Core/Startup/startup_stm32f429xx.s:337: Error: bad instruction `export LTDC_IRQHandler [WEAK]'
../Core/Startup/startup_stm32f429xx.s:338: Error: bad instruction `export LTDC_ER_IRQHandler [WEAK]'
../Core/Startup/startup_stm32f429xx.s:339: Error: bad instruction `export DMA2D_IRQHandler [WEAK]'
../Core/Startup/startup_stm32f429xx.s:341: Error: bad instruction `wwdg_irqhandler'
../Core/Startup/startup_stm32f429xx.s:342: Error: bad instruction `pvd_irqhandler'
../Core/Startup/startup_stm32f429xx.s:343: Error: bad instruction `tamp_stamp_irqhandler'
../Core/Startup/startup_stm32f429xx.s:344: Error: bad instruction `rtc_wkup_irqhandler'
../Core/Startup/startup_stm32f429xx.s:345: Error: bad instruction `flash_irqhandler'
../Core/Startup/startup_stm32f429xx.s:346: Error: bad instruction `rcc_irqhandler'
../Core/Startup/startup_stm32f429xx.s:347: Error: bad instruction `exti0_irqhandler'
../Core/Startup/startup_stm32f429xx.s:348: Error: bad instruction `exti1_irqhandler'
../Core/Startup/startup_stm32f429xx.s:349: Error: bad instruction `exti2_irqhandler'
../Core/Startup/startup_stm32f429xx.s:350: Error: bad instruction `exti3_irqhandler'
../Core/Startup/startup_stm32f429xx.s:351: Error: bad instruction `exti4_irqhandler'
../Core/Startup/startup_stm32f429xx.s:352: Error: bad instruction `dma1_stream0_irqhandler'
../Core/Startup/startup_stm32f429xx.s:353: Error: bad instruction `dma1_stream1_irqhandler'
../Core/Startup/startup_stm32f429xx.s:354: Error: bad instruction `dma1_stream2_irqhandler'
../Core/Startup/startup_stm32f429xx.s:355: Error: bad instruction `dma1_stream3_irqhandler'
../Core/Startup/startup_stm32f429xx.s:356: Error: bad instruction `dma1_stream4_irqhandler'
../Core/Startup/startup_stm32f429xx.s:357: Error: bad instruction `dma1_stream5_irqhandler'
../Core/Startup/startup_stm32f429xx.s:358: Error: bad instruction `dma1_stream6_irqhandler'
../Core/Startup/startup_stm32f429xx.s:359: Error: bad instruction `adc_irqhandler'
../Core/Startup/startup_stm32f429xx.s:360: Error: bad instruction `can1_tx_irqhandler'
../Core/Startup/startup_stm32f429xx.s:361: Error: bad instruction `can1_rx0_irqhandler'
../Core/Startup/startup_stm32f429xx.s:362: Error: bad instruction `can1_rx1_irqhandler'
../Core/Startup/startup_stm32f429xx.s:363: Error: bad instruction `can1_sce_irqhandler'
../Core/Startup/startup_stm32f429xx.s:364: Error: bad instruction `exti9_5_irqhandler'
../Core/Startup/startup_stm32f429xx.s:365: Error: bad instruction `tim1_brk_tim9_irqhandler'
../Core/Startup/startup_stm32f429xx.s:366: Error: bad instruction `tim1_up_tim10_irqhandler'
../Core/Startup/startup_stm32f429xx.s:367: Error: bad instruction `tim1_trg_com_tim11_irqhandler'
../Core/Startup/startup_stm32f429xx.s:368: Error: bad instruction `tim1_cc_irqhandler'
../Core/Startup/startup_stm32f429xx.s:369: Error: bad instruction `tim2_irqhandler'
../Core/Startup/startup_stm32f429xx.s:370: Error: bad instruction `tim3_irqhandler'
../Core/Startup/startup_stm32f429xx.s:371: Error: bad instruction `tim4_irqhandler'
../Core/Startup/startup_stm32f429xx.s:372: Error: bad instruction `i2c1_ev_irqhandler'
../Core/Startup/startup_stm32f429xx.s:373: Error: bad instruction `i2c1_er_irqhandler'
../Core/Startup/startup_stm32f429xx.s:374: Error: bad instruction `i2c2_ev_irqhandler'
../Core/Startup/startup_stm32f429xx.s:375: Error: bad instruction `i2c2_er_irqhandler'
../Core/Startup/startup_stm32f429xx.s:376: Error: bad instruction `spi1_irqhandler'
../Core/Startup/startup_stm32f429xx.s:377: Error: bad instruction `spi2_irqhandler'
../Core/Startup/startup_stm32f429xx.s:378: Error: bad instruction `usart1_irqhandler'
../Core/Startup/startup_stm32f429xx.s:379: Error: bad instruction `usart2_irqhandler'
../Core/Startup/startup_stm32f429xx.s:380: Error: bad instruction `usart3_irqhandler'
../Core/Startup/startup_stm32f429xx.s:381: Error: bad instruction `exti15_10_irqhandler'
../Core/Startup/startup_stm32f429xx.s:382: Error: bad instruction `rtc_alarm_irqhandler'
../Core/Startup/startup_stm32f429xx.s:383: Error: bad instruction `otg_fs_wkup_irqhandler'
../Core/Startup/startup_stm32f429xx.s:384: Error: bad instruction `tim8_brk_tim12_irqhandler'
../Core/Startup/startup_stm32f429xx.s:385: Error: bad instruction `tim8_up_tim13_irqhandler'
../Core/Startup/startup_stm32f429xx.s:386: Error: bad instruction `tim8_trg_com_tim14_irqhandler'
../Core/Startup/startup_stm32f429xx.s:387: Error: bad instruction `tim8_cc_irqhandler'
../Core/Startup/startup_stm32f429xx.s:388: Error: bad instruction `dma1_stream7_irqhandler'
../Core/Startup/startup_stm32f429xx.s:389: Error: bad instruction `fmc_irqhandler'
../Core/Startup/startup_stm32f429xx.s:390: Error: bad instruction `sdio_irqhandler'
../Core/Startup/startup_stm32f429xx.s:391: Error: bad instruction `tim5_irqhandler'
../Core/Startup/startup_stm32f429xx.s:392: Error: bad instruction `spi3_irqhandler'
../Core/Startup/startup_stm32f429xx.s:393: Error: bad instruction `uart4_irqhandler'
../Core/Startup/startup_stm32f429xx.s:394: Error: bad instruction `uart5_irqhandler'
../Core/Startup/startup_stm32f429xx.s:395: Error: bad instruction `tim6_dac_irqhandler'
../Core/Startup/startup_stm32f429xx.s:396: Error: bad instruction `tim7_irqhandler'
../Core/Startup/startup_stm32f429xx.s:397: Error: bad instruction `dma2_stream0_irqhandler'
../Core/Startup/startup_stm32f429xx.s:398: Error: bad instruction `dma2_stream1_irqhandler'
../Core/Startup/startup_stm32f429xx.s:399: Error: bad instruction `dma2_stream2_irqhandler'
../Core/Startup/startup_stm32f429xx.s:400: Error: bad instruction `dma2_stream3_irqhandler'
../Core/Startup/startup_stm32f429xx.s:401: Error: bad instruction `dma2_stream4_irqhandler'
../Core/Startup/startup_stm32f429xx.s:402: Error: bad instruction `eth_irqhandler'
../Core/Startup/startup_stm32f429xx.s:403: Error: bad instruction `eth_wkup_irqhandler'
../Core/Startup/startup_stm32f429xx.s:404: Error: bad instruction `can2_tx_irqhandler'
../Core/Startup/startup_stm32f429xx.s:405: Error: bad instruction `can2_rx0_irqhandler'
../Core/Startup/startup_stm32f429xx.s:406: Error: bad instruction `can2_rx1_irqhandler'
../Core/Startup/startup_stm32f429xx.s:407: Error: bad instruction `can2_sce_irqhandler'
../Core/Startup/startup_stm32f429xx.s:408: Error: bad instruction `otg_fs_irqhandler'
../Core/Startup/startup_stm32f429xx.s:409: Error: bad instruction `dma2_stream5_irqhandler'
../Core/Startup/startup_stm32f429xx.s:410: Error: bad instruction `dma2_stream6_irqhandler'
../Core/Startup/startup_stm32f429xx.s:411: Error: bad instruction `dma2_stream7_irqhandler'
../Core/Startup/startup_stm32f429xx.s:412: Error: bad instruction `usart6_irqhandler'
../Core/Startup/startup_stm32f429xx.s:413: Error: bad instruction `i2c3_ev_irqhandler'
../Core/Startup/startup_stm32f429xx.s:414: Error: bad instruction `i2c3_er_irqhandler'
../Core/Startup/startup_stm32f429xx.s:415: Error: bad instruction `otg_hs_ep1_out_irqhandler'
../Core/Startup/startup_stm32f429xx.s:416: Error: bad instruction `otg_hs_ep1_in_irqhandler'
../Core/Startup/startup_stm32f429xx.s:417: Error: bad instruction `otg_hs_wkup_irqhandler'
../Core/Startup/startup_stm32f429xx.s:418: Error: bad instruction `otg_hs_irqhandler'
../Core/Startup/startup_stm32f429xx.s:419: Error: bad instruction `dcmi_irqhandler'
../Core/Startup/startup_stm32f429xx.s:420: Error: bad instruction `hash_rng_irqhandler'
../Core/Startup/startup_stm32f429xx.s:421: Error: bad instruction `fpu_irqhandler'
../Core/Startup/startup_stm32f429xx.s:422: Error: bad instruction `uart7_irqhandler'
../Core/Startup/startup_stm32f429xx.s:423: Error: bad instruction `uart8_irqhandler'
../Core/Startup/startup_stm32f429xx.s:424: Error: bad instruction `spi4_irqhandler'
../Core/Startup/startup_stm32f429xx.s:425: Error: bad instruction `spi5_irqhandler'
../Core/Startup/startup_stm32f429xx.s:426: Error: bad instruction `spi6_irqhandler'
../Core/Startup/startup_stm32f429xx.s:427: Error: bad instruction `sai1_irqhandler'
../Core/Startup/startup_stm32f429xx.s:428: Error: bad instruction `ltdc_irqhandler'
../Core/Startup/startup_stm32f429xx.s:429: Error: bad instruction `ltdc_er_irqhandler'
../Core/Startup/startup_stm32f429xx.s:430: Error: bad instruction `dma2d_irqhandler'
../Core/Startup/startup_stm32f429xx.s:433: Error: bad instruction `endp'
../Core/Startup/startup_stm32f429xx.s:435: Error: bad instruction `align'
../Core/Startup/startup_stm32f429xx.s:437: Error: junk at end of line, first unrecognized character is `*'
../Core/Startup/startup_stm32f429xx.s:438: Error: bad instruction `user Stack and Heap initialization'
../Core/Startup/startup_stm32f429xx.s:439: Error: junk at end of line, first unrecognized character is `*'
../Core/Startup/startup_stm32f429xx.s:440: Error: bad instruction `__microlib'
../Core/Startup/startup_stm32f429xx.s:442: Error: bad instruction `export __initial_sp'
../Core/Startup/startup_stm32f429xx.s:443: Error: bad instruction `export __heap_base'
../Core/Startup/startup_stm32f429xx.s:444: Error: bad instruction `export __heap_limit'
../Core/Startup/startup_stm32f429xx.s:446: Error: bad instruction `else'
../Core/Startup/startup_stm32f429xx.s:448: Error: bad instruction `import __use_two_region_memory'
../Core/Startup/startup_stm32f429xx.s:449: Error: bad instruction `export __user_initial_stackheap'
../Core/Startup/startup_stm32f429xx.s:451: Error: bad instruction `__user_initial_stackheap'
../Core/Startup/startup_stm32f429xx.s:454: Error: syntax error -- `ldr R1,=(Stack_Mem+Stack_Size)'
../Core/Startup/startup_stm32f429xx.s:455: Error: syntax error -- `ldr R2,=(Heap_Mem+Heap_Size)'
../Core/Startup/startup_stm32f429xx.s:459: Error: bad instruction `align'
../Core/Startup/startup_stm32f429xx.s:461: Error: bad instruction `endif'
../Core/Startup/startup_stm32f429xx.s:463: Error: bad instruction `end'
../Core/Startup/startup_stm32f429xx.s:465: Error: junk at end of line, first unrecognized character is `*'
make: *** [Core/Startup/subdir.mk:19: Core/Startup/startup_stm32f429xx.o] Error 1
make: *** Waiting for unfinished jobs....
"make -j4 all" terminated with exit code 2. Build might be incomplete.
13:45:00 **** Incremental Build of configuration Debug for project 04 ****
make -j4 all 
arm-none-eabi-gcc -mcpu=cortex-m4 -g3 -DDEBUG -c -x assembler-with-cpp -MMD -MP -MF"Core/Startup/startup_stm32f429zitx.d" -MT"Core/Startup/startup_stm32f429zitx.o" --specs=nano.specs -mfpu=fpv4-sp-d16 -mfloat-abi=hard -mthumb -o "Core/Startup/startup_stm32f429zitx.o" "../Core/Startup/startup_stm32f429zitx.s"
arm-none-eabi-gcc "../Core/Src/GLCD_SPI_STM32F429I.c" -mcpu=cortex-m4 -std=gnu11 -g3 -DDEBUG -DUSE_HAL_DRIVER -DSTM32F429xx -c -I../Core/Inc -I../Drivers/STM32F4xx_HAL_Driver/Inc -I../Drivers/STM32F4xx_HAL_Driver/Inc/Legacy -I../Drivers/CMSIS/Device/ST/STM32F4xx/Include -I../Drivers/CMSIS/Include -O0 -ffunction-sections -fdata-sections -Wall -fstack-usage -fcyclomatic-complexity -MMD -MP -MF"Core/Src/GLCD_SPI_STM32F429I.d" -MT"Core/Src/GLCD_SPI_STM32F429I.o" --specs=nano.specs -mfpu=fpv4-sp-d16 -mfloat-abi=hard -mthumb -o "Core/Src/GLCD_SPI_STM32F429I.o"
arm-none-eabi-gcc "../Core/Src/lab4.c" -mcpu=cortex-m4 -std=gnu11 -g3 -DDEBUG -DUSE_HAL_DRIVER -DSTM32F429xx -c -I../Core/Inc -I../Drivers/STM32F4xx_HAL_Driver/Inc -I../Drivers/STM32F4xx_HAL_Driver/Inc/Legacy -I../Drivers/CMSIS/Device/ST/STM32F4xx/Include -I../Drivers/CMSIS/Include -O0 -ffunction-sections -fdata-sections -Wall -fstack-usage -fcyclomatic-complexity -MMD -MP -MF"Core/Src/lab4.d" -MT"Core/Src/lab4.o" --specs=nano.specs -mfpu=fpv4-sp-d16 -mfloat-abi=hard -mthumb -o "Core/Src/lab4.o"
arm-none-eabi-gcc "../Core/Src/main.c" -mcpu=cortex-m4 -std=gnu11 -g3 -DDEBUG -DUSE_HAL_DRIVER -DSTM32F429xx -c -I../Core/Inc -I../Drivers/STM32F4xx_HAL_Driver/Inc -I../Drivers/STM32F4xx_HAL_Driver/Inc/Legacy -I../Drivers/CMSIS/Device/ST/STM32F4xx/Include -I../Drivers/CMSIS/Include -O0 -ffunction-sections -fdata-sections -Wall -fstack-usage -fcyclomatic-complexity -MMD -MP -MF"Core/Src/main.d" -MT"Core/Src/main.o" --specs=nano.specs -mfpu=fpv4-sp-d16 -mfloat-abi=hard -mthumb -o "Core/Src/main.o"
arm-none-eabi-gcc "../Core/Src/stm32f4xx_hal_msp.c" -mcpu=cortex-m4 -std=gnu11 -g3 -DDEBUG -DUSE_HAL_DRIVER -DSTM32F429xx -c -I../Core/Inc -I../Drivers/STM32F4xx_HAL_Driver/Inc -I../Drivers/STM32F4xx_HAL_Driver/Inc/Legacy -I../Drivers/CMSIS/Device/ST/STM32F4xx/Include -I../Drivers/CMSIS/Include -O0 -ffunction-sections -fdata-sections -Wall -fstack-usage -fcyclomatic-complexity -MMD -MP -MF"Core/Src/stm32f4xx_hal_msp.d" -MT"Core/Src/stm32f4xx_hal_msp.o" --specs=nano.specs -mfpu=fpv4-sp-d16 -mfloat-abi=hard -mthumb -o "Core/Src/stm32f4xx_hal_msp.o"
../Core/Src/lab4.c: In function 'main':
../Core/Src/lab4.c:119:41: warning: format '%u' expects argument of type 'unsigned int', but argument 3 has type 'uint32_t' {aka 'long unsigned int'} [-Wformat=]
  119 |                         sprintf(str,"t[%u] = %2.2f %cC     ",i,t,0x82);
      |                                        ~^                    ~
      |                                         |                    |
      |                                         unsigned int         uint32_t {aka long unsigned int}
      |                                        %lu
arm-none-eabi-gcc "../Core/Src/stm32f4xx_it.c" -mcpu=cortex-m4 -std=gnu11 -g3 -DDEBUG -DUSE_HAL_DRIVER -DSTM32F429xx -c -I../Core/Inc -I../Drivers/STM32F4xx_HAL_Driver/Inc -I../Drivers/STM32F4xx_HAL_Driver/Inc/Legacy -I../Drivers/CMSIS/Device/ST/STM32F4xx/Include -I../Drivers/CMSIS/Include -O0 -ffunction-sections -fdata-sections -Wall -fstack-usage -fcyclomatic-complexity -MMD -MP -MF"Core/Src/stm32f4xx_it.d" -MT"Core/Src/stm32f4xx_it.o" --specs=nano.specs -mfpu=fpv4-sp-d16 -mfloat-abi=hard -mthumb -o "Core/Src/stm32f4xx_it.o"
arm-none-eabi-gcc "../Core/Src/syscalls.c" -mcpu=cortex-m4 -std=gnu11 -g3 -DDEBUG -DUSE_HAL_DRIVER -DSTM32F429xx -c -I../Core/Inc -I../Drivers/STM32F4xx_HAL_Driver/Inc -I../Drivers/STM32F4xx_HAL_Driver/Inc/Legacy -I../Drivers/CMSIS/Device/ST/STM32F4xx/Include -I../Drivers/CMSIS/Include -O0 -ffunction-sections -fdata-sections -Wall -fstack-usage -fcyclomatic-complexity -MMD -MP -MF"Core/Src/syscalls.d" -MT"Core/Src/syscalls.o" --specs=nano.specs -mfpu=fpv4-sp-d16 -mfloat-abi=hard -mthumb -o "Core/Src/syscalls.o"
arm-none-eabi-gcc "../Core/Src/sysmem.c" -mcpu=cortex-m4 -std=gnu11 -g3 -DDEBUG -DUSE_HAL_DRIVER -DSTM32F429xx -c -I../Core/Inc -I../Drivers/STM32F4xx_HAL_Driver/Inc -I../Drivers/STM32F4xx_HAL_Driver/Inc/Legacy -I../Drivers/CMSIS/Device/ST/STM32F4xx/Include -I../Drivers/CMSIS/Include -O0 -ffunction-sections -fdata-sections -Wall -fstack-usage -fcyclomatic-complexity -MMD -MP -MF"Core/Src/sysmem.d" -MT"Core/Src/sysmem.o" --specs=nano.specs -mfpu=fpv4-sp-d16 -mfloat-abi=hard -mthumb -o "Core/Src/sysmem.o"
arm-none-eabi-gcc "../Core/Src/system_stm32f4xx.c" -mcpu=cortex-m4 -std=gnu11 -g3 -DDEBUG -DUSE_HAL_DRIVER -DSTM32F429xx -c -I../Core/Inc -I../Drivers/STM32F4xx_HAL_Driver/Inc -I../Drivers/STM32F4xx_HAL_Driver/Inc/Legacy -I../Drivers/CMSIS/Device/ST/STM32F4xx/Include -I../Drivers/CMSIS/Include -O0 -ffunction-sections -fdata-sections -Wall -fstack-usage -fcyclomatic-complexity -MMD -MP -MF"Core/Src/system_stm32f4xx.d" -MT"Core/Src/system_stm32f4xx.o" --specs=nano.specs -mfpu=fpv4-sp-d16 -mfloat-abi=hard -mthumb -o "Core/Src/system_stm32f4xx.o"
arm-none-eabi-gcc -o "04.elf" @"objects.list"   -mcpu=cortex-m4 -T"/home/umarly-poeta/projects/systemy_wbudowane/04/04/STM32F429ZITX_FLASH.ld" --specs=nosys.specs -Wl,-Map="04.map" -Wl,--gc-sections -static --specs=nano.specs -mfpu=fpv4-sp-d16 -mfloat-abi=hard -mthumb -Wl,--start-group -lc -lm -Wl,--end-group
/opt/st/stm32cubeide_1.19.0/plugins/com.st.stm32cube.ide.mcu.externaltools.gnu-tools-for-stm32.13.3.rel1.linux64_1.0.0.202410170706/tools/bin/../lib/gcc/arm-none-eabi/13.3.1/../../../../arm-none-eabi/bin/ld: ./Core/Src/main.o: in function `main':
/home/umarly-poeta/projects/systemy_wbudowane/04/04/Debug/../Core/Src/main.c:64: multiple definition of `main'; ./Core/Src/lab4.o:/home/umarly-poeta/projects/systemy_wbudowane/04/04/Debug/../Core/Src/lab4.c:46: first defined here
collect2: error: ld returned 1 exit status
make: *** [makefile:64: 04.elf] Error 1
"make -j4 all" terminated with exit code 2. Build might be incomplete.
13:45:03 **** Build of configuration Debug for project blank ****
make -j4 all 
arm-none-eabi-gcc "../Drivers/STM32F4xx_HAL_Driver/Src/stm32f4xx_hal.c" -mcpu=cortex-m4 -std=gnu11 -g3 -DDEBUG -DUSE_HAL_DRIVER -DSTM32F429xx -c -I../Core/Inc -I../Drivers/STM32F4xx_HAL_Driver/Inc -I../Drivers/STM32F4xx_HAL_Driver/Inc/Legacy -I../Drivers/CMSIS/Device/ST/STM32F4xx/Include -I../Drivers/CMSIS/Include -O0 -ffunction-sections -fdata-sections -Wall -fstack-usage -fcyclomatic-complexity -MMD -MP -MF"Drivers/STM32F4xx_HAL_Driver/Src/stm32f4xx_hal.d" -MT"Drivers/STM32F4xx_HAL_Driver/Src/stm32f4xx_hal.o" --specs=nano.specs -mfpu=fpv4-sp-d16 -mfloat-abi=hard -mthumb -o "Drivers/STM32F4xx_HAL_Driver/Src/stm32f4xx_hal.o"
arm-none-eabi-gcc "../Drivers/STM32F4xx_HAL_Driver/Src/stm32f4xx_hal_cortex.c" -mcpu=cortex-m4 -std=gnu11 -g3 -DDEBUG -DUSE_HAL_DRIVER -DSTM32F429xx -c -I../Core/Inc -I../Drivers/STM32F4xx_HAL_Driver/Inc -I../Drivers/STM32F4xx_HAL_Driver/Inc/Legacy -I../Drivers/CMSIS/Device/ST/STM32F4xx/Include -I../Drivers/CMSIS/Include -O0 -ffunction-sections -fdata-sections -Wall -fstack-usage -fcyclomatic-complexity -MMD -MP -MF"Drivers/STM32F4xx_HAL_Driver/Src/stm32f4xx_hal_cortex.d" -MT"Drivers/STM32F4xx_HAL_Driver/Src/stm32f4xx_hal_cortex.o" --specs=nano.specs -mfpu=fpv4-sp-d16 -mfloat-abi=hard -mthumb -o "Drivers/STM32F4xx_HAL_Driver/Src/stm32f4xx_hal_cortex.o"
arm-none-eabi-gcc "../Drivers/STM32F4xx_HAL_Driver/Src/stm32f4xx_hal_dma.c" -mcpu=cortex-m4 -std=gnu11 -g3 -DDEBUG -DUSE_HAL_DRIVER -DSTM32F429xx -c -I../Core/Inc -I../Drivers/STM32F4xx_HAL_Driver/Inc -I../Drivers/STM32F4xx_HAL_Driver/Inc/Legacy -I../Drivers/CMSIS/Device/ST/STM32F4xx/Include -I../Drivers/CMSIS/Include -O0 -ffunction-sections -fdata-sections -Wall -fstack-usage -fcyclomatic-complexity -MMD -MP -MF"Drivers/STM32F4xx_HAL_Driver/Src/stm32f4xx_hal_dma.d" -MT"Drivers/STM32F4xx_HAL_Driver/Src/stm32f4xx_hal_dma.o" --specs=nano.specs -mfpu=fpv4-sp-d16 -mfloat-abi=hard -mthumb -o "Drivers/STM32F4xx_HAL_Driver/Src/stm32f4xx_hal_dma.o"
arm-none-eabi-gcc "../Drivers/STM32F4xx_HAL_Driver/Src/stm32f4xx_hal_dma_ex.c" -mcpu=cortex-m4 -std=gnu11 -g3 -DDEBUG -DUSE_HAL_DRIVER -DSTM32F429xx -c -I../Core/Inc -I../Drivers/STM32F4xx_HAL_Driver/Inc -I../Drivers/STM32F4xx_HAL_Driver/Inc/Legacy -I../Drivers/CMSIS/Device/ST/STM32F4xx/Include -I../Drivers/CMSIS/Include -O0 -ffunction-sections -fdata-sections -Wall -fstack-usage -fcyclomatic-complexity -MMD -MP -MF"Drivers/STM32F4xx_HAL_Driver/Src/stm32f4xx_hal_dma_ex.d" -MT"Drivers/STM32F4xx_HAL_Driver/Src/stm32f4xx_hal_dma_ex.o" --specs=nano.specs -mfpu=fpv4-sp-d16 -mfloat-abi=hard -mthumb -o "Drivers/STM32F4xx_HAL_Driver/Src/stm32f4xx_hal_dma_ex.o"
arm-none-eabi-gcc "../Drivers/STM32F4xx_HAL_Driver/Src/stm32f4xx_hal_exti.c" -mcpu=cortex-m4 -std=gnu11 -g3 -DDEBUG -DUSE_HAL_DRIVER -DSTM32F429xx -c -I../Core/Inc -I../Drivers/STM32F4xx_HAL_Driver/Inc -I../Drivers/STM32F4xx_HAL_Driver/Inc/Legacy -I../Drivers/CMSIS/Device/ST/STM32F4xx/Include -I../Drivers/CMSIS/Include -O0 -ffunction-sections -fdata-sections -Wall -fstack-usage -fcyclomatic-complexity -MMD -MP -MF"Drivers/STM32F4xx_HAL_Driver/Src/stm32f4xx_hal_exti.d" -MT"Drivers/STM32F4xx_HAL_Driver/Src/stm32f4xx_hal_exti.o" --specs=nano.specs -mfpu=fpv4-sp-d16 -mfloat-abi=hard -mthumb -o "Drivers/STM32F4xx_HAL_Driver/Src/stm32f4xx_hal_exti.o"
arm-none-eabi-gcc "../Drivers/STM32F4xx_HAL_Driver/Src/stm32f4xx_hal_flash.c" -mcpu=cortex-m4 -std=gnu11 -g3 -DDEBUG -DUSE_HAL_DRIVER -DSTM32F429xx -c -I../Core/Inc -I../Drivers/STM32F4xx_HAL_Driver/Inc -I../Drivers/STM32F4xx_HAL_Driver/Inc/Legacy -I../Drivers/CMSIS/Device/ST/STM32F4xx/Include -I../Drivers/CMSIS/Include -O0 -ffunction-sections -fdata-sections -Wall -fstack-usage -fcyclomatic-complexity -MMD -MP -MF"Drivers/STM32F4xx_HAL_Driver/Src/stm32f4xx_hal_flash.d" -MT"Drivers/STM32F4xx_HAL_Driver/Src/stm32f4xx_hal_flash.o" --specs=nano.specs -mfpu=fpv4-sp-d16 -mfloat-abi=hard -mthumb -o "Drivers/STM32F4xx_HAL_Driver/Src/stm32f4xx_hal_flash.o"
arm-none-eabi-gcc "../Drivers/STM32F4xx_HAL_Driver/Src/stm32f4xx_hal_flash_ex.c" -mcpu=cortex-m4 -std=gnu11 -g3 -DDEBUG -DUSE_HAL_DRIVER -DSTM32F429xx -c -I../Core/Inc -I../Drivers/STM32F4xx_HAL_Driver/Inc -I../Drivers/STM32F4xx_HAL_Driver/Inc/Legacy -I../Drivers/CMSIS/Device/ST/STM32F4xx/Include -I../Drivers/CMSIS/Include -O0 -ffunction-sections -fdata-sections -Wall -fstack-usage -fcyclomatic-complexity -MMD -MP -MF"Drivers/STM32F4xx_HAL_Driver/Src/stm32f4xx_hal_flash_ex.d" -MT"Drivers/STM32F4xx_HAL_Driver/Src/stm32f4xx_hal_flash_ex.o" --specs=nano.specs -mfpu=fpv4-sp-d16 -mfloat-abi=hard -mthumb -o "Drivers/STM32F4xx_HAL_Driver/Src/stm32f4xx_hal_flash_ex.o"
arm-none-eabi-gcc "../Drivers/STM32F4xx_HAL_Driver/Src/stm32f4xx_hal_flash_ramfunc.c" -mcpu=cortex-m4 -std=gnu11 -g3 -DDEBUG -DUSE_HAL_DRIVER -DSTM32F429xx -c -I../Core/Inc -I../Drivers/STM32F4xx_HAL_Driver/Inc -I../Drivers/STM32F4xx_HAL_Driver/Inc/Legacy -I../Drivers/CMSIS/Device/ST/STM32F4xx/Include -I../Drivers/CMSIS/Include -O0 -ffunction-sections -fdata-sections -Wall -fstack-usage -fcyclomatic-complexity -MMD -MP -MF"Drivers/STM32F4xx_HAL_Driver/Src/stm32f4xx_hal_flash_ramfunc.d" -MT"Drivers/STM32F4xx_HAL_Driver/Src/stm32f4xx_hal_flash_ramfunc.o" --specs=nano.specs -mfpu=fpv4-sp-d16 -mfloat-abi=hard -mthumb -o "Drivers/STM32F4xx_HAL_Driver/Src/stm32f4xx_hal_flash_ramfunc.o"
arm-none-eabi-gcc "../Drivers/STM32F4xx_HAL_Driver/Src/stm32f4xx_hal_gpio.c" -mcpu=cortex-m4 -std=gnu11 -g3 -DDEBUG -DUSE_HAL_DRIVER -DSTM32F429xx -c -I../Core/Inc -I../Drivers/STM32F4xx_HAL_Driver/Inc -I../Drivers/STM32F4xx_HAL_Driver/Inc/Legacy -I../Drivers/CMSIS/Device/ST/STM32F4xx/Include -I../Drivers/CMSIS/Include -O0 -ffunction-sections -fdata-sections -Wall -fstack-usage -fcyclomatic-complexity -MMD -MP -MF"Drivers/STM32F4xx_HAL_Driver/Src/stm32f4xx_hal_gpio.d" -MT"Drivers/STM32F4xx_HAL_Driver/Src/stm32f4xx_hal_gpio.o" --specs=nano.specs -mfpu=fpv4-sp-d16 -mfloat-abi=hard -mthumb -o "Drivers/STM32F4xx_HAL_Driver/Src/stm32f4xx_hal_gpio.o"
arm-none-eabi-gcc "../Drivers/STM32F4xx_HAL_Driver/Src/stm32f4xx_hal_pwr.c" -mcpu=cortex-m4 -std=gnu11 -g3 -DDEBUG -DUSE_HAL_DRIVER -DSTM32F429xx -c -I../Core/Inc -I../Drivers/STM32F4xx_HAL_Driver/Inc -I../Drivers/STM32F4xx_HAL_Driver/Inc/Legacy -I../Drivers/CMSIS/Device/ST/STM32F4xx/Include -I../Drivers/CMSIS/Include -O0 -ffunction-sections -fdata-sections -Wall -fstack-usage -fcyclomatic-complexity -MMD -MP -MF"Drivers/STM32F4xx_HAL_Driver/Src/stm32f4xx_hal_pwr.d" -MT"Drivers/STM32F4xx_HAL_Driver/Src/stm32f4xx_hal_pwr.o" --specs=nano.specs -mfpu=fpv4-sp-d16 -mfloat-abi=hard -mthumb -o "Drivers/STM32F4xx_HAL_Driver/Src/stm32f4xx_hal_pwr.o"
arm-none-eabi-gcc "../Drivers/STM32F4xx_HAL_Driver/Src/stm32f4xx_hal_pwr_ex.c" -mcpu=cortex-m4 -std=gnu11 -g3 -DDEBUG -DUSE_HAL_DRIVER -DSTM32F429xx -c -I../Core/Inc -I../Drivers/STM32F4xx_HAL_Driver/Inc -I../Drivers/STM32F4xx_HAL_Driver/Inc/Legacy -I../Drivers/CMSIS/Device/ST/STM32F4xx/Include -I../Drivers/CMSIS/Include -O0 -ffunction-sections -fdata-sections -Wall -fstack-usage -fcyclomatic-complexity -MMD -MP -MF"Drivers/STM32F4xx_HAL_Driver/Src/stm32f4xx_hal_pwr_ex.d" -MT"Drivers/STM32F4xx_HAL_Driver/Src/stm32f4xx_hal_pwr_ex.o" --specs=nano.specs -mfpu=fpv4-sp-d16 -mfloat-abi=hard -mthumb -o "Drivers/STM32F4xx_HAL_Driver/Src/stm32f4xx_hal_pwr_ex.o"
arm-none-eabi-gcc "../Drivers/STM32F4xx_HAL_Driver/Src/stm32f4xx_hal_rcc.c" -mcpu=cortex-m4 -std=gnu11 -g3 -DDEBUG -DUSE_HAL_DRIVER -DSTM32F429xx -c -I../Core/Inc -I../Drivers/STM32F4xx_HAL_Driver/Inc -I../Drivers/STM32F4xx_HAL_Driver/Inc/Legacy -I../Drivers/CMSIS/Device/ST/STM32F4xx/Include -I../Drivers/CMSIS/Include -O0 -ffunction-sections -fdata-sections -Wall -fstack-usage -fcyclomatic-complexity -MMD -MP -MF"Drivers/STM32F4xx_HAL_Driver/Src/stm32f4xx_hal_rcc.d" -MT"Drivers/STM32F4xx_HAL_Driver/Src/stm32f4xx_hal_rcc.o" --specs=nano.specs -mfpu=fpv4-sp-d16 -mfloat-abi=hard -mthumb -o "Drivers/STM32F4xx_HAL_Driver/Src/stm32f4xx_hal_rcc.o"
arm-none-eabi-gcc "../Drivers/STM32F4xx_HAL_Driver/Src/stm32f4xx_hal_rcc_ex.c" -mcpu=cortex-m4 -std=gnu11 -g3 -DDEBUG -DUSE_HAL_DRIVER -DSTM32F429xx -c -I../Core/Inc -I../Drivers/STM32F4xx_HAL_Driver/Inc -I../Drivers/STM32F4xx_HAL_Driver/Inc/Legacy -I../Drivers/CMSIS/Device/ST/STM32F4xx/Include -I../Drivers/CMSIS/Include -O0 -ffunction-sections -fdata-sections -Wall -fstack-usage -fcyclomatic-complexity -MMD -MP -MF"Drivers/STM32F4xx_HAL_Driver/Src/stm32f4xx_hal_rcc_ex.d" -MT"Drivers/STM32F4xx_HAL_Driver/Src/stm32f4xx_hal_rcc_ex.o" --specs=nano.specs -mfpu=fpv4-sp-d16 -mfloat-abi=hard -mthumb -o "Drivers/STM32F4xx_HAL_Driver/Src/stm32f4xx_hal_rcc_ex.o"
arm-none-eabi-gcc "../Core/Src/main.c" -mcpu=cortex-m4 -std=gnu11 -g3 -DDEBUG -DUSE_HAL_DRIVER -DSTM32F429xx -c -I../Core/Inc -I../Drivers/STM32F4xx_HAL_Driver/Inc -I../Drivers/STM32F4xx_HAL_Driver/Inc/Legacy -I../Drivers/CMSIS/Device/ST/STM32F4xx/Include -I../Drivers/CMSIS/Include -O0 -ffunction-sections -fdata-sections -Wall -fstack-usage -fcyclomatic-complexity -MMD -MP -MF"Core/Src/main.d" -MT"Core/Src/main.o" --specs=nano.specs -mfpu=fpv4-sp-d16 -mfloat-abi=hard -mthumb -o "Core/Src/main.o"
arm-none-eabi-gcc "../Core/Src/stm32f4xx_hal_msp.c" -mcpu=cortex-m4 -std=gnu11 -g3 -DDEBUG -DUSE_HAL_DRIVER -DSTM32F429xx -c -I../Core/Inc -I../Drivers/STM32F4xx_HAL_Driver/Inc -I../Drivers/STM32F4xx_HAL_Driver/Inc/Legacy -I../Drivers/CMSIS/Device/ST/STM32F4xx/Include -I../Drivers/CMSIS/Include -O0 -ffunction-sections -fdata-sections -Wall -fstack-usage -fcyclomatic-complexity -MMD -MP -MF"Core/Src/stm32f4xx_hal_msp.d" -MT"Core/Src/stm32f4xx_hal_msp.o" --specs=nano.specs -mfpu=fpv4-sp-d16 -mfloat-abi=hard -mthumb -o "Core/Src/stm32f4xx_hal_msp.o"
arm-none-eabi-gcc "../Core/Src/stm32f4xx_it.c" -mcpu=cortex-m4 -std=gnu11 -g3 -DDEBUG -DUSE_HAL_DRIVER -DSTM32F429xx -c -I../Core/Inc -I../Drivers/STM32F4xx_HAL_Driver/Inc -I../Drivers/STM32F4xx_HAL_Driver/Inc/Legacy -I../Drivers/CMSIS/Device/ST/STM32F4xx/Include -I../Drivers/CMSIS/Include -O0 -ffunction-sections -fdata-sections -Wall -fstack-usage -fcyclomatic-complexity -MMD -MP -MF"Core/Src/stm32f4xx_it.d" -MT"Core/Src/stm32f4xx_it.o" --specs=nano.specs -mfpu=fpv4-sp-d16 -mfloat-abi=hard -mthumb -o "Core/Src/stm32f4xx_it.o"
arm-none-eabi-gcc "../Core/Src/syscalls.c" -mcpu=cortex-m4 -std=gnu11 -g3 -DDEBUG -DUSE_HAL_DRIVER -DSTM32F429xx -c -I../Core/Inc -I../Drivers/STM32F4xx_HAL_Driver/Inc -I../Drivers/STM32F4xx_HAL_Driver/Inc/Legacy -I../Drivers/CMSIS/Device/ST/STM32F4xx/Include -I../Drivers/CMSIS/Include -O0 -ffunction-sections -fdata-sections -Wall -fstack-usage -fcyclomatic-complexity -MMD -MP -MF"Core/Src/syscalls.d" -MT"Core/Src/syscalls.o" --specs=nano.specs -mfpu=fpv4-sp-d16 -mfloat-abi=hard -mthumb -o "Core/Src/syscalls.o"
arm-none-eabi-gcc "../Core/Src/sysmem.c" -mcpu=cortex-m4 -std=gnu11 -g3 -DDEBUG -DUSE_HAL_DRIVER -DSTM32F429xx -c -I../Core/Inc -I../Drivers/STM32F4xx_HAL_Driver/Inc -I../Drivers/STM32F4xx_HAL_Driver/Inc/Legacy -I../Drivers/CMSIS/Device/ST/STM32F4xx/Include -I../Drivers/CMSIS/Include -O0 -ffunction-sections -fdata-sections -Wall -fstack-usage -fcyclomatic-complexity -MMD -MP -MF"Core/Src/sysmem.d" -MT"Core/Src/sysmem.o" --specs=nano.specs -mfpu=fpv4-sp-d16 -mfloat-abi=hard -mthumb -o "Core/Src/sysmem.o"
arm-none-eabi-gcc "../Core/Src/system_stm32f4xx.c" -mcpu=cortex-m4 -std=gnu11 -g3 -DDEBUG -DUSE_HAL_DRIVER -DSTM32F429xx -c -I../Core/Inc -I../Drivers/STM32F4xx_HAL_Driver/Inc -I../Drivers/STM32F4xx_HAL_Driver/Inc/Legacy -I../Drivers/CMSIS/Device/ST/STM32F4xx/Include -I../Drivers/CMSIS/Include -O0 -ffunction-sections -fdata-sections -Wall -fstack-usage -fcyclomatic-complexity -MMD -MP -MF"Core/Src/system_stm32f4xx.d" -MT"Core/Src/system_stm32f4xx.o" --specs=nano.specs -mfpu=fpv4-sp-d16 -mfloat-abi=hard -mthumb -o "Core/Src/system_stm32f4xx.o"
arm-none-eabi-gcc -o "blank.elf" @"objects.list"   -mcpu=cortex-m4 -T"/home/umarly-poeta/projects/systemy_wbudowane/04/blank/STM32F429ZITX_FLASH.ld" --specs=nosys.specs -Wl,-Map="blank.map" -Wl,--gc-sections -static --specs=nano.specs -mfpu=fpv4-sp-d16 -mfloat-abi=hard -mthumb -Wl,--start-group -lc -lm -Wl,--end-group
/opt/st/stm32cubeide_1.19.0/plugins/com.st.stm32cube.ide.mcu.externaltools.gnu-tools-for-stm32.13.3.rel1.linux64_1.0.0.202410170706/tools/bin/../lib/gcc/arm-none-eabi/13.3.1/../../../../arm-none-eabi/bin/ld: warning: cannot find entry symbol Reset_Handler; defaulting to 08000000
Finished building target: blank.elf
 
arm-none-eabi-size  blank.elf 
arm-none-eabi-objdump -h -S blank.elf  > "blank.list"
   text	   data	    bss	    dec	    hex	filename
     96	      0	   1568	   1664	    680	blank.elf
Finished building: default.size.stdout
 
Finished building: blank.list
 
13:45:50 **** Incremental Build of configuration Debug for project 04 ****
make -j4 all 
arm-none-eabi-gcc -o "04.elf" @"objects.list"   -mcpu=cortex-m4 -T"/home/umarly-poeta/projects/systemy_wbudowane/04/04/STM32F429ZITX_FLASH.ld" --specs=nosys.specs -Wl,-Map="04.map" -Wl,--gc-sections -static --specs=nano.specs -mfpu=fpv4-sp-d16 -mfloat-abi=hard -mthumb -Wl,--start-group -lc -lm -Wl,--end-group
/opt/st/stm32cubeide_1.19.0/plugins/com.st.stm32cube.ide.mcu.externaltools.gnu-tools-for-stm32.13.3.rel1.linux64_1.0.0.202410170706/tools/bin/../lib/gcc/arm-none-eabi/13.3.1/../../../../arm-none-eabi/bin/ld: ./Core/Src/main.o: in function `main':
/home/umarly-poeta/projects/systemy_wbudowane/04/04/Debug/../Core/Src/main.c:64: multiple definition of `main'; ./Core/Src/lab4.o:/home/umarly-poeta/projects/systemy_wbudowane/04/04/Debug/../Core/Src/lab4.c:46: first defined here
collect2: error: ld returned 1 exit status
make: *** [makefile:64: 04.elf] Error 1
"make -j4 all" terminated with exit code 2. Build might be incomplete.
13:45:51 **** Incremental Build of configuration Debug for project blank ****
make -j4 all 
arm-none-eabi-size  blank.elf 
   text	   data	    bss	    dec	    hex	filename
     96	      0	   1568	   1664	    680	blank.elf
Finished building: default.size.stdout
 
13:46:38 **** Incremental Build of configuration Debug for project 04 ****
make -j4 all 
arm-none-eabi-gcc -o "04.elf" @"objects.list"   -mcpu=cortex-m4 -T"/home/umarly-poeta/projects/systemy_wbudowane/04/04/STM32F429ZITX_FLASH.ld" --specs=nosys.specs -Wl,-Map="04.map" -Wl,--gc-sections -static --specs=nano.specs -mfpu=fpv4-sp-d16 -mfloat-abi=hard -mthumb -Wl,--start-group -lc -lm -Wl,--end-group
/opt/st/stm32cubeide_1.19.0/plugins/com.st.stm32cube.ide.mcu.externaltools.gnu-tools-for-stm32.13.3.rel1.linux64_1.0.0.202410170706/tools/bin/../lib/gcc/arm-none-eabi/13.3.1/../../../../arm-none-eabi/bin/ld: ./Core/Src/main.o: in function `main':
/home/umarly-poeta/projects/systemy_wbudowane/04/04/Debug/../Core/Src/main.c:64: multiple definition of `main'; ./Core/Src/lab4.o:/home/umarly-poeta/projects/systemy_wbudowane/04/04/Debug/../Core/Src/lab4.c:46: first defined here
collect2: error: ld returned 1 exit status
make: *** [makefile:64: 04.elf] Error 1
"make -j4 all" terminated with exit code 2. Build might be incomplete.
13:48:30 **** Incremental Build of configuration Debug for project 04 ****
make -j4 all 
arm-none-eabi-gcc "../Core/Src/GLCD_SPI_STM32F429I.c" -mcpu=cortex-m4 -std=gnu11 -g3 -DDEBUG -DUSE_HAL_DRIVER -DSTM32F429xx -c -I../Core/Inc -I../Drivers/STM32F4xx_HAL_Driver/Inc -I../Drivers/STM32F4xx_HAL_Driver/Inc/Legacy -I../Drivers/CMSIS/Device/ST/STM32F4xx/Include -I../Drivers/CMSIS/Include -O0 -ffunction-sections -fdata-sections -Wall -fstack-usage -fcyclomatic-complexity -MMD -MP -MF"Core/Src/GLCD_SPI_STM32F429I.d" -MT"Core/Src/GLCD_SPI_STM32F429I.o" --specs=nano.specs -mfpu=fpv4-sp-d16 -mfloat-abi=hard -mthumb -o "Core/Src/GLCD_SPI_STM32F429I.o"
arm-none-eabi-gcc "../Core/Src/lab4.c" -mcpu=cortex-m4 -std=gnu11 -g3 -DDEBUG -DUSE_HAL_DRIVER -DSTM32F429xx -c -I../Core/Inc -I../Drivers/STM32F4xx_HAL_Driver/Inc -I../Drivers/STM32F4xx_HAL_Driver/Inc/Legacy -I../Drivers/CMSIS/Device/ST/STM32F4xx/Include -I../Drivers/CMSIS/Include -O0 -ffunction-sections -fdata-sections -Wall -fstack-usage -fcyclomatic-complexity -MMD -MP -MF"Core/Src/lab4.d" -MT"Core/Src/lab4.o" --specs=nano.specs -mfpu=fpv4-sp-d16 -mfloat-abi=hard -mthumb -o "Core/Src/lab4.o"
arm-none-eabi-gcc "../Core/Src/stm32f4xx_hal_msp.c" -mcpu=cortex-m4 -std=gnu11 -g3 -DDEBUG -DUSE_HAL_DRIVER -DSTM32F429xx -c -I../Core/Inc -I../Drivers/STM32F4xx_HAL_Driver/Inc -I../Drivers/STM32F4xx_HAL_Driver/Inc/Legacy -I../Drivers/CMSIS/Device/ST/STM32F4xx/Include -I../Drivers/CMSIS/Include -O0 -ffunction-sections -fdata-sections -Wall -fstack-usage -fcyclomatic-complexity -MMD -MP -MF"Core/Src/stm32f4xx_hal_msp.d" -MT"Core/Src/stm32f4xx_hal_msp.o" --specs=nano.specs -mfpu=fpv4-sp-d16 -mfloat-abi=hard -mthumb -o "Core/Src/stm32f4xx_hal_msp.o"
arm-none-eabi-gcc "../Core/Src/stm32f4xx_it.c" -mcpu=cortex-m4 -std=gnu11 -g3 -DDEBUG -DUSE_HAL_DRIVER -DSTM32F429xx -c -I../Core/Inc -I../Drivers/STM32F4xx_HAL_Driver/Inc -I../Drivers/STM32F4xx_HAL_Driver/Inc/Legacy -I../Drivers/CMSIS/Device/ST/STM32F4xx/Include -I../Drivers/CMSIS/Include -O0 -ffunction-sections -fdata-sections -Wall -fstack-usage -fcyclomatic-complexity -MMD -MP -MF"Core/Src/stm32f4xx_it.d" -MT"Core/Src/stm32f4xx_it.o" --specs=nano.specs -mfpu=fpv4-sp-d16 -mfloat-abi=hard -mthumb -o "Core/Src/stm32f4xx_it.o"
../Core/Src/lab4.c: In function 'main':
../Core/Src/lab4.c:119:41: warning: format '%u' expects argument of type 'unsigned int', but argument 3 has type 'uint32_t' {aka 'long unsigned int'} [-Wformat=]
  119 |                         sprintf(str,"t[%u] = %2.2f %cC     ",i,t,0x82);
      |                                        ~^                    ~
      |                                         |                    |
      |                                         unsigned int         uint32_t {aka long unsigned int}
      |                                        %lu
arm-none-eabi-gcc "../Core/Src/syscalls.c" -mcpu=cortex-m4 -std=gnu11 -g3 -DDEBUG -DUSE_HAL_DRIVER -DSTM32F429xx -c -I../Core/Inc -I../Drivers/STM32F4xx_HAL_Driver/Inc -I../Drivers/STM32F4xx_HAL_Driver/Inc/Legacy -I../Drivers/CMSIS/Device/ST/STM32F4xx/Include -I../Drivers/CMSIS/Include -O0 -ffunction-sections -fdata-sections -Wall -fstack-usage -fcyclomatic-complexity -MMD -MP -MF"Core/Src/syscalls.d" -MT"Core/Src/syscalls.o" --specs=nano.specs -mfpu=fpv4-sp-d16 -mfloat-abi=hard -mthumb -o "Core/Src/syscalls.o"
arm-none-eabi-gcc "../Core/Src/sysmem.c" -mcpu=cortex-m4 -std=gnu11 -g3 -DDEBUG -DUSE_HAL_DRIVER -DSTM32F429xx -c -I../Core/Inc -I../Drivers/STM32F4xx_HAL_Driver/Inc -I../Drivers/STM32F4xx_HAL_Driver/Inc/Legacy -I../Drivers/CMSIS/Device/ST/STM32F4xx/Include -I../Drivers/CMSIS/Include -O0 -ffunction-sections -fdata-sections -Wall -fstack-usage -fcyclomatic-complexity -MMD -MP -MF"Core/Src/sysmem.d" -MT"Core/Src/sysmem.o" --specs=nano.specs -mfpu=fpv4-sp-d16 -mfloat-abi=hard -mthumb -o "Core/Src/sysmem.o"
arm-none-eabi-gcc "../Core/Src/system_stm32f4xx.c" -mcpu=cortex-m4 -std=gnu11 -g3 -DDEBUG -DUSE_HAL_DRIVER -DSTM32F429xx -c -I../Core/Inc -I../Drivers/STM32F4xx_HAL_Driver/Inc -I../Drivers/STM32F4xx_HAL_Driver/Inc/Legacy -I../Drivers/CMSIS/Device/ST/STM32F4xx/Include -I../Drivers/CMSIS/Include -O0 -ffunction-sections -fdata-sections -Wall -fstack-usage -fcyclomatic-complexity -MMD -MP -MF"Core/Src/system_stm32f4xx.d" -MT"Core/Src/system_stm32f4xx.o" --specs=nano.specs -mfpu=fpv4-sp-d16 -mfloat-abi=hard -mthumb -o "Core/Src/system_stm32f4xx.o"
arm-none-eabi-gcc -o "04.elf" @"objects.list"   -mcpu=cortex-m4 -T"/home/umarly-poeta/projects/systemy_wbudowane/04/04/STM32F429ZITX_FLASH.ld" --specs=nosys.specs -Wl,-Map="04.map" -Wl,--gc-sections -static --specs=nano.specs -mfpu=fpv4-sp-d16 -mfloat-abi=hard -mthumb -Wl,--start-group -lc -lm -Wl,--end-group
Finished building target: 04.elf
 
arm-none-eabi-size  04.elf 
arm-none-eabi-objdump -h -S 04.elf  > "04.list"
   text	   data	    bss	    dec	    hex	filename
  12760	     88	   1944	  14792	   39c8	04.elf
Finished building: default.size.stdout
 
Finished building: 04.list
 
13:48:32 **** Incremental Build of configuration Debug for project blank ****
make -j4 all 
arm-none-eabi-size  blank.elf 
   text	   data	    bss	    dec	    hex	filename
     96	      0	   1568	   1664	    680	blank.elf
Finished building: default.size.stdout
 
13:48:52 **** Incremental Build of configuration Debug for project 04 ****
make -j4 all 
arm-none-eabi-size  04.elf 
   text	   data	    bss	    dec	    hex	filename
  12760	     88	   1944	  14792	   39c8	04.elf
Finished building: default.size.stdout
 
14:05:02 **** Incremental Build of configuration Debug for project 04 ****
make -j4 all 
arm-none-eabi-gcc "../Core/Src/lab4.c" -mcpu=cortex-m4 -std=gnu11 -g3 -DDEBUG -DUSE_HAL_DRIVER -DSTM32F429xx -c -I../Core/Inc -I../Drivers/STM32F4xx_HAL_Driver/Inc -I../Drivers/STM32F4xx_HAL_Driver/Inc/Legacy -I../Drivers/CMSIS/Device/ST/STM32F4xx/Include -I../Drivers/CMSIS/Include -O0 -ffunction-sections -fdata-sections -Wall -fstack-usage -fcyclomatic-complexity -MMD -MP -MF"Core/Src/lab4.d" -MT"Core/Src/lab4.o" --specs=nano.specs -mfpu=fpv4-sp-d16 -mfloat-abi=hard -mthumb -o "Core/Src/lab4.o"
../Core/Src/lab4.c: In function 'main':
../Core/Src/lab4.c:124:41: warning: format '%u' expects argument of type 'unsigned int', but argument 3 has type 'uint32_t' {aka 'long unsigned int'} [-Wformat=]
  124 |                         sprintf(str,"t[%u] = %2.2f %cC     ",i,t,0x82);
      |                                        ~^                    ~
      |                                         |                    |
      |                                         unsigned int         uint32_t {aka long unsigned int}
      |                                        %lu
arm-none-eabi-gcc -o "04.elf" @"objects.list"   -mcpu=cortex-m4 -T"/home/umarly-poeta/projects/systemy_wbudowane/04/04/STM32F429ZITX_FLASH.ld" --specs=nosys.specs -Wl,-Map="04.map" -Wl,--gc-sections -static --specs=nano.specs -mfpu=fpv4-sp-d16 -mfloat-abi=hard -mthumb -Wl,--start-group -lc -lm -Wl,--end-group
Finished building target: 04.elf
 
arm-none-eabi-size  04.elf 
arm-none-eabi-objdump -h -S 04.elf  > "04.list"
   text	   data	    bss	    dec	    hex	filename
  12792	     88	   1944	  14824	   39e8	04.elf
Finished building: default.size.stdout
 
Finished building: 04.list
 

**** Build of configuration Debug for project blank ****

Nothing to build for project blank
14:05:26 **** Incremental Build of configuration Debug for project 04 ****
make -j4 all 
arm-none-eabi-size  04.elf 
   text	   data	    bss	    dec	    hex	filename
  12792	     88	   1944	  14824	   39e8	04.elf
Finished building: default.size.stdout
 
14:14:27 **** Incremental Build of configuration Debug for project 04 ****
make -j4 all 
arm-none-eabi-gcc "../Core/Src/lab4.c" -mcpu=cortex-m4 -std=gnu11 -g3 -DDEBUG -DUSE_HAL_DRIVER -DSTM32F429xx -c -I../Core/Inc -I../Drivers/STM32F4xx_HAL_Driver/Inc -I../Drivers/STM32F4xx_HAL_Driver/Inc/Legacy -I../Drivers/CMSIS/Device/ST/STM32F4xx/Include -I../Drivers/CMSIS/Include -O0 -ffunction-sections -fdata-sections -Wall -fstack-usage -fcyclomatic-complexity -MMD -MP -MF"Core/Src/lab4.d" -MT"Core/Src/lab4.o" --specs=nano.specs -mfpu=fpv4-sp-d16 -mfloat-abi=hard -mthumb -o "Core/Src/lab4.o"
../Core/Src/lab4.c: In function 'main':
../Core/Src/lab4.c:128:90: error: expected ';' before ')' token
  128 |                                 suma += ((LSB * (float)buff[j]) - 0.76f) * 400.0f + 25.0f);
      |                                                                                          ^
      |                                                                                          ;
../Core/Src/lab4.c:128:90: error: expected statement before ')' token
../Core/Src/lab4.c:131:41: warning: format '%u' expects argument of type 'unsigned int', but argument 3 has type 'uint32_t' {aka 'long unsigned int'} [-Wformat=]
  131 |                         sprintf(str,"t[%u] = %2.2f %cC     ",i,t,0x82);
      |                                        ~^                    ~
      |                                         |                    |
      |                                         unsigned int         uint32_t {aka long unsigned int}
      |                                        %lu
make: *** [Core/Src/subdir.mk:37: Core/Src/lab4.o] Error 1
"make -j4 all" terminated with exit code 2. Build might be incomplete.
14:18:07 **** Incremental Build of configuration Debug for project 04 ****
make -j4 all 
arm-none-eabi-gcc "../Core/Src/lab4.c" -mcpu=cortex-m4 -std=gnu11 -g3 -DDEBUG -DUSE_HAL_DRIVER -DSTM32F429xx -c -I../Core/Inc -I../Drivers/STM32F4xx_HAL_Driver/Inc -I../Drivers/STM32F4xx_HAL_Driver/Inc/Legacy -I../Drivers/CMSIS/Device/ST/STM32F4xx/Include -I../Drivers/CMSIS/Include -O0 -ffunction-sections -fdata-sections -Wall -fstack-usage -fcyclomatic-complexity -MMD -MP -MF"Core/Src/lab4.d" -MT"Core/Src/lab4.o" --specs=nano.specs -mfpu=fpv4-sp-d16 -mfloat-abi=hard -mthumb -o "Core/Src/lab4.o"
../Core/Src/lab4.c: In function 'main':
../Core/Src/lab4.c:124:26: warning: format '%u' expects argument of type 'unsigned int', but argument 3 has type 'uint32_t' {aka 'long unsigned int'} [-Wformat=]
  124 |         sprintf(str, "t[%u] = %2.2f %cC", i, t, 0x82);
      |                         ~^                ~
      |                          |                |
      |                          unsigned int     uint32_t {aka long unsigned int}
      |                         %lu
arm-none-eabi-gcc -o "04.elf" @"objects.list"   -mcpu=cortex-m4 -T"/home/umarly-poeta/projects/systemy_wbudowane/04/04/STM32F429ZITX_FLASH.ld" --specs=nosys.specs -Wl,-Map="04.map" -Wl,--gc-sections -static --specs=nano.specs -mfpu=fpv4-sp-d16 -mfloat-abi=hard -mthumb -Wl,--start-group -lc -lm -Wl,--end-group
Finished building target: 04.elf
 
arm-none-eabi-size  04.elf 
arm-none-eabi-objdump -h -S 04.elf  > "04.list"
   text	   data	    bss	    dec	    hex	filename
  12932	     88	   1944	  14964	   3a74	04.elf
Finished building: default.size.stdout
 
Finished building: 04.list
 
14:21:45 **** Incremental Build of configuration Debug for project 04 ****
make -j4 all 
arm-none-eabi-size  04.elf 
   text	   data	    bss	    dec	    hex	filename
  12932	     88	   1944	  14964	   3a74	04.elf
Finished building: default.size.stdout
 
14:28:01 **** Incremental Build of configuration Debug for project 04 ****
make -j4 all 
arm-none-eabi-gcc "../Core/Src/GLCD_SPI_STM32F429I.c" -mcpu=cortex-m4 -std=gnu11 -g3 -DDEBUG -DUSE_HAL_DRIVER -DSTM32F429xx -c -I../Core/Inc -I../Drivers/STM32F4xx_HAL_Driver/Inc -I../Drivers/STM32F4xx_HAL_Driver/Inc/Legacy -I../Drivers/CMSIS/Device/ST/STM32F4xx/Include -I../Drivers/CMSIS/Include -O0 -ffunction-sections -fdata-sections -Wall -fstack-usage -fcyclomatic-complexity -MMD -MP -MF"Core/Src/GLCD_SPI_STM32F429I.d" -MT"Core/Src/GLCD_SPI_STM32F429I.o" --specs=nano.specs -mfpu=fpv4-sp-d16 -mfloat-abi=hard -mthumb -o "Core/Src/GLCD_SPI_STM32F429I.o"
arm-none-eabi-gcc "../Core/Src/main.c" -mcpu=cortex-m4 -std=gnu11 -g3 -DDEBUG -DUSE_HAL_DRIVER -DSTM32F429xx -c -I../Core/Inc -I../Drivers/STM32F4xx_HAL_Driver/Inc -I../Drivers/STM32F4xx_HAL_Driver/Inc/Legacy -I../Drivers/CMSIS/Device/ST/STM32F4xx/Include -I../Drivers/CMSIS/Include -O0 -ffunction-sections -fdata-sections -Wall -fstack-usage -fcyclomatic-complexity -MMD -MP -MF"Core/Src/main.d" -MT"Core/Src/main.o" --specs=nano.specs -mfpu=fpv4-sp-d16 -mfloat-abi=hard -mthumb -o "Core/Src/main.o"
arm-none-eabi-gcc "../Core/Src/stm32f4xx_hal_msp.c" -mcpu=cortex-m4 -std=gnu11 -g3 -DDEBUG -DUSE_HAL_DRIVER -DSTM32F429xx -c -I../Core/Inc -I../Drivers/STM32F4xx_HAL_Driver/Inc -I../Drivers/STM32F4xx_HAL_Driver/Inc/Legacy -I../Drivers/CMSIS/Device/ST/STM32F4xx/Include -I../Drivers/CMSIS/Include -O0 -ffunction-sections -fdata-sections -Wall -fstack-usage -fcyclomatic-complexity -MMD -MP -MF"Core/Src/stm32f4xx_hal_msp.d" -MT"Core/Src/stm32f4xx_hal_msp.o" --specs=nano.specs -mfpu=fpv4-sp-d16 -mfloat-abi=hard -mthumb -o "Core/Src/stm32f4xx_hal_msp.o"
arm-none-eabi-gcc "../Core/Src/stm32f4xx_it.c" -mcpu=cortex-m4 -std=gnu11 -g3 -DDEBUG -DUSE_HAL_DRIVER -DSTM32F429xx -c -I../Core/Inc -I../Drivers/STM32F4xx_HAL_Driver/Inc -I../Drivers/STM32F4xx_HAL_Driver/Inc/Legacy -I../Drivers/CMSIS/Device/ST/STM32F4xx/Include -I../Drivers/CMSIS/Include -O0 -ffunction-sections -fdata-sections -Wall -fstack-usage -fcyclomatic-complexity -MMD -MP -MF"Core/Src/stm32f4xx_it.d" -MT"Core/Src/stm32f4xx_it.o" --specs=nano.specs -mfpu=fpv4-sp-d16 -mfloat-abi=hard -mthumb -o "Core/Src/stm32f4xx_it.o"
../Core/Src/main.c: In function 'main':
../Core/Src/main.c:124:26: warning: format '%u' expects argument of type 'unsigned int', but argument 3 has type 'uint32_t' {aka 'long unsigned int'} [-Wformat=]
  124 |         sprintf(str, "t[%u] = %2.2f %cC", i, t, 0x82);
      |                         ~^                ~
      |                          |                |
      |                          unsigned int     uint32_t {aka long unsigned int}
      |                         %lu
arm-none-eabi-gcc "../Core/Src/syscalls.c" -mcpu=cortex-m4 -std=gnu11 -g3 -DDEBUG -DUSE_HAL_DRIVER -DSTM32F429xx -c -I../Core/Inc -I../Drivers/STM32F4xx_HAL_Driver/Inc -I../Drivers/STM32F4xx_HAL_Driver/Inc/Legacy -I../Drivers/CMSIS/Device/ST/STM32F4xx/Include -I../Drivers/CMSIS/Include -O0 -ffunction-sections -fdata-sections -Wall -fstack-usage -fcyclomatic-complexity -MMD -MP -MF"Core/Src/syscalls.d" -MT"Core/Src/syscalls.o" --specs=nano.specs -mfpu=fpv4-sp-d16 -mfloat-abi=hard -mthumb -o "Core/Src/syscalls.o"
arm-none-eabi-gcc "../Core/Src/sysmem.c" -mcpu=cortex-m4 -std=gnu11 -g3 -DDEBUG -DUSE_HAL_DRIVER -DSTM32F429xx -c -I../Core/Inc -I../Drivers/STM32F4xx_HAL_Driver/Inc -I../Drivers/STM32F4xx_HAL_Driver/Inc/Legacy -I../Drivers/CMSIS/Device/ST/STM32F4xx/Include -I../Drivers/CMSIS/Include -O0 -ffunction-sections -fdata-sections -Wall -fstack-usage -fcyclomatic-complexity -MMD -MP -MF"Core/Src/sysmem.d" -MT"Core/Src/sysmem.o" --specs=nano.specs -mfpu=fpv4-sp-d16 -mfloat-abi=hard -mthumb -o "Core/Src/sysmem.o"
arm-none-eabi-gcc "../Core/Src/system_stm32f4xx.c" -mcpu=cortex-m4 -std=gnu11 -g3 -DDEBUG -DUSE_HAL_DRIVER -DSTM32F429xx -c -I../Core/Inc -I../Drivers/STM32F4xx_HAL_Driver/Inc -I../Drivers/STM32F4xx_HAL_Driver/Inc/Legacy -I../Drivers/CMSIS/Device/ST/STM32F4xx/Include -I../Drivers/CMSIS/Include -O0 -ffunction-sections -fdata-sections -Wall -fstack-usage -fcyclomatic-complexity -MMD -MP -MF"Core/Src/system_stm32f4xx.d" -MT"Core/Src/system_stm32f4xx.o" --specs=nano.specs -mfpu=fpv4-sp-d16 -mfloat-abi=hard -mthumb -o "Core/Src/system_stm32f4xx.o"
arm-none-eabi-gcc -o "04.elf" @"objects.list"   -mcpu=cortex-m4 -T"/home/umarly-poeta/projects/systemy_wbudowane/04/04/STM32F429ZITX_FLASH.ld" --specs=nosys.specs -Wl,-Map="04.map" -Wl,--gc-sections -static --specs=nano.specs -mfpu=fpv4-sp-d16 -mfloat-abi=hard -mthumb -Wl,--start-group -lc -lm -Wl,--end-group
Finished building target: 04.elf
 
arm-none-eabi-size  04.elf 
arm-none-eabi-objdump -h -S 04.elf  > "04.list"
   text	   data	    bss	    dec	    hex	filename
  12932	     88	   1944	  14964	   3a74	04.elf
Finished building: default.size.stdout
 
Finished building: 04.list
 
