Archive member included to satisfy reference by file (symbol)

/opt/st/stm32cubeide_1.19.0/plugins/com.st.stm32cube.ide.mcu.externaltools.gnu-tools-for-stm32.13.3.rel1.linux64_1.0.0.202410170706/tools/bin/../lib/gcc/arm-none-eabi/13.3.1/../../../../arm-none-eabi/lib/thumb/v7e-m+fp/hard/libc_nano.a(libc_a-exit.o)
                              /opt/st/stm32cubeide_1.19.0/plugins/com.st.stm32cube.ide.mcu.externaltools.gnu-tools-for-stm32.13.3.rel1.linux64_1.0.0.202410170706/tools/bin/../lib/gcc/arm-none-eabi/13.3.1/../../../../arm-none-eabi/lib/thumb/v7e-m+fp/hard/crt0.o (exit)
/opt/st/stm32cubeide_1.19.0/plugins/com.st.stm32cube.ide.mcu.externaltools.gnu-tools-for-stm32.13.3.rel1.linux64_1.0.0.202410170706/tools/bin/../lib/gcc/arm-none-eabi/13.3.1/../../../../arm-none-eabi/lib/thumb/v7e-m+fp/hard/libc_nano.a(libc_a-findfp.o)
                              /opt/st/stm32cubeide_1.19.0/plugins/com.st.stm32cube.ide.mcu.externaltools.gnu-tools-for-stm32.13.3.rel1.linux64_1.0.0.202410170706/tools/bin/../lib/gcc/arm-none-eabi/13.3.1/../../../../arm-none-eabi/lib/thumb/v7e-m+fp/hard/libc_nano.a(libc_a-exit.o) (__stdio_exit_handler)
/opt/st/stm32cubeide_1.19.0/plugins/com.st.stm32cube.ide.mcu.externaltools.gnu-tools-for-stm32.13.3.rel1.linux64_1.0.0.202410170706/tools/bin/../lib/gcc/arm-none-eabi/13.3.1/../../../../arm-none-eabi/lib/thumb/v7e-m+fp/hard/libc_nano.a(libc_a-fwalk.o)
                              /opt/st/stm32cubeide_1.19.0/plugins/com.st.stm32cube.ide.mcu.externaltools.gnu-tools-for-stm32.13.3.rel1.linux64_1.0.0.202410170706/tools/bin/../lib/gcc/arm-none-eabi/13.3.1/../../../../arm-none-eabi/lib/thumb/v7e-m+fp/hard/libc_nano.a(libc_a-findfp.o) (_fwalk_sglue)
/opt/st/stm32cubeide_1.19.0/plugins/com.st.stm32cube.ide.mcu.externaltools.gnu-tools-for-stm32.13.3.rel1.linux64_1.0.0.202410170706/tools/bin/../lib/gcc/arm-none-eabi/13.3.1/../../../../arm-none-eabi/lib/thumb/v7e-m+fp/hard/libc_nano.a(libc_a-sprintf.o)
                              ./Core/Src/main.o (sprintf)
/opt/st/stm32cubeide_1.19.0/plugins/com.st.stm32cube.ide.mcu.externaltools.gnu-tools-for-stm32.13.3.rel1.linux64_1.0.0.202410170706/tools/bin/../lib/gcc/arm-none-eabi/13.3.1/../../../../arm-none-eabi/lib/thumb/v7e-m+fp/hard/libc_nano.a(libc_a-stdio.o)
                              /opt/st/stm32cubeide_1.19.0/plugins/com.st.stm32cube.ide.mcu.externaltools.gnu-tools-for-stm32.13.3.rel1.linux64_1.0.0.202410170706/tools/bin/../lib/gcc/arm-none-eabi/13.3.1/../../../../arm-none-eabi/lib/thumb/v7e-m+fp/hard/libc_nano.a(libc_a-findfp.o) (__sread)
/opt/st/stm32cubeide_1.19.0/plugins/com.st.stm32cube.ide.mcu.externaltools.gnu-tools-for-stm32.13.3.rel1.linux64_1.0.0.202410170706/tools/bin/../lib/gcc/arm-none-eabi/13.3.1/../../../../arm-none-eabi/lib/thumb/v7e-m+fp/hard/libc_nano.a(libc_a-memset.o)
                              /opt/st/stm32cubeide_1.19.0/plugins/com.st.stm32cube.ide.mcu.externaltools.gnu-tools-for-stm32.13.3.rel1.linux64_1.0.0.202410170706/tools/bin/../lib/gcc/arm-none-eabi/13.3.1/../../../../arm-none-eabi/lib/thumb/v7e-m+fp/hard/crt0.o (memset)
/opt/st/stm32cubeide_1.19.0/plugins/com.st.stm32cube.ide.mcu.externaltools.gnu-tools-for-stm32.13.3.rel1.linux64_1.0.0.202410170706/tools/bin/../lib/gcc/arm-none-eabi/13.3.1/../../../../arm-none-eabi/lib/thumb/v7e-m+fp/hard/libc_nano.a(libc_a-closer.o)
                              /opt/st/stm32cubeide_1.19.0/plugins/com.st.stm32cube.ide.mcu.externaltools.gnu-tools-for-stm32.13.3.rel1.linux64_1.0.0.202410170706/tools/bin/../lib/gcc/arm-none-eabi/13.3.1/../../../../arm-none-eabi/lib/thumb/v7e-m+fp/hard/libc_nano.a(libc_a-stdio.o) (_close_r)
/opt/st/stm32cubeide_1.19.0/plugins/com.st.stm32cube.ide.mcu.externaltools.gnu-tools-for-stm32.13.3.rel1.linux64_1.0.0.202410170706/tools/bin/../lib/gcc/arm-none-eabi/13.3.1/../../../../arm-none-eabi/lib/thumb/v7e-m+fp/hard/libc_nano.a(libc_a-reent.o)
                              /opt/st/stm32cubeide_1.19.0/plugins/com.st.stm32cube.ide.mcu.externaltools.gnu-tools-for-stm32.13.3.rel1.linux64_1.0.0.202410170706/tools/bin/../lib/gcc/arm-none-eabi/13.3.1/../../../../arm-none-eabi/lib/thumb/v7e-m+fp/hard/libc_nano.a(libc_a-closer.o) (errno)
/opt/st/stm32cubeide_1.19.0/plugins/com.st.stm32cube.ide.mcu.externaltools.gnu-tools-for-stm32.13.3.rel1.linux64_1.0.0.202410170706/tools/bin/../lib/gcc/arm-none-eabi/13.3.1/../../../../arm-none-eabi/lib/thumb/v7e-m+fp/hard/libc_nano.a(libc_a-impure.o)
                              /opt/st/stm32cubeide_1.19.0/plugins/com.st.stm32cube.ide.mcu.externaltools.gnu-tools-for-stm32.13.3.rel1.linux64_1.0.0.202410170706/tools/bin/../lib/gcc/arm-none-eabi/13.3.1/../../../../arm-none-eabi/lib/thumb/v7e-m+fp/hard/libc_nano.a(libc_a-sprintf.o) (_impure_ptr)
/opt/st/stm32cubeide_1.19.0/plugins/com.st.stm32cube.ide.mcu.externaltools.gnu-tools-for-stm32.13.3.rel1.linux64_1.0.0.202410170706/tools/bin/../lib/gcc/arm-none-eabi/13.3.1/../../../../arm-none-eabi/lib/thumb/v7e-m+fp/hard/libc_nano.a(libc_a-lseekr.o)
[...]
Memory Configuration

Name             Origin             Length             Attributes
CCMRAM           0x10000000         0x00010000         xrw
RAM              0x20000000         0x00030000         xrw
FLASH            0x08000000         0x00200000         xr
*default*        0x00000000         0xffffffff

Linker script and memory map

LOAD /opt/st/stm32cubeide_1.19.0/plugins/com.st.stm32cube.ide.mcu.externaltools.gnu-tools-for-stm32.13.3.rel1.linux64_1.0.0.202410170706/tools/bin/../lib/gcc/arm-none-eabi/13.3.1/thumb/v7e-m+fp/hard/crti.o
LOAD /opt/st/stm32cubeide_1.19.0/plugins/com.st.stm32cube.ide.mcu.externaltools.gnu-tools-for-stm32.13.3.rel1.linux64_1.0.0.202410170706/tools/bin/../lib/gcc/arm-none-eabi/13.3.1/thumb/v7e-m+fp/hard/crtbegin.o
LOAD /opt/st/stm32cubeide_1.19.0/plugins/com.st.stm32cube.ide.mcu.externaltools.gnu-tools-for-stm32.13.3.rel1.linux64_1.0.0.202410170706/tools/bin/../lib/gcc/arm-none-eabi/13.3.1/../../../../arm-none-eabi/lib/thumb/v7e-m+fp/hard/crt0.o
LOAD ./Core/Src/GLCD_SPI_STM32F429I.o
LOAD ./Core/Src/main.o
LOAD ./Core/Src/stm32f4xx_hal_msp.o
LOAD ./Core/Src/stm32f4xx_it.o
LOAD ./Core/Src/syscalls.o
LOAD ./Core/Src/sysmem.o
LOAD ./Core/Src/system_stm32f4xx.o
LOAD ./Core/Startup/startup_stm32f429zitx.o
LOAD ./Drivers/STM32F4xx_HAL_Driver/Src/stm32f4xx_hal.o
LOAD ./Drivers/STM32F4xx_HAL_Driver/Src/stm32f4xx_hal_cortex.o
LOAD ./Drivers/STM32F4xx_HAL_Driver/Src/stm32f4xx_hal_dma.o
LOAD ./Drivers/STM32F4xx_HAL_Driver/Src/stm32f4xx_hal_dma_ex.o
LOAD ./Drivers/STM32F4xx_HAL_Driver/Src/stm32f4xx_hal_exti.o
LOAD ./Drivers/STM32F4xx_HAL_Driver/Src/stm32f4xx_hal_flash.o
LOAD ./Drivers/STM32F4xx_HAL_Driver/Src/stm32f4xx_hal_flash_ex.o
LOAD ./Drivers/STM32F4xx_HAL_Driver/Src/stm32f4xx_hal_flash_ramfunc.o
LOAD ./Drivers/STM32F4xx_HAL_Driver/Src/stm32f4xx_hal_gpio.o
LOAD ./Drivers/STM32F4xx_HAL_Driver/Src/stm32f4xx_hal_pwr.o
LOAD ./Drivers/STM32F4xx_HAL_Driver/Src/stm32f4xx_hal_pwr_ex.o
LOAD ./Drivers/STM32F4xx_HAL_Driver/Src/stm32f4xx_hal_rcc.o
LOAD ./Drivers/STM32F4xx_HAL_Driver/Src/stm32f4xx_hal_rcc_ex.o
START GROUP
LOAD /opt/st/stm32cubeide_1.19.0/plugins/com.st.stm32cube.ide.mcu.externaltools.gnu-tools-for-stm32.13.3.rel1.linux64_1.0.0.202410170706/tools/bin/../lib/gcc/arm-none-eabi/13.3.1/../../../../arm-none-eabi/lib/thumb/v7e-m+fp/hard/libc_nano.a
LOAD /opt/st/stm32cubeide_1.19.0/plugins/com.st.stm32cube.ide.mcu.externaltools.gnu-tools-for-stm32.13.3.rel1.linux64_1.0.0.202410170706/tools/bin/../lib/gcc/arm-none-eabi/13.3.1/../../../../arm-none-eabi/lib/thumb/v7e-m+fp/hard/libm.a
END GROUP
START GROUP
LOAD /opt/st/stm32cubeide_1.19.0/plugins/com.st.stm32cube.ide.mcu.externaltools.gnu-tools-for-stm32.13.3.rel1.linux64_1.0.0.202410170706/tools/bin/../lib/gcc/arm-none-eabi/13.3.1/thumb/v7e-m+fp/hard/libgcc.a
LOAD /opt/st/stm32cubeide_1.19.0/plugins/com.st.stm32cube.ide.mcu.externaltools.gnu-tools-for-stm32.13.3.rel1.linux64_1.0.0.202410170706/tools/bin/../lib/gcc/arm-none-eabi/13.3.1/../../../../arm-none-eabi/lib/thumb/v7e-m+fp/hard/libc_nano.a
END GROUP
START GROUP
LOAD /opt/st/stm32cubeide_1.19.0/plugins/com.st.stm32cube.ide.mcu.externaltools.gnu-tools-for-stm32.13.3.rel1.linux64_1.0.0.202410170706/tools/bin/../lib/gcc/arm-none-eabi/13.3.1/thumb/v7e-m+fp/hard/libgcc.a
LOAD /opt/st/stm32cubeide_1.19.0/plugins/com.st.stm32cube.ide.mcu.externaltools.gnu-tools-for-stm32.13.3.rel1.linux64_1.0.0.202410170706/tools/bin/../lib/gcc/arm-none-eabi/13.3.1/../../../../arm-none-eabi/lib/thumb/v7e-m+fp/hard/libc_nano.a
LOAD /opt/st/stm32cubeide_1.19.0/plugins/com.st.stm32cube.ide.mcu.externaltools.gnu-tools-for-stm32.13.3.rel1.linux64_1.0.0.202410170706/tools/bin/../lib/gcc/arm-none-eabi/13.3.1/../../../../arm-none-eabi/lib/thumb/v7e-m+fp/hard/libnosys.a
END GROUP
START GROUP
LOAD /opt/st/stm32cubeide_1.19.0/plugins/com.st.stm32cube.ide.mcu.externaltools.gnu-tools-for-stm32.13.3.rel1.linux64_1.0.0.202410170706/tools/bin/../lib/gcc/arm-none-eabi/13.3.1/thumb/v7e-m+fp/hard/libgcc.a
LOAD /opt/st/stm32cubeide_1.19.0/plugins/com.st.stm32cube.ide.mcu.externaltools.gnu-tools-for-stm32.13.3.rel1.linux64_1.0.0.202410170706/tools/bin/../lib/gcc/arm-none-eabi/13.3.1/../../../../arm-none-eabi/lib/thumb/v7e-m+fp/hard/libc_nano.a
LOAD /opt/st/stm32cubeide_1.19.0/plugins/com.st.stm32cube.ide.mcu.externaltools.gnu-tools-for-stm32.13.3.rel1.linux64_1.0.0.202410170706/tools/bin/../lib/gcc/arm-none-eabi/13.3.1/../../../../arm-none-eabi/lib/thumb/v7e-m+fp/hard/libnosys.a
END GROUP
LOAD /opt/st/stm32cubeide_1.19.0/plugins/com.st.stm32cube.ide.mcu.externaltools.gnu-tools-for-stm32.13.3.rel1.linux64_1.0.0.202410170706/tools/bin/../lib/gcc/arm-none-eabi/13.3.1/thumb/v7e-m+fp/hard/crtend.o
LOAD /opt/st/stm32cubeide_1.19.0/plugins/com.st.stm32cube.ide.mcu.externaltools.gnu-tools-for-stm32.13.3.rel1.linux64_1.0.0.202410170706/tools/bin/../lib/gcc/arm-none-eabi/13.3.1/thumb/v7e-m+fp/hard/crtn.o
                0x20030000                        _estack = (ORIGIN (RAM) + LENGTH (RAM))
                0x00000200                        _Min_Heap_Size = 0x200
                0x00000400                        _Min_Stack_Size = 0x400

.isr_vector     0x08000000      0x1ac
                0x08000000                        . = ALIGN (0x4)
 *(.isr_vector)
 .isr_vector    0x08000000      0x1ac ./Core/Startup/startup_stm32f429zitx.o
                0x08000000                g_pfnVectors
                0x080001ac                        . = ALIGN (0x4)

.text           0x080001b0     0x1b70
                0x080001b0                        . = ALIGN (0x4)
 *(.text)
 .text          0x080001b0       0x40 /opt/st/stm32cubeide_1.19.0/plugins/com.st.stm32cube.ide.mcu.externaltools.gnu-tools-for-stm32.13.3.rel1.linux64_1.0.0.202410170706/tools/bin/../lib/gcc/arm-none-eabi/13.3.1/thumb/v7e-m+fp/hard/crtbegin.o
 .text          0x080001f0       0xa0 /opt/st/stm32cubeide_1.19.0/plugins/com.st.stm32cube.ide.mcu.externaltools.gnu-tools-for-stm32.13.3.rel1.linux64_1.0.0.202410170706/tools/bin/../lib/gcc/arm-none-eabi/13.3.1/../../../../arm-none-eabi/lib/thumb/v7e-m+fp/hard/libc_nano.a(libc_a-memchr.o)
                0x080001f0                memchr
 .text          0x08000290      0x378 /opt/st/stm32cubeide_1.19.0/plugins/com.st.stm32cube.ide.mcu.externaltools.gnu-tools-for-stm32.13.3.rel1.linux64_1.0.0.202410170706/tools/bin/../lib/gcc/arm-none-eabi/13.3.1/thumb/v7e-m+fp/hard/libgcc.a(_arm_addsubdf3.o)
                0x08000290                __aeabi_drsub
                0x08000298                __aeabi_dsub
                0x08000298                __subdf3
                0x0800029c                __adddf3
                0x0800029c                __aeabi_dadd
                0x08000514                __aeabi_ui2d
                0x08000514                __floatunsidf
                0x08000534                __floatsidf
                0x08000534                __aeabi_i2d
                0x08000558                __extendsfdf2
                0x08000558                __aeabi_f2d
                0x0800059c                __aeabi_ul2d
                0x0800059c                __floatundidf
                0x080005ac                __floatdidf
                0x080005ac                __aeabi_l2d
 *(.text*)
 .text.delay    0x08000608       0x2a ./Core/Src/GLCD_SPI_STM32F429I.o
 *fill*         0x08000632        0x2 
 .text.spi_tran
                0x08000634       0x34 ./Core/Src/GLCD_SPI_STM32F429I.o
 .text.wr_cmd   0x08000668       0x38 ./Core/Src/GLCD_SPI_STM32F429I.o
 .text.wr_dat   0x080006a0       0x3c ./Core/Src/GLCD_SPI_STM32F429I.o
 .text.wr_dat_start
                0x080006dc       0x28 ./Core/Src/GLCD_SPI_STM32F429I.o
 .text.wr_dat_stop
                0x08000704       0x18 ./Core/Src/GLCD_SPI_STM32F429I.o
 .text.wr_dat_only
                0x0800071c       0x2a ./Core/Src/GLCD_SPI_STM32F429I.o
 *fill*         0x08000746        0x2 
 .text.GLCD_Initialize
                0x08000748      0x650 ./Core/Src/GLCD_SPI_STM32F429I.o
                0x08000748                GLCD_Initialize
 .text.GLCD_SetWindow
                0x08000d98       0xc4 ./Core/Src/GLCD_SPI_STM32F429I.o
                0x08000d98                GLCD_SetWindow
 .text.GLCD_WindowMax
                0x08000e5c       0x16 ./Core/Src/GLCD_SPI_STM32F429I.o
                0x08000e5c                GLCD_WindowMax
 *fill*         0x08000e72        0x2 
 .text.GLCD_SetTextColor
                0x08000e74       0x20 ./Core/Src/GLCD_SPI_STM32F429I.o
                0x08000e74                GLCD_SetTextColor
 .text.GLCD_SetBackColor
                0x08000e94       0x20 ./Core/Src/GLCD_SPI_STM32F429I.o
                0x08000e94                GLCD_SetBackColor
 .text.GLCD_Clear
                0x08000eb4       0x40 ./Core/Src/GLCD_SPI_STM32F429I.o
                0x08000eb4                GLCD_Clear
 .text.GLCD_DrawChar
                0x08000ef4       0xe8 ./Core/Src/GLCD_SPI_STM32F429I.o
                0x08000ef4                GLCD_DrawChar
 .text.GLCD_DisplayChar
                0x08000fdc       0x4c ./Core/Src/GLCD_SPI_STM32F429I.o
                0x08000fdc                GLCD_DisplayChar
 .text.GLCD_DisplayString
                0x08001028       0x36 ./Core/Src/GLCD_SPI_STM32F429I.o
                0x08001028                GLCD_DisplayString
 *fill*         0x0800105e        0x2 
 .text.main     0x08001060      0x20c ./Core/Src/main.o
                0x08001060                main
 .text.NMI_Handler
                0x0800126c        0x8 ./Core/Src/stm32f4xx_it.o
                0x0800126c                NMI_Handler
 .text.HardFault_Handler
                0x08001274        0x8 ./Core/Src/stm32f4xx_it.o
                0x08001274                HardFault_Handler
 .text.MemManage_Handler
                0x0800127c        0x8 ./Core/Src/stm32f4xx_it.o
                0x0800127c                MemManage_Handler
 .text.BusFault_Handler
                0x08001284        0x8 ./Core/Src/stm32f4xx_it.o
                0x08001284                BusFault_Handler
 .text.UsageFault_Handler
                0x0800128c        0x8 ./Core/Src/stm32f4xx_it.o
                0x0800128c                UsageFault_Handler
 .text.SVC_Handler
                0x08001294        0xe ./Core/Src/stm32f4xx_it.o
                0x08001294                SVC_Handler
 .text.DebugMon_Handler
                0x080012a2        0xe ./Core/Src/stm32f4xx_it.o
                0x080012a2                DebugMon_Handler
 .text.PendSV_Handler
                0x080012b0        0xe ./Core/Src/stm32f4xx_it.o
                0x080012b0                PendSV_Handler
 .text.SysTick_Handler
                0x080012be        0xc ./Core/Src/stm32f4xx_it.o
                0x080012be                SysTick_Handler
 *fill*         0x080012ca        0x2 
 .text._sbrk    0x080012cc       0x6c ./Core/Src/sysmem.o
                0x080012cc                _sbrk
 .text.SystemInit
                0x08001338       0x24 ./Core/Src/system_stm32f4xx.o
                0x08001338                SystemInit
 .text.Reset_Handler
                0x0800135c       0x50 ./Core/Startup/startup_stm32f429zitx.o
                0x0800135c                Reset_Handler
 .text.Default_Handler
                0x080013ac        0x2 ./Core/Startup/startup_stm32f429zitx.o
                0x080013ac                RTC_Alarm_IRQHandler
                0x080013ac                HASH_RNG_IRQHandler
                0x080013ac                EXTI2_IRQHandler
                0x080013ac                TIM8_CC_IRQHandler
                0x080013ac                UART8_IRQHandler
                0x080013ac                SPI4_IRQHandler
                0x080013ac                TIM1_CC_IRQHandler
                0x080013ac                DMA2_Stream5_IRQHandler
                0x080013ac                DMA1_Stream5_IRQHandler
                0x080013ac                PVD_IRQHandler
                0x080013ac                SDIO_IRQHandler
                0x080013ac                TAMP_STAMP_IRQHandler
                0x080013ac                CAN2_RX1_IRQHandler
                0x080013ac                EXTI3_IRQHandler
                0x080013ac                TIM8_TRG_COM_TIM14_IRQHandler
                0x080013ac                TIM1_UP_TIM10_IRQHandler
                0x080013ac                TIM8_UP_TIM13_IRQHandler
                0x080013ac                I2C3_ER_IRQHandler
                0x080013ac                EXTI0_IRQHandler
                0x080013ac                I2C2_EV_IRQHandler
                0x080013ac                DMA1_Stream2_IRQHandler
                0x080013ac                CAN1_RX0_IRQHandler
                0x080013ac                FPU_IRQHandler
                0x080013ac                OTG_HS_WKUP_IRQHandler
                0x080013ac                LTDC_ER_IRQHandler
                0x080013ac                CAN2_SCE_IRQHandler
                0x080013ac                DMA2_Stream2_IRQHandler
                0x080013ac                SPI1_IRQHandler
                0x080013ac                TIM6_DAC_IRQHandler
                0x080013ac                TIM1_BRK_TIM9_IRQHandler
                0x080013ac                DCMI_IRQHandler
                0x080013ac                CAN2_RX0_IRQHandler
                0x080013ac                DMA2_Stream3_IRQHandler
                0x080013ac                USART6_IRQHandler
                0x080013ac                USART3_IRQHandler
                0x080013ac                CAN1_RX1_IRQHandler
                0x080013ac                UART5_IRQHandler
                0x080013ac                DMA2_Stream0_IRQHandler
                0x080013ac                TIM4_IRQHandler
                0x080013ac                I2C1_EV_IRQHandler
                0x080013ac                DMA1_Stream6_IRQHandler
                0x080013ac                DMA1_Stream1_IRQHandler
                0x080013ac                UART4_IRQHandler
                0x080013ac                TIM3_IRQHandler
                0x080013ac                RCC_IRQHandler
                0x080013ac                TIM8_BRK_TIM12_IRQHandler
                0x080013ac                Default_Handler
                0x080013ac                EXTI15_10_IRQHandler
                0x080013ac                ADC_IRQHandler
                0x080013ac                DMA1_Stream7_IRQHandler
                0x080013ac                SPI5_IRQHandler
                0x080013ac                TIM7_IRQHandler
                0x080013ac                CAN2_TX_IRQHandler
                0x080013ac                TIM5_IRQHandler
                0x080013ac                DMA2_Stream7_IRQHandler
                0x080013ac                I2C3_EV_IRQHandler
                0x080013ac                EXTI9_5_IRQHandler
                0x080013ac                RTC_WKUP_IRQHandler
                0x080013ac                LTDC_IRQHandler
                0x080013ac                ETH_WKUP_IRQHandler
                0x080013ac                SPI2_IRQHandler
                0x080013ac                OTG_HS_EP1_IN_IRQHandler
                0x080013ac                DMA1_Stream0_IRQHandler
                0x080013ac                CAN1_TX_IRQHandler
                0x080013ac                EXTI4_IRQHandler
                0x080013ac                ETH_IRQHandler
                0x080013ac                OTG_HS_EP1_OUT_IRQHandler
                0x080013ac                WWDG_IRQHandler
                0x080013ac                SPI6_IRQHandler
                0x080013ac                TIM2_IRQHandler
                0x080013ac                OTG_FS_WKUP_IRQHandler
                0x080013ac                TIM1_TRG_COM_TIM11_IRQHandler
                0x080013ac                OTG_HS_IRQHandler
                0x080013ac                DMA2D_IRQHandler
                0x080013ac                EXTI1_IRQHandler
                0x080013ac                UART7_IRQHandler
                0x080013ac                USART2_IRQHandler
                0x080013ac                I2C2_ER_IRQHandler
                0x080013ac                DMA2_Stream1_IRQHandler
                0x080013ac                CAN1_SCE_IRQHandler
                0x080013ac                FLASH_IRQHandler
                0x080013ac                DMA2_Stream4_IRQHandler
                0x080013ac                USART1_IRQHandler
                0x080013ac                OTG_FS_IRQHandler
                0x080013ac                SPI3_IRQHandler
                0x080013ac                DMA1_Stream4_IRQHandler
                0x080013ac                I2C1_ER_IRQHandler
                0x080013ac                FMC_IRQHandler
                0x080013ac                DMA2_Stream6_IRQHandler
                0x080013ac                SAI1_IRQHandler
                0x080013ac                DMA1_Stream3_IRQHandler
 *fill*         0x080013ae        0x2 
 .text.HAL_IncTick
                0x080013b0       0x28 ./Drivers/STM32F4xx_HAL_Driver/Src/stm32f4xx_hal.o
                0x080013b0                HAL_IncTick
 .text.sprintf  0x080013d8       0x44 /opt/st/stm32cubeide_1.19.0/plugins/com.st.stm32cube.ide.mcu.externaltools.gnu-tools-for-stm32.13.3.rel1.linux64_1.0.0.202410170706/tools/bin/../lib/gcc/arm-none-eabi/13.3.1/../../../../arm-none-eabi/lib/thumb/v7e-m+fp/hard/libc_nano.a(libc_a-sprintf.o)
                0x080013d8                sprintf
                0x080013d8                siprintf
 .text.__errno  0x0800141c        0xc /opt/st/stm32cubeide_1.19.0/plugins/com.st.stm32cube.ide.mcu.externaltools.gnu-tools-for-stm32.13.3.rel1.linux64_1.0.0.202410170706/tools/bin/../lib/gcc/arm-none-eabi/13.3.1/../../../../arm-none-eabi/lib/thumb/v7e-m+fp/hard/libc_nano.a(libc_a-errno.o)
                0x0800141c                __errno
 .text.__libc_init_array
                0x08001428       0x48 /opt/st/stm32cubeide_1.19.0/plugins/com.st.stm32cube.ide.mcu.externaltools.gnu-tools-for-stm32.13.3.rel1.linux64_1.0.0.202410170706/tools/bin/../lib/gcc/arm-none-eabi/13.3.1/../../../../arm-none-eabi/lib/thumb/v7e-m+fp/hard/libc_nano.a(libc_a-init.o)
                0x08001428                __libc_init_array
 .text.__retarget_lock_acquire_recursive
                0x08001470        0x2 /opt/st/stm32cubeide_1.19.0/plugins/com.st.stm32cube.ide.mcu.externaltools.gnu-tools-for-stm32.13.3.rel1.linux64_1.0.0.202410170706/tools/bin/../lib/gcc/arm-none-eabi/13.3.1/../../../../arm-none-eabi/lib/thumb/v7e-m+fp/hard/libc_nano.a(libc_a-lock.o)
                0x08001470                __retarget_lock_acquire_recursive
 .text.__retarget_lock_release_recursive
                0x08001472        0x2 /opt/st/stm32cubeide_1.19.0/plugins/com.st.stm32cube.ide.mcu.externaltools.gnu-tools-for-stm32.13.3.rel1.linux64_1.0.0.202410170706/tools/bin/../lib/gcc/arm-none-eabi/13.3.1/../../../../arm-none-eabi/lib/thumb/v7e-m+fp/hard/libc_nano.a(libc_a-lock.o)
                0x08001472                __retarget_lock_release_recursive
 .text._free_r  0x08001474       0x94 /opt/st/stm32cubeide_1.19.0/plugins/com.st.stm32cube.ide.mcu.externaltools.gnu-tools-for-stm32.13.3.rel1.linux64_1.0.0.202410170706/tools/bin/../lib/gcc/arm-none-eabi/13.3.1/../../../../arm-none-eabi/lib/thumb/v7e-m+fp/hard/libc_nano.a(libc_a-freer.o)
                0x08001474                _free_r
 .text.sbrk_aligned
                0x08001508       0x44 /opt/st/stm32cubeide_1.19.0/plugins/com.st.stm32cube.ide.mcu.externaltools.gnu-tools-for-stm32.13.3.rel1.linux64_1.0.0.202410170706/tools/bin/../lib/gcc/arm-none-eabi/13.3.1/../../../../arm-none-eabi/lib/thumb/v7e-m+fp/hard/libc_nano.a(libc_a-mallocr.o)
 .text._malloc_r
                0x0800154c      0x100 /opt/st/stm32cubeide_1.19.0/plugins/com.st.stm32cube.ide.mcu.externaltools.gnu-tools-for-stm32.13.3.rel1.linux64_1.0.0.202410170706/tools/bin/../lib/gcc/arm-none-eabi/13.3.1/../../../../arm-none-eabi/lib/thumb/v7e-m+fp/hard/libc_nano.a(libc_a-mallocr.o)
                0x0800154c                _malloc_r
 .text.__malloc_lock
                0x0800164c        0xc /opt/st/stm32cubeide_1.19.0/plugins/com.st.stm32cube.ide.mcu.externaltools.gnu-tools-for-stm32.13.3.rel1.linux64_1.0.0.202410170706/tools/bin/../lib/gcc/arm-none-eabi/13.3.1/../../../../arm-none-eabi/lib/thumb/v7e-m+fp/hard/libc_nano.a(libc_a-mlock.o)
                0x0800164c                __malloc_lock
 .text.__malloc_unlock
                0x08001658        0xc /opt/st/stm32cubeide_1.19.0/plugins/com.st.stm32cube.ide.mcu.externaltools.gnu-tools-for-stm32.13.3.rel1.linux64_1.0.0.202410170706/tools/bin/../lib/gcc/arm-none-eabi/13.3.1/../../../../arm-none-eabi/lib/thumb/v7e-m+fp/hard/libc_nano.a(libc_a-mlock.o)
                0x08001658                __malloc_unlock
 .text.__ssputs_r
                0x08001664       0xb6 /opt/st/stm32cubeide_1.19.0/plugins/com.st.stm32cube.ide.mcu.externaltools.gnu-tools-for-stm32.13.3.rel1.linux64_1.0.0.202410170706/tools/bin/../lib/gcc/arm-none-eabi/13.3.1/../../../../arm-none-eabi/lib/thumb/v7e-m+fp/hard/libc_nano.a(libc_a-nano-svfprintf.o)
                0x08001664                __ssputs_r
 *fill*         0x0800171a        0x2 
 .text._svfprintf_r
                0x0800171c      0x1f8 /opt/st/stm32cubeide_1.19.0/plugins/com.st.stm32cube.ide.mcu.externaltools.gnu-tools-for-stm32.13.3.rel1.linux64_1.0.0.202410170706/tools/bin/../lib/gcc/arm-none-eabi/13.3.1/../../../../arm-none-eabi/lib/thumb/v7e-m+fp/hard/libc_nano.a(libc_a-nano-svfprintf.o)
                0x0800171c                _svfprintf_r
                0x0800171c                _svfiprintf_r
 .text._printf_common
                0x08001914       0xda /opt/st/stm32cubeide_1.19.0/plugins/com.st.stm32cube.ide.mcu.externaltools.gnu-tools-for-stm32.13.3.rel1.linux64_1.0.0.202410170706/tools/bin/../lib/gcc/arm-none-eabi/13.3.1/../../../../arm-none-eabi/lib/thumb/v7e-m+fp/hard/libc_nano.a(libc_a-nano-vfprintf_i.o)
                0x08001914                _printf_common
 *fill*         0x080019ee        0x2 
 .text._printf_i
                0x080019f0      0x23c /opt/st/stm32cubeide_1.19.0/plugins/com.st.stm32cube.ide.mcu.externaltools.gnu-tools-for-stm32.13.3.rel1.linux64_1.0.0.202410170706/tools/bin/../lib/gcc/arm-none-eabi/13.3.1/../../../../arm-none-eabi/lib/thumb/v7e-m+fp/hard/libc_nano.a(libc_a-nano-vfprintf_i.o)
                0x080019f0                _printf_i
 .text.memmove  0x08001c2c       0x34 /opt/st/stm32cubeide_1.19.0/plugins/com.st.stm32cube.ide.mcu.externaltools.gnu-tools-for-stm32.13.3.rel1.linux64_1.0.0.202410170706/tools/bin/../lib/gcc/arm-none-eabi/13.3.1/../../../../arm-none-eabi/lib/thumb/v7e-m+fp/hard/libc_nano.a(libc_a-memmove.o)
                0x08001c2c                memmove
 .text._sbrk_r  0x08001c60       0x20 /opt/st/stm32cubeide_1.19.0/plugins/com.st.stm32cube.ide.mcu.externaltools.gnu-tools-for-stm32.13.3.rel1.linux64_1.0.0.202410170706/tools/bin/../lib/gcc/arm-none-eabi/13.3.1/../../../../arm-none-eabi/lib/thumb/v7e-m+fp/hard/libc_nano.a(libc_a-sbrkr.o)
                0x08001c60                _sbrk_r
 .text.memcpy   0x08001c80       0x1c /opt/st/stm32cubeide_1.19.0/plugins/com.st.stm32cube.ide.mcu.externaltools.gnu-tools-for-stm32.13.3.rel1.linux64_1.0.0.202410170706/tools/bin/../lib/gcc/arm-none-eabi/13.3.1/../../../../arm-none-eabi/lib/thumb/v7e-m+fp/hard/libc_nano.a(libc_a-memcpy-stub.o)
                0x08001c80                memcpy
 .text._realloc_r
                0x08001c9c       0x5c /opt/st/stm32cubeide_1.19.0/plugins/com.st.stm32cube.ide.mcu.externaltools.gnu-tools-for-stm32.13.3.rel1.linux64_1.0.0.202410170706/tools/bin/../lib/gcc/arm-none-eabi/13.3.1/../../../../arm-none-eabi/lib/thumb/v7e-m+fp/hard/libc_nano.a(libc_a-reallocr.o)
                0x08001c9c                _realloc_r
 .text._malloc_usable_size_r
                0x08001cf8       0x10 /opt/st/stm32cubeide_1.19.0/plugins/com.st.stm32cube.ide.mcu.externaltools.gnu-tools-for-stm32.13.3.rel1.linux64_1.0.0.202410170706/tools/bin/../lib/gcc/arm-none-eabi/13.3.1/../../../../arm-none-eabi/lib/thumb/v7e-m+fp/hard/libc_nano.a(libc_a-msizer.o)
                0x08001cf8                _malloc_usable_size_r
 *(.glue_7)
 .glue_7        0x08001d08        0x0 linker stubs
 *(.glue_7t)
 .glue_7t       0x08001d08        0x0 linker stubs
 *(.eh_frame)
 .eh_frame      0x08001d08        0x0 /opt/st/stm32cubeide_1.19.0/plugins/com.st.stm32cube.ide.mcu.externaltools.gnu-tools-for-stm32.13.3.rel1.linux64_1.0.0.202410170706/tools/bin/../lib/gcc/arm-none-eabi/13.3.1/thumb/v7e-m+fp/hard/crtbegin.o
 *(.init)
 .init          0x08001d08        0x4 /opt/st/stm32cubeide_1.19.0/plugins/com.st.stm32cube.ide.mcu.externaltools.gnu-tools-for-stm32.13.3.rel1.linux64_1.0.0.202410170706/tools/bin/../lib/gcc/arm-none-eabi/13.3.1/thumb/v7e-m+fp/hard/crti.o
                0x08001d08                _init
 .init          0x08001d0c        0x8 /opt/st/stm32cubeide_1.19.0/plugins/com.st.stm32cube.ide.mcu.externaltools.gnu-tools-for-stm32.13.3.rel1.linux64_1.0.0.202410170706/tools/bin/../lib/gcc/arm-none-eabi/13.3.1/thumb/v7e-m+fp/hard/crtn.o
 *(.fini)
 .fini          0x08001d14        0x4 /opt/st/stm32cubeide_1.19.0/plugins/com.st.stm32cube.ide.mcu.externaltools.gnu-tools-for-stm32.13.3.rel1.linux64_1.0.0.202410170706/tools/bin/../lib/gcc/arm-none-eabi/13.3.1/thumb/v7e-m+fp/hard/crti.o
                0x08001d14                _fini
 .fini          0x08001d18        0x8 /opt/st/stm32cubeide_1.19.0/plugins/com.st.stm32cube.ide.mcu.externaltools.gnu-tools-for-stm32.13.3.rel1.linux64_1.0.0.202410170706/tools/bin/../lib/gcc/arm-none-eabi/13.3.1/thumb/v7e-m+fp/hard/crtn.o
                0x08001d20                        . = ALIGN (0x4)
                0x08001d20                        _etext = .

.vfp11_veneer   0x08001d20        0x0
 .vfp11_veneer  0x08001d20        0x0 linker stubs

.v4_bx          0x08001d20        0x0
 .v4_bx         0x08001d20        0x0 linker stubs

.iplt           0x08001d20        0x0
 .iplt          0x08001d20        0x0 /opt/st/stm32cubeide_1.19.0/plugins/com.st.stm32cube.ide.mcu.externaltools.gnu-tools-for-stm32.13.3.rel1.linux64_1.0.0.202410170706/tools/bin/../lib/gcc/arm-none-eabi/13.3.1/thumb/v7e-m+fp/hard/crtbegin.o

.rodata         0x08001d20     0x1558
                0x08001d20                        . = ALIGN (0x4)
 *(.rodata)
 .rodata        0x08001d20       0x24 ./Core/Src/main.o
 *(.rodata*)
 .rodata.Font_16x24_h
                0x08001d44     0x1500 ./Core/Src/GLCD_SPI_STM32F429I.o
                0x08001d44                Font_16x24_h
 .rodata._svfprintf_r.str1.1
                0x08003244       0x33 /opt/st/stm32cubeide_1.19.0/plugins/com.st.stm32cube.ide.mcu.externaltools.gnu-tools-for-stm32.13.3.rel1.linux64_1.0.0.202410170706/tools/bin/../lib/gcc/arm-none-eabi/13.3.1/../../../../arm-none-eabi/lib/thumb/v7e-m+fp/hard/libc_nano.a(libc_a-nano-svfprintf.o)
                                 0x11 (size before relaxing)
 .rodata._printf_i.str1.1
                0x08003277       0x22 /opt/st/stm32cubeide_1.19.0/plugins/com.st.stm32cube.ide.mcu.externaltools.gnu-tools-for-stm32.13.3.rel1.linux64_1.0.0.202410170706/tools/bin/../lib/gcc/arm-none-eabi/13.3.1/../../../../arm-none-eabi/lib/thumb/v7e-m+fp/hard/libc_nano.a(libc_a-nano-vfprintf_i.o)
                0x0800329c                        . = ALIGN (0x4)
 *fill*         0x08003277        0x1 

.ARM.extab      0x08003278        0x0
                0x08003278                        . = ALIGN (0x4)
 *(.ARM.extab* .gnu.linkonce.armextab.*)
                0x08003278                        . = ALIGN (0x4)

.ARM            0x08003278        0x8
                0x08003278                        . = ALIGN (0x4)
                0x08003278                        __exidx_start = .
 *(.ARM.exidx*)
 .ARM.exidx     0x08003278        0x8 /opt/st/stm32cubeide_1.19.0/plugins/com.st.stm32cube.ide.mcu.externaltools.gnu-tools-for-stm32.13.3.rel1.linux64_1.0.0.202410170706/tools/bin/../lib/gcc/arm-none-eabi/13.3.1/../../../../arm-none-eabi/lib/thumb/v7e-m+fp/hard/libc_nano.a(libc_a-memchr.o)
                0x08003280                        __exidx_end = .
                0x08003280                        . = ALIGN (0x4)

.preinit_array  0x08003280        0x0
                0x08003280                        . = ALIGN (0x4)
                0x08003280                        PROVIDE (__preinit_array_start = .)
 *(.preinit_array*)
                0x08003280                        PROVIDE (__preinit_array_end = .)
                0x08003280                        . = ALIGN (0x4)

.init_array     0x08003280        0x4
                0x08003280                        . = ALIGN (0x4)
                0x08003280                        PROVIDE (__init_array_start = .)
 *(SORT_BY_NAME(.init_array.*))
 *(.init_array*)
 .init_array    0x08003280        0x4 /opt/st/stm32cubeide_1.19.0/plugins/com.st.stm32cube.ide.mcu.externaltools.gnu-tools-for-stm32.13.3.rel1.linux64_1.0.0.202410170706/tools/bin/../lib/gcc/arm-none-eabi/13.3.1/thumb/v7e-m+fp/hard/crtbegin.o
                0x08003284                        PROVIDE (__init_array_end = .)
                0x08003284                        . = ALIGN (0x4)

.fini_array     0x08003284        0x4
                0x08003284                        . = ALIGN (0x4)
                [!provide]                        PROVIDE (__fini_array_start = .)
 *(SORT_BY_NAME(.fini_array.*))
 *(.fini_array*)
 .fini_array    0x08003284        0x4 /opt/st/stm32cubeide_1.19.0/plugins/com.st.stm32cube.ide.mcu.externaltools.gnu-tools-for-stm32.13.3.rel1.linux64_1.0.0.202410170706/tools/bin/../lib/gcc/arm-none-eabi/13.3.1/thumb/v7e-m+fp/hard/crtbegin.o
                [!provide]                        PROVIDE (__fini_array_end = .)
                0x08003288                        . = ALIGN (0x4)
                0x08003288                        _sidata = LOADADDR (.data)

.rel.dyn        0x08003288        0x0
 .rel.iplt      0x08003288        0x0 /opt/st/stm32cubeide_1.19.0/plugins/com.st.stm32cube.ide.mcu.externaltools.gnu-tools-for-stm32.13.3.rel1.linux64_1.0.0.202410170706/tools/bin/../lib/gcc/arm-none-eabi/13.3.1/thumb/v7e-m+fp/hard/crtbegin.o

.data           0x20000000       0x58 load address 0x08003288
                0x20000000                        . = ALIGN (0x4)
                0x20000000                        _sdata = .
 *(.data)
 *(.data*)
 .data.Color    0x20000000        0x4 ./Core/Src/GLCD_SPI_STM32F429I.o
 .data.uwTickFreq
                0x20000004        0x1 ./Drivers/STM32F4xx_HAL_Driver/Src/stm32f4xx_hal.o
                0x20000004                uwTickFreq
 *fill*         0x20000005        0x3 
 .data._impure_ptr
                0x20000008        0x4 /opt/st/stm32cubeide_1.19.0/plugins/com.st.stm32cube.ide.mcu.externaltools.gnu-tools-for-stm32.13.3.rel1.linux64_1.0.0.202410170706/tools/bin/../lib/gcc/arm-none-eabi/13.3.1/../../../../arm-none-eabi/lib/thumb/v7e-m+fp/hard/libc_nano.a(libc_a-impure.o)
                0x20000008                _impure_ptr
 .data._impure_data
                0x2000000c       0x4c /opt/st/stm32cubeide_1.19.0/plugins/com.st.stm32cube.ide.mcu.externaltools.gnu-tools-for-stm32.13.3.rel1.linux64_1.0.0.202410170706/tools/bin/../lib/gcc/arm-none-eabi/13.3.1/../../../../arm-none-eabi/lib/thumb/v7e-m+fp/hard/libc_nano.a(libc_a-impure.o)
                0x2000000c                _impure_data
 *(.RamFunc)
 *(.RamFunc*)
                0x20000058                        . = ALIGN (0x4)
                0x20000058                        _edata = .
                0x080032e0                        _siccmram = LOADADDR (.ccmram)

.igot.plt       0x20000058        0x0 load address 0x080032e0
 .igot.plt      0x20000058        0x0 /opt/st/stm32cubeide_1.19.0/plugins/com.st.stm32cube.ide.mcu.externaltools.gnu-tools-for-stm32.13.3.rel1.linux64_1.0.0.202410170706/tools/bin/../lib/gcc/arm-none-eabi/13.3.1/thumb/v7e-m+fp/hard/crtbegin.o

.ccmram         0x10000000        0x0 load address 0x080032e0
                0x10000000                        . = ALIGN (0x4)
                0x10000000                        _sccmram = .
 *(.ccmram)
 *(.ccmram*)
                0x10000000                        . = ALIGN (0x4)
                0x10000000                        _eccmram = .
                0x10000000                        . = ALIGN (0x4)

.bss            0x20000058      0x194
                0x20000058                        _sbss = .
                0x20000058                        __bss_start__ = _sbss
 *(.bss)
 .bss           0x20000058       0x1c /opt/st/stm32cubeide_1.19.0/plugins/com.st.stm32cube.ide.mcu.externaltools.gnu-tools-for-stm32.13.3.rel1.linux64_1.0.0.202410170706/tools/bin/../lib/gcc/arm-none-eabi/13.3.1/thumb/v7e-m+fp/hard/crtbegin.o
 *(.bss*)
 .bss.i         0x20000074        0x4 ./Core/Src/main.o
                0x20000074                i
 .bss.buff      0x20000078       0x10 ./Core/Src/main.o
                0x20000078                buff
 .bss.str       0x20000088       0x14 ./Core/Src/main.o
                0x20000088                str
 .bss.__sbrk_heap_end
                0x2000009c        0x4 ./Core/Src/sysmem.o
 .bss.uwTick    0x200000a0        0x4 ./Drivers/STM32F4xx_HAL_Driver/Src/stm32f4xx_hal.o
                0x200000a0                uwTick
 .bss.__sf      0x200000a4      0x138 /opt/st/stm32cubeide_1.19.0/plugins/com.st.stm32cube.ide.mcu.externaltools.gnu-tools-for-stm32.13.3.rel1.linux64_1.0.0.202410170706/tools/bin/../lib/gcc/arm-none-eabi/13.3.1/../../../../arm-none-eabi/lib/thumb/v7e-m+fp/hard/libc_nano.a(libc_a-findfp.o)
                0x200000a4                __sf
 .bss.errno     0x200001dc        0x4 /opt/st/stm32cubeide_1.19.0/plugins/com.st.stm32cube.ide.mcu.externaltools.gnu-tools-for-stm32.13.3.rel1.linux64_1.0.0.202410170706/tools/bin/../lib/gcc/arm-none-eabi/13.3.1/../../../../arm-none-eabi/lib/thumb/v7e-m+fp/hard/libc_nano.a(libc_a-reent.o)
                0x200001dc                errno
 .bss.__lock___malloc_recursive_mutex
                0x200001e0        0x1 /opt/st/stm32cubeide_1.19.0/plugins/com.st.stm32cube.ide.mcu.externaltools.gnu-tools-for-stm32.13.3.rel1.linux64_1.0.0.202410170706/tools/bin/../lib/gcc/arm-none-eabi/13.3.1/../../../../arm-none-eabi/lib/thumb/v7e-m+fp/hard/libc_nano.a(libc_a-lock.o)
                0x200001e0                __lock___malloc_recursive_mutex
 *fill*         0x200001e1        0x3 
 .bss.__malloc_sbrk_start
                0x200001e4        0x4 /opt/st/stm32cubeide_1.19.0/plugins/com.st.stm32cube.ide.mcu.externaltools.gnu-tools-for-stm32.13.3.rel1.linux64_1.0.0.202410170706/tools/bin/../lib/gcc/arm-none-eabi/13.3.1/../../../../arm-none-eabi/lib/thumb/v7e-m+fp/hard/libc_nano.a(libc_a-mallocr.o)
                0x200001e4                __malloc_sbrk_start
 .bss.__malloc_free_list
                0x200001e8        0x4 /opt/st/stm32cubeide_1.19.0/plugins/com.st.stm32cube.ide.mcu.externaltools.gnu-tools-for-stm32.13.3.rel1.linux64_1.0.0.202410170706/tools/bin/../lib/gcc/arm-none-eabi/13.3.1/../../../../arm-none-eabi/lib/thumb/v7e-m+fp/hard/libc_nano.a(libc_a-mallocr.o)
                0x200001e8                __malloc_free_list
 *(COMMON)
                0x200001ec                        . = ALIGN (0x4)
                0x200001ec                        _ebss = .
                0x200001ec                        __bss_end__ = _ebss

._user_heap_stack
                0x200001ec      0x604
                0x200001f0                        . = ALIGN (0x8)
 *fill*         0x200001ec        0x4 
                [!provide]                        PROVIDE (end = .)
                0x200001f0                        PROVIDE (_end = .)
                0x200003f0                        . = (. + _Min_Heap_Size)
 *fill*         0x200001f0      0x200 
                0x200007f0                        . = (. + _Min_Stack_Size)
 *fill*         0x200003f0      0x400 
                0x200007f0                        . = ALIGN (0x8)

/DISCARD/
 libc.a(*)
 libm.a(*)
 libgcc.a(*)

.ARM.attributes
                0x00000000       0x30
 *(.ARM.attributes)
 .ARM.attributes
                0x00000000       0x22 /opt/st/stm32cubeide_1.19.0/plugins/com.st.stm32cube.ide.mcu.externaltools.gnu-tools-for-stm32.13.3.rel1.linux64_1.0.0.202410170706/tools/bin/../lib/gcc/arm-none-eabi/13.3.1/thumb/v7e-m+fp/hard/crti.o
 .ARM.attributes
                0x00000022       0x34 /opt/st/stm32cubeide_1.19.0/plugins/com.st.stm32cube.ide.mcu.externaltools.gnu-tools-for-stm32.13.3.rel1.linux64_1.0.0.202410170706/tools/bin/../lib/gcc/arm-none-eabi/13.3.1/thumb/v7e-m+fp/hard/crtbegin.o
 .ARM.attributes
                0x00000056       0x34 ./Core/Src/GLCD_SPI_STM32F429I.o
 .ARM.attributes
                0x0000008a       0x34 ./Core/Src/main.o
 .ARM.attributes
                0x000000be       0x34 ./Core/Src/stm32f4xx_it.o
 .ARM.attributes
                0x000000f2       0x34 ./Core/Src/sysmem.o
 .ARM.attributes
                0x00000126       0x34 ./Core/Src/system_stm32f4xx.o
 .ARM.attributes
                0x0000015a       0x21 ./Core/Startup/startup_stm32f429zitx.o
 .ARM.attributes
                0x0000017b       0x34 ./Drivers/STM32F4xx_HAL_Driver/Src/stm32f4xx_hal.o
 .ARM.attributes
                0x000001af       0x34 /opt/st/stm32cubeide_1.19.0/plugins/com.st.stm32cube.ide.mcu.externaltools.gnu-tools-for-stm32.13.3.rel1.linux64_1.0.0.202410170706/tools/bin/../lib/gcc/arm-none-eabi/13.3.1/../../../../arm-none-eabi/lib/thumb/v7e-m+fp/hard/libc_nano.a(libc_a-findfp.o)
 .ARM.attributes
                0x000001e3       0x34 /opt/st/stm32cubeide_1.19.0/plugins/com.st.stm32cube.ide.mcu.externaltools.gnu-tools-for-stm32.13.3.rel1.linux64_1.0.0.202410170706/tools/bin/../lib/gcc/arm-none-eabi/13.3.1/../../../../arm-none-eabi/lib/thumb/v7e-m+fp/hard/libc_nano.a(libc_a-sprintf.o)
 .ARM.attributes
                0x00000217       0x34 /opt/st/stm32cubeide_1.19.0/plugins/com.st.stm32cube.ide.mcu.externaltools.gnu-tools-for-stm32.13.3.rel1.linux64_1.0.0.202410170706/tools/bin/../lib/gcc/arm-none-eabi/13.3.1/../../../../arm-none-eabi/lib/thumb/v7e-m+fp/hard/libc_nano.a(libc_a-reent.o)
 .ARM.attributes
                0x0000024b       0x34 /opt/st/stm32cubeide_1.19.0/plugins/com.st.stm32cube.ide.mcu.externaltools.gnu-tools-for-stm32.13.3.rel1.linux64_1.0.0.202410170706/tools/bin/../lib/gcc/arm-none-eabi/13.3.1/../../../../arm-none-eabi/lib/thumb/v7e-m+fp/hard/libc_nano.a(libc_a-impure.o)
 .ARM.attributes
                0x0000027f       0x34 /opt/st/stm32cubeide_1.19.0/plugins/com.st.stm32cube.ide.mcu.externaltools.gnu-tools-for-stm32.13.3.rel1.linux64_1.0.0.202410170706/tools/bin/../lib/gcc/arm-none-eabi/13.3.1/../../../../arm-none-eabi/lib/thumb/v7e-m+fp/hard/libc_nano.a(libc_a-errno.o)
 .ARM.attributes
                0x000002b3       0x34 /opt/st/stm32cubeide_1.19.0/plugins/com.st.stm32cube.ide.mcu.externaltools.gnu-tools-for-stm32.13.3.rel1.linux64_1.0.0.202410170706/tools/bin/../lib/gcc/arm-none-eabi/13.3.1/../../../../arm-none-eabi/lib/thumb/v7e-m+fp/hard/libc_nano.a(libc_a-init.o)
 .ARM.attributes
                0x000002e7       0x34 /opt/st/stm32cubeide_1.19.0/plugins/com.st.stm32cube.ide.mcu.externaltools.gnu-tools-for-stm32.13.3.rel1.linux64_1.0.0.202410170706/tools/bin/../lib/gcc/arm-none-eabi/13.3.1/../../../../arm-none-eabi/lib/thumb/v7e-m+fp/hard/libc_nano.a(libc_a-lock.o)
 .ARM.attributes
                0x0000031b       0x34 /opt/st/stm32cubeide_1.19.0/plugins/com.st.stm32cube.ide.mcu.externaltools.gnu-tools-for-stm32.13.3.rel1.linux64_1.0.0.202410170706/tools/bin/../lib/gcc/arm-none-eabi/13.3.1/../../../../arm-none-eabi/lib/thumb/v7e-m+fp/hard/libc_nano.a(libc_a-freer.o)
 .ARM.attributes
                0x0000034f       0x34 /opt/st/stm32cubeide_1.19.0/plugins/com.st.stm32cube.ide.mcu.externaltools.gnu-tools-for-stm32.13.3.rel1.linux64_1.0.0.202410170706/tools/bin/../lib/gcc/arm-none-eabi/13.3.1/../../../../arm-none-eabi/lib/thumb/v7e-m+fp/hard/libc_nano.a(libc_a-mallocr.o)
 .ARM.attributes
                0x00000383       0x34 /opt/st/stm32cubeide_1.19.0/plugins/com.st.stm32cube.ide.mcu.externaltools.gnu-tools-for-stm32.13.3.rel1.linux64_1.0.0.202410170706/tools/bin/../lib/gcc/arm-none-eabi/13.3.1/../../../../arm-none-eabi/lib/thumb/v7e-m+fp/hard/libc_nano.a(libc_a-mlock.o)
 .ARM.attributes
                0x000003b7       0x34 /opt/st/stm32cubeide_1.19.0/plugins/com.st.stm32cube.ide.mcu.externaltools.gnu-tools-for-stm32.13.3.rel1.linux64_1.0.0.202410170706/tools/bin/../lib/gcc/arm-none-eabi/13.3.1/../../../../arm-none-eabi/lib/thumb/v7e-m+fp/hard/libc_nano.a(libc_a-nano-svfprintf.o)
 .ARM.attributes
                0x000003eb       0x34 /opt/st/stm32cubeide_1.19.0/plugins/com.st.stm32cube.ide.mcu.externaltools.gnu-tools-for-stm32.13.3.rel1.linux64_1.0.0.202410170706/tools/bin/../lib/gcc/arm-none-eabi/13.3.1/../../../../arm-none-eabi/lib/thumb/v7e-m+fp/hard/libc_nano.a(libc_a-nano-vfprintf_i.o)
 .ARM.attributes
                0x0000041f       0x34 /opt/st/stm32cubeide_1.19.0/plugins/com.st.stm32cube.ide.mcu.externaltools.gnu-tools-for-stm32.13.3.rel1.linux64_1.0.0.202410170706/tools/bin/../lib/gcc/arm-none-eabi/13.3.1/../../../../arm-none-eabi/lib/thumb/v7e-m+fp/hard/libc_nano.a(libc_a-memmove.o)
 .ARM.attributes
                0x00000453       0x34 /opt/st/stm32cubeide_1.19.0/plugins/com.st.stm32cube.ide.mcu.externaltools.gnu-tools-for-stm32.13.3.rel1.linux64_1.0.0.202410170706/tools/bin/../lib/gcc/arm-none-eabi/13.3.1/../../../../arm-none-eabi/lib/thumb/v7e-m+fp/hard/libc_nano.a(libc_a-sbrkr.o)
 .ARM.attributes
                0x00000487       0x1c /opt/st/stm32cubeide_1.19.0/plugins/com.st.stm32cube.ide.mcu.externaltools.gnu-tools-for-stm32.13.3.rel1.linux64_1.0.0.202410170706/tools/bin/../lib/gcc/arm-none-eabi/13.3.1/../../../../arm-none-eabi/lib/thumb/v7e-m+fp/hard/libc_nano.a(libc_a-memchr.o)
 .ARM.attributes
                0x000004a3       0x34 /opt/st/stm32cubeide_1.19.0/plugins/com.st.stm32cube.ide.mcu.externaltools.gnu-tools-for-stm32.13.3.rel1.linux64_1.0.0.202410170706/tools/bin/../lib/gcc/arm-none-eabi/13.3.1/../../../../arm-none-eabi/lib/thumb/v7e-m+fp/hard/libc_nano.a(libc_a-memcpy-stub.o)
 .ARM.attributes
                0x000004d7       0x34 /opt/st/stm32cubeide_1.19.0/plugins/com.st.stm32cube.ide.mcu.externaltools.gnu-tools-for-stm32.13.3.rel1.linux64_1.0.0.202410170706/tools/bin/../lib/gcc/arm-none-eabi/13.3.1/../../../../arm-none-eabi/lib/thumb/v7e-m+fp/hard/libc_nano.a(libc_a-reallocr.o)
 .ARM.attributes
                0x0000050b       0x34 /opt/st/stm32cubeide_1.19.0/plugins/com.st.stm32cube.ide.mcu.externaltools.gnu-tools-for-stm32.13.3.rel1.linux64_1.0.0.202410170706/tools/bin/../lib/gcc/arm-none-eabi/13.3.1/../../../../arm-none-eabi/lib/thumb/v7e-m+fp/hard/libc_nano.a(libc_a-msizer.o)
 .ARM.attributes
                0x0000053f       0x22 /opt/st/stm32cubeide_1.19.0/plugins/com.st.stm32cube.ide.mcu.externaltools.gnu-tools-for-stm32.13.3.rel1.linux64_1.0.0.202410170706/tools/bin/../lib/gcc/arm-none-eabi/13.3.1/thumb/v7e-m+fp/hard/libgcc.a(_arm_addsubdf3.o)
 .ARM.attributes
                0x00000561       0x22 /opt/st/stm32cubeide_1.19.0/plugins/com.st.stm32cube.ide.mcu.externaltools.gnu-tools-for-stm32.13.3.rel1.linux64_1.0.0.202410170706/tools/bin/../lib/gcc/arm-none-eabi/13.3.1/thumb/v7e-m+fp/hard/crtn.o
OUTPUT(04.elf elf32-littlearm)
LOAD linker stubs
LOAD /opt/st/stm32cubeide_1.19.0/plugins/com.st.stm32cube.ide.mcu.externaltools.gnu-tools-for-stm32.13.3.rel1.linux64_1.0.0.202410170706/tools/bin/../lib/gcc/arm-none-eabi/13.3.1/../../../../arm-none-eabi/lib/thumb/v7e-m+fp/hard/libc.a
LOAD /opt/st/stm32cubeide_1.19.0/plugins/com.st.stm32cube.ide.mcu.externaltools.gnu-tools-for-stm32.13.3.rel1.linux64_1.0.0.202410170706/tools/bin/../lib/gcc/arm-none-eabi/13.3.1/../../../../arm-none-eabi/lib/thumb/v7e-m+fp/hard/libm.a
LOAD /opt/st/stm32cubeide_1.19.0/plugins/com.st.stm32cube.ide.mcu.externaltools.gnu-tools-for-stm32.13.3.rel1.linux64_1.0.0.202410170706/tools/bin/../lib/gcc/arm-none-eabi/13.3.1/thumb/v7e-m+fp/hard/libgcc.a

.debug_info     0x00000000     0x2066
 .debug_info    0x00000000      0x8ad ./Core/Src/GLCD_SPI_STM32F429I.o
 .debug_info    0x000008ad      0x627 ./Core/Src/main.o
 .debug_info    0x00000ed4      0x112 ./Core/Src/stm32f4xx_it.o
 .debug_info    0x00000fe6      0x168 ./Core/Src/sysmem.o
 .debug_info    0x0000114e      0x52e ./Core/Src/system_stm32f4xx.o
 .debug_info    0x0000167c       0x30 ./Core/Startup/startup_stm32f429zitx.o
 .debug_info    0x000016ac      0x9ba ./Drivers/STM32F4xx_HAL_Driver/Src/stm32f4xx_hal.o

.debug_abbrev   0x00000000      0x826
 .debug_abbrev  0x00000000      0x217 ./Core/Src/GLCD_SPI_STM32F429I.o
 .debug_abbrev  0x00000217      0x18e ./Core/Src/main.o
 .debug_abbrev  0x000003a5       0x73 ./Core/Src/stm32f4xx_it.o
 .debug_abbrev  0x00000418       0xbc ./Core/Src/sysmem.o
 .debug_abbrev  0x000004d4      0x11a ./Core/Src/system_stm32f4xx.o
 .debug_abbrev  0x000005ee       0x24 ./Core/Startup/startup_stm32f429zitx.o
 .debug_abbrev  0x00000612      0x214 ./Drivers/STM32F4xx_HAL_Driver/Src/stm32f4xx_hal.o

.debug_aranges  0x00000000      0x2c8
 .debug_aranges
                0x00000000       0xd8 ./Core/Src/GLCD_SPI_STM32F429I.o
 .debug_aranges
                0x000000d8       0x20 ./Core/Src/main.o
 .debug_aranges
                0x000000f8       0x60 ./Core/Src/stm32f4xx_it.o
 .debug_aranges
                0x00000158       0x20 ./Core/Src/sysmem.o
 .debug_aranges
                0x00000178       0x28 ./Core/Src/system_stm32f4xx.o
 .debug_aranges
                0x000001a0       0x28 ./Core/Startup/startup_stm32f429zitx.o
 .debug_aranges
                0x000001c8      0x100 ./Drivers/STM32F4xx_HAL_Driver/Src/stm32f4xx_hal.o

.debug_rnglists
                0x00000000      0x1f9
 .debug_rnglists
                0x00000000       0xa1 ./Core/Src/GLCD_SPI_STM32F429I.o
 .debug_rnglists
                0x000000a1       0x14 ./Core/Src/main.o
 .debug_rnglists
                0x000000b5       0x43 ./Core/Src/stm32f4xx_it.o
 .debug_rnglists
                0x000000f8       0x13 ./Core/Src/sysmem.o
 .debug_rnglists
                0x0000010b       0x1a ./Core/Src/system_stm32f4xx.o
 .debug_rnglists
                0x00000125       0x19 ./Core/Startup/startup_stm32f429zitx.o
 .debug_rnglists
                0x0000013e       0xbb ./Drivers/STM32F4xx_HAL_Driver/Src/stm32f4xx_hal.o

.debug_macro    0x00000000    0x22177
 .debug_macro   0x00000000      0x229 ./Core/Src/GLCD_SPI_STM32F429I.o
 .debug_macro   0x00000229      0xad8 ./Core/Src/GLCD_SPI_STM32F429I.o
 .debug_macro   0x00000d01       0x2e ./Core/Src/GLCD_SPI_STM32F429I.o
 .debug_macro   0x00000d2f       0x28 ./Core/Src/GLCD_SPI_STM32F429I.o
 .debug_macro   0x00000d57       0x22 ./Core/Src/GLCD_SPI_STM32F429I.o
 .debug_macro   0x00000d79       0x8e ./Core/Src/GLCD_SPI_STM32F429I.o
 .debug_macro   0x00000e07       0x51 ./Core/Src/GLCD_SPI_STM32F429I.o
 .debug_macro   0x00000e58      0x103 ./Core/Src/GLCD_SPI_STM32F429I.o
 .debug_macro   0x00000f5b       0x6a ./Core/Src/GLCD_SPI_STM32F429I.o
 .debug_macro   0x00000fc5      0x1df ./Core/Src/GLCD_SPI_STM32F429I.o
 .debug_macro   0x000011a4       0x1c ./Core/Src/GLCD_SPI_STM32F429I.o
 .debug_macro   0x000011c0       0x22 ./Core/Src/GLCD_SPI_STM32F429I.o
 .debug_macro   0x000011e2       0xfb ./Core/Src/GLCD_SPI_STM32F429I.o
 .debug_macro   0x000012dd     0x1011 ./Core/Src/GLCD_SPI_STM32F429I.o
 .debug_macro   0x000022ee      0x11f ./Core/Src/GLCD_SPI_STM32F429I.o
 .debug_macro   0x0000240d    0x17ff1 ./Core/Src/GLCD_SPI_STM32F429I.o
 .debug_macro   0x0001a3fe       0x6d ./Core/Src/GLCD_SPI_STM32F429I.o
 .debug_macro   0x0001a46b      0x28f ./Core/Src/GLCD_SPI_STM32F429I.o
 .debug_macro   0x0001a6fa     0x370a ./Core/Src/GLCD_SPI_STM32F429I.o
 .debug_macro   0x0001de04      0x190 ./Core/Src/GLCD_SPI_STM32F429I.o
 .debug_macro   0x0001df94       0x5c ./Core/Src/GLCD_SPI_STM32F429I.o
 .debug_macro   0x0001dff0      0xcba ./Core/Src/GLCD_SPI_STM32F429I.o
 .debug_macro   0x0001ecaa      0x9e9 ./Core/Src/GLCD_SPI_STM32F429I.o
 .debug_macro   0x0001f693      0x115 ./Core/Src/GLCD_SPI_STM32F429I.o
 .debug_macro   0x0001f7a8      0x156 ./Core/Src/GLCD_SPI_STM32F429I.o
 .debug_macro   0x0001f8fe       0xa5 ./Core/Src/GLCD_SPI_STM32F429I.o
 .debug_macro   0x0001f9a3      0x182 ./Core/Src/GLCD_SPI_STM32F429I.o
 .debug_macro   0x0001fb25      0x287 ./Core/Src/GLCD_SPI_STM32F429I.o
 .debug_macro   0x0001fdac       0x5f ./Core/Src/GLCD_SPI_STM32F429I.o
 .debug_macro   0x0001fe0b      0x236 ./Core/Src/GLCD_SPI_STM32F429I.o
 .debug_macro   0x00020041      0x132 ./Core/Src/GLCD_SPI_STM32F429I.o
 .debug_macro   0x00020173      0x41d ./Core/Src/GLCD_SPI_STM32F429I.o
 .debug_macro   0x00020590       0x2e ./Core/Src/GLCD_SPI_STM32F429I.o
 .debug_macro   0x000205be      0x127 ./Core/Src/GLCD_SPI_STM32F429I.o
 .debug_macro   0x000206e5       0xe2 ./Core/Src/GLCD_SPI_STM32F429I.o
 .debug_macro   0x000207c7       0x89 ./Core/Src/GLCD_SPI_STM32F429I.o
 .debug_macro   0x00020850      0x134 ./Core/Src/GLCD_SPI_STM32F429I.o
 .debug_macro   0x00020984       0x6a ./Core/Src/GLCD_SPI_STM32F429I.o
 .debug_macro   0x000209ee      0x297 ./Core/Src/main.o
 .debug_macro   0x00020c85       0x5b ./Core/Src/main.o
 .debug_macro   0x00020ce0       0x2a ./Core/Src/main.o
 .debug_macro   0x00020d0a       0x94 ./Core/Src/main.o
 .debug_macro   0x00020d9e       0x43 ./Core/Src/main.o
 .debug_macro   0x00020de1       0x34 ./Core/Src/main.o
 .debug_macro   0x00020e15       0x16 ./Core/Src/main.o
 .debug_macro   0x00020e2b       0x57 ./Core/Src/main.o
 .debug_macro   0x00020e82       0x9e ./Core/Src/main.o
 .debug_macro   0x00020f20      0x370 ./Core/Src/main.o
 .debug_macro   0x00021290      0x112 ./Core/Src/main.o
 .debug_macro   0x000213a2       0x10 ./Core/Src/main.o
 .debug_macro   0x000213b2       0x16 ./Core/Src/main.o
 .debug_macro   0x000213c8       0x4a ./Core/Src/main.o
 .debug_macro   0x00021412       0x34 ./Core/Src/main.o
 .debug_macro   0x00021446       0x10 ./Core/Src/main.o
 .debug_macro   0x00021456       0x58 ./Core/Src/main.o
 .debug_macro   0x000214ae       0x8e ./Core/Src/main.o
 .debug_macro   0x0002153c       0x1c ./Core/Src/main.o
 .debug_macro   0x00021558      0x185 ./Core/Src/main.o
 .debug_macro   0x000216dd       0x16 ./Core/Src/main.o
 .debug_macro   0x000216f3       0x16 ./Core/Src/main.o
 .debug_macro   0x00021709      0x146 ./Core/Src/main.o
 .debug_macro   0x0002184f       0x56 ./Core/Src/main.o
 .debug_macro   0x000218a5      0x1c4 ./Core/Src/stm32f4xx_it.o
 .debug_macro   0x00021a69      0x112 ./Core/Src/sysmem.o
 .debug_macro   0x00021b7b      0x23c ./Core/Src/sysmem.o
 .debug_macro   0x00021db7      0x1b0 ./Core/Src/system_stm32f4xx.o
 .debug_macro   0x00021f67      0x210 ./Drivers/STM32F4xx_HAL_Driver/Src/stm32f4xx_hal.o

.debug_line     0x00000000     0x314a
 .debug_line    0x00000000      0xcb6 ./Core/Src/GLCD_SPI_STM32F429I.o
 .debug_line    0x00000cb6      0x84a ./Core/Src/main.o
 .debug_line    0x00001500      0x6f1 ./Core/Src/stm32f4xx_it.o
 .debug_line    0x00001bf1      0x4bd ./Core/Src/sysmem.o
 .debug_line    0x000020ae      0x6b8 ./Core/Src/system_stm32f4xx.o
 .debug_line    0x00002766       0x7a ./Core/Startup/startup_stm32f429zitx.o
 .debug_line    0x000027e0      0x96a ./Drivers/STM32F4xx_HAL_Driver/Src/stm32f4xx_hal.o

.debug_str      0x00000000    0xcecc0
 .debug_str     0x00000000    0xcecc0 ./Core/Src/GLCD_SPI_STM32F429I.o
                              0xca402 (size before relaxing)
 .debug_str     0x000cecc0    0xcd9b1 ./Core/Src/main.o
 .debug_str     0x000cecc0    0xc9f5d ./Core/Src/stm32f4xx_it.o
 .debug_str     0x000cecc0     0x777c ./Core/Src/sysmem.o
 .debug_str     0x000cecc0    0xca09a ./Core/Src/system_stm32f4xx.o
 .debug_str     0x000cecc0       0x7e ./Core/Startup/startup_stm32f429zitx.o
 .debug_str     0x000cecc0    0xcacbd ./Drivers/STM32F4xx_HAL_Driver/Src/stm32f4xx_hal.o

.comment        0x00000000       0x43
 .comment       0x00000000       0x43 ./Core/Src/GLCD_SPI_STM32F429I.o
                                 0x44 (size before relaxing)
 .comment       0x00000043       0x44 ./Core/Src/main.o
 .comment       0x00000043       0x44 ./Core/Src/stm32f4xx_it.o
 .comment       0x00000043       0x44 ./Core/Src/sysmem.o
 .comment       0x00000043       0x44 ./Core/Src/system_stm32f4xx.o
 .comment       0x00000043       0x44 ./Drivers/STM32F4xx_HAL_Driver/Src/stm32f4xx_hal.o

.debug_frame    0x00000000      0xef8
 .debug_frame   0x00000000      0x36c ./Core/Src/GLCD_SPI_STM32F429I.o
 .debug_frame   0x0000036c       0x30 ./Core/Src/main.o
 .debug_frame   0x0000039c      0x104 ./Core/Src/stm32f4xx_it.o
 .debug_frame   0x000004a0       0x34 ./Core/Src/sysmem.o
 .debug_frame   0x000004d4       0x58 ./Core/Src/system_stm32f4xx.o
 .debug_frame   0x0000052c      0x3b4 ./Drivers/STM32F4xx_HAL_Driver/Src/stm32f4xx_hal.o
 .debug_frame   0x000008e0      0x144 /opt/st/stm32cubeide_1.19.0/plugins/com.st.stm32cube.ide.mcu.externaltools.gnu-tools-for-stm32.13.3.rel1.linux64_1.0.0.202410170706/tools/bin/../lib/gcc/arm-none-eabi/13.3.1/../../../../arm-none-eabi/lib/thumb/v7e-m+fp/hard/libc_nano.a(libc_a-findfp.o)
 .debug_frame   0x00000a24       0x74 /opt/st/stm32cubeide_1.19.0/plugins/com.st.stm32cube.ide.mcu.externaltools.gnu-tools-for-stm32.13.3.rel1.linux64_1.0.0.202410170706/tools/bin/../lib/gcc/arm-none-eabi/13.3.1/../../../../arm-none-eabi/lib/thumb/v7e-m+fp/hard/libc_nano.a(libc_a-sprintf.o)
 .debug_frame   0x00000a98       0x38 /opt/st/stm32cubeide_1.19.0/plugins/com.st.stm32cube.ide.mcu.externaltools.gnu-tools-for-stm32.13.3.rel1.linux64_1.0.0.202410170706/tools/bin/../lib/gcc/arm-none-eabi/13.3.1/../../../../arm-none-eabi/lib/thumb/v7e-m+fp/hard/libc_nano.a(libc_a-reent.o)
 .debug_frame   0x00000ad0       0x20 /opt/st/stm32cubeide_1.19.0/plugins/com.st.stm32cube.ide.mcu.externaltools.gnu-tools-for-stm32.13.3.rel1.linux64_1.0.0.202410170706/tools/bin/../lib/gcc/arm-none-eabi/13.3.1/../../../../arm-none-eabi/lib/thumb/v7e-m+fp/hard/libc_nano.a(libc_a-errno.o)
 .debug_frame   0x00000af0       0x2c /opt/st/stm32cubeide_1.19.0/plugins/com.st.stm32cube.ide.mcu.externaltools.gnu-tools-for-stm32.13.3.rel1.linux64_1.0.0.202410170706/tools/bin/../lib/gcc/arm-none-eabi/13.3.1/../../../../arm-none-eabi/lib/thumb/v7e-m+fp/hard/libc_nano.a(libc_a-init.o)
 .debug_frame   0x00000b1c       0xb0 /opt/st/stm32cubeide_1.19.0/plugins/com.st.stm32cube.ide.mcu.externaltools.gnu-tools-for-stm32.13.3.rel1.linux64_1.0.0.202410170706/tools/bin/../lib/gcc/arm-none-eabi/13.3.1/../../../../arm-none-eabi/lib/thumb/v7e-m+fp/hard/libc_nano.a(libc_a-lock.o)
 .debug_frame   0x00000bcc       0x38 /opt/st/stm32cubeide_1.19.0/plugins/com.st.stm32cube.ide.mcu.externaltools.gnu-tools-for-stm32.13.3.rel1.linux64_1.0.0.202410170706/tools/bin/../lib/gcc/arm-none-eabi/13.3.1/../../../../arm-none-eabi/lib/thumb/v7e-m+fp/hard/libc_nano.a(libc_a-freer.o)
 .debug_frame   0x00000c04       0x50 /opt/st/stm32cubeide_1.19.0/plugins/com.st.stm32cube.ide.mcu.externaltools.gnu-tools-for-stm32.13.3.rel1.linux64_1.0.0.202410170706/tools/bin/../lib/gcc/arm-none-eabi/13.3.1/../../../../arm-none-eabi/lib/thumb/v7e-m+fp/hard/libc_nano.a(libc_a-mallocr.o)
 .debug_frame   0x00000c54       0x30 /opt/st/stm32cubeide_1.19.0/plugins/com.st.stm32cube.ide.mcu.externaltools.gnu-tools-for-stm32.13.3.rel1.linux64_1.0.0.202410170706/tools/bin/../lib/gcc/arm-none-eabi/13.3.1/../../../../arm-none-eabi/lib/thumb/v7e-m+fp/hard/libc_nano.a(libc_a-mlock.o)
 .debug_frame   0x00000c84       0x90 /opt/st/stm32cubeide_1.19.0/plugins/com.st.stm32cube.ide.mcu.externaltools.gnu-tools-for-stm32.13.3.rel1.linux64_1.0.0.202410170706/tools/bin/../lib/gcc/arm-none-eabi/13.3.1/../../../../arm-none-eabi/lib/thumb/v7e-m+fp/hard/libc_nano.a(libc_a-nano-svfprintf.o)
 .debug_frame   0x00000d14       0x60 /opt/st/stm32cubeide_1.19.0/plugins/com.st.stm32cube.ide.mcu.externaltools.gnu-tools-for-stm32.13.3.rel1.linux64_1.0.0.202410170706/tools/bin/../lib/gcc/arm-none-eabi/13.3.1/../../../../arm-none-eabi/lib/thumb/v7e-m+fp/hard/libc_nano.a(libc_a-nano-vfprintf_i.o)
 .debug_frame   0x00000d74       0x28 /opt/st/stm32cubeide_1.19.0/plugins/com.st.stm32cube.ide.mcu.externaltools.gnu-tools-for-stm32.13.3.rel1.linux64_1.0.0.202410170706/tools/bin/../lib/gcc/arm-none-eabi/13.3.1/../../../../arm-none-eabi/lib/thumb/v7e-m+fp/hard/libc_nano.a(libc_a-memmove.o)
 .debug_frame   0x00000d9c       0x2c /opt/st/stm32cubeide_1.19.0/plugins/com.st.stm32cube.ide.mcu.externaltools.gnu-tools-for-stm32.13.3.rel1.linux64_1.0.0.202410170706/tools/bin/../lib/gcc/arm-none-eabi/13.3.1/../../../../arm-none-eabi/lib/thumb/v7e-m+fp/hard/libc_nano.a(libc_a-sbrkr.o)
 .debug_frame   0x00000dc8       0x28 /opt/st/stm32cubeide_1.19.0/plugins/com.st.stm32cube.ide.mcu.externaltools.gnu-tools-for-stm32.13.3.rel1.linux64_1.0.0.202410170706/tools/bin/../lib/gcc/arm-none-eabi/13.3.1/../../../../arm-none-eabi/lib/thumb/v7e-m+fp/hard/libc_nano.a(libc_a-memcpy-stub.o)
 .debug_frame   0x00000df0       0x3c /opt/st/stm32cubeide_1.19.0/plugins/com.st.stm32cube.ide.mcu.externaltools.gnu-tools-for-stm32.13.3.rel1.linux64_1.0.0.202410170706/tools/bin/../lib/gcc/arm-none-eabi/13.3.1/../../../../arm-none-eabi/lib/thumb/v7e-m+fp/hard/libc_nano.a(libc_a-reallocr.o)
 .debug_frame   0x00000e2c       0x20 /opt/st/stm32cubeide_1.19.0/plugins/com.st.stm32cube.ide.mcu.externaltools.gnu-tools-for-stm32.13.3.rel1.linux64_1.0.0.202410170706/tools/bin/../lib/gcc/arm-none-eabi/13.3.1/../../../../arm-none-eabi/lib/thumb/v7e-m+fp/hard/libc_nano.a(libc_a-msizer.o)
 .debug_frame   0x00000e4c       0xac /opt/st/stm32cubeide_1.19.0/plugins/com.st.stm32cube.ide.mcu.externaltools.gnu-tools-for-stm32.13.3.rel1.linux64_1.0.0.202410170706/tools/bin/../lib/gcc/arm-none-eabi/13.3.1/thumb/v7e-m+fp/hard/libgcc.a(_arm_addsubdf3.o)

.debug_line_str
                0x00000000       0x62
 .debug_line_str
                0x00000000       0x62 ./Core/Startup/startup_stm32f429zitx.o
