../Core/Src/GLCD_SPI_STM32F429I.c:94:13:delay	16	static,ignoring_inline_asm
../Core/Src/GLCD_SPI_STM32F429I.c:106:31:spi_tran	16	static
../Core/Src/GLCD_SPI_STM32F429I.c:121:22:wr_cmd	16	static
../Core/Src/GLCD_SPI_STM32F429I.c:136:22:wr_dat	16	static
../Core/Src/GLCD_SPI_STM32F429I.c:151:22:wr_dat_start	4	static
../Core/Src/GLCD_SPI_STM32F429I.c:164:22:wr_dat_stop	4	static
../Core/Src/GLCD_SPI_STM32F429I.c:176:22:wr_dat_only	16	static
../Core/Src/GLCD_SPI_STM32F429I.c:209:22:wr_reg	16	static
../Core/Src/GLCD_SPI_STM32F429I.c:237:6:GLCD_Initialize	8	static,ignoring_inline_asm
../Core/Src/GLCD_SPI_STM32F429I.c:634:6:GLCD_SetWindow	24	static
../Core/Src/GLCD_SPI_STM32F429I.c:658:6:GLCD_WindowMax	8	static
../Core/Src/GLCD_SPI_STM32F429I.c:670:6:GLCD_PutPixel	16	static
../Core/Src/GLCD_SPI_STM32F429I.c:686:6:GLCD_SetTextColor	16	static
../Core/Src/GLCD_SPI_STM32F429I.c:698:6:GLCD_SetBackColor	16	static
../Core/Src/GLCD_SPI_STM32F429I.c:710:6:GLCD_Clear	24	static
../Core/Src/GLCD_SPI_STM32F429I.c:733:6:GLCD_DrawChar	40	static
../Core/Src/GLCD_SPI_STM32F429I.c:778:6:GLCD_DisplayChar	32	static
../Core/Src/GLCD_SPI_STM32F429I.c:793:6:GLCD_DisplayString	24	static
../Core/Src/GLCD_SPI_STM32F429I.c:808:6:GLCD_ClearLn	80	static
../Core/Src/GLCD_SPI_STM32F429I.c:829:6:GLCD_Bargraph	32	static
../Core/Src/GLCD_SPI_STM32F429I.c:862:6:GLCD_Bitmap	40	static
../Core/Src/GLCD_SPI_STM32F429I.c:885:6:GLCD_ScrollVertical	16	static
../Core/Src/GLCD_SPI_STM32F429I.c:896:6:GLCD_WrCmd	16	static
../Core/Src/GLCD_SPI_STM32F429I.c:907:6:GLCD_WrReg	16	static
